# hmmsearch :: search profile(s) against a sequence database
# HMMER 3.4 (Aug 2023); http://hmmer.org/
# Copyright (C) 2023 Howard Hughes Medical Institute.
# Freely distributed under the BSD open source license.
# - - - - - - - - - - - - - - - - - - - - - - - - - - - - - - - - - - - -
# query HMM file:                  /data/busco_downloads/lineages/saccharomycetaceae_odb12/hmms/5630at4893.hmm
# target sequence database:        outputs/busco_output/run_saccharomycetaceae_odb12/miniprot_output/translated_proteins/5630at4893.faa
# per-dom hits tabular output:     outputs/busco_output/run_saccharomycetaceae_odb12/hmmer_output/5630at4893.out
# number of worker threads:        1
# - - - - - - - - - - - - - - - - - - - - - - - - - - - - - - - - - - - -

Query:       5630  [M=971]
Scores for complete sequences (score includes all domains):
   --- full sequence ---   --- best 1 domain ---    -#dom-
    E-value  score  bias    E-value  score  bias    exp  N  Sequence                                        Description
    ------- ------ -----    ------- ------ -----   ---- --  --------                                        -----------
    2.4e-15   41.7   0.0    2.9e-15   41.4   0.0    1.0  1  5630at4893_1095631_0:000759|contig_225:92-825|-  <unknown description>


Domain annotation for each sequence (and alignments):
>> 5630at4893_1095631_0:000759|contig_225:92-825|-  <unknown description>
   #    score  bias  c-Evalue  i-Evalue hmmfrom  hmm to    alifrom  ali to    envfrom  env to     acc
 ---   ------ ----- --------- --------- ------- -------    ------- -------    ------- -------    ----
   1 !   41.4   0.0   2.9e-15   2.9e-15     347     552 ..       1     227 [.       1     239 [. 0.74

  Alignments for each domain:
  == domain 1  score: 41.4 bits;  conditional E-value: 2.9e-15
                                             5630 347 sdfNeFvs.kEtGLaas.ytiRdqiaeflsslseenlslilelileklssedwklqE...sl 403
                                                      sdfN+F +   tGL+++ y +Rd+++    sl +++lsli  ++ + +++e w+l     s+
  5630at4893_1095631_0:000759|contig_225:92-825|-   1 SDFNTFGAlIQTGLSSTpYLARDHCQGTWFSLPNPQLSLINPAFQRIIEQETWQLFNlgiST 62 
                                                      69****76369***9755********************999999999999999876533344 PP

                                             5630 404 Lyllqsll...sneeeieeeleellellqslle.seelkelvlsRiilvipklLekfmdelp 461
                                                      ++   s +      e+i++ ++   ++l+++ + +++l el+l+R+il+ip++L+kf+  lp
  5630at4893_1095631_0:000759|contig_225:92-825|-  63 IFYTCSAAgrwITGEHIDIVCRLCNKTLENICSiTRKLPELILARAILTIPRVLDKFIAALP 124
                                                      444443331114567777777777888888876356899*********************** PP

                                             5630 462 dvke.lvkeflsks.lelalss.deliks.slliaftyys...sfaeLes..vl.gktclel 513
                                                      d+k+  +++fl++s  +lal+s ++liks s+l    yy+   s  +L+s  v  ++ + ++
  5630at4893_1095631_0:000759|contig_225:92-825|- 125 DIKSpWTSAFLANSyANLALKSgNSLIKSvSTLDDRIYYVlggSPPKLDSgpVRrQRPVVKT 186
                                                      ***857999**988358999874567765267767777762224557776334314457899 PP

                                             5630 514 qekvlkiieeiseda..eeDtnglllevlnevislnsesee 552
                                                      qek ++ii+    da  eeDtng   + l++v  +n ++ +
  5630at4893_1095631_0:000759|contig_225:92-825|- 187 QEKAIRIIQPEPGDAllEEDTNGAAWKYLSQVDGYNPKEPH 227
                                                      ********999888666***************999977643 PP



Internal pipeline statistics summary:
-------------------------------------
Query model(s):                            1  (971 nodes)
Target sequences:                          1  (240 residues searched)
Passed MSV filter:                         1  (1); expected 0.0 (0.02)
Passed bias filter:                        1  (1); expected 0.0 (0.02)
Passed Vit filter:                         1  (1); expected 0.0 (0.001)
Passed Fwd filter:                         1  (1); expected 0.0 (1e-05)
Initial search space (Z):                  1  [actual number of targets]
Domain search space  (domZ):               1  [number of targets reported over threshold]
# CPU time: 0.01u 0.00s 00:00:00.01 Elapsed: 00:00:00.01
# Mc/sec: 19.27
//
[ok]
