#                                                                                                           --- full sequence --- -------------- this domain -------------   hmm coord   ali coord   env coord
# target name                                       accession   tlen query name           accession   qlen   E-value  score  bias   #  of  c-Evalue  i-Evalue  score  bias  from    to  from    to  from    to  acc description of target
#                               ------------------- ---------- ----- -------------------- ---------- ----- --------- ------ ----- --- --- --------- --------- ------ ----- ----- ----- ----- ----- ----- ----- ---- ---------------------
13354at4893_284811_0:000831|contig_29:12563-13227|- -            216 13354                -            466   3.8e-65  209.3   0.2   1   2     7e-35     7e-35  109.5   0.0    16   145     3   128     1   136 0.93 <unknown description>
13354at4893_284811_0:000831|contig_29:12563-13227|- -            216 13354                -            466   3.8e-65  209.3   0.2   2   2   1.4e-31   1.4e-31   98.6   0.0   173   253   135   215   129   215 0.96 <unknown description>
13354at4893_27294_0:00095e|contig_71:6116-7148|-    -            340 13354                -            466   1.2e-64  207.7   1.5   1   1   2.1e-63   2.1e-63  203.5   1.5     6   358    12   336     8   340 0.81 <unknown description>
13354at4893_1064592_0:000938|contig_71:6119-8940|-  -            325 13354                -            466   2.8e-60  193.3  10.4   1   1     3e-58     3e-58  186.5  10.4     6   358     7   322     3   325 0.79 <unknown description>
13354at4893_436907_0:000528|contig_71:5820-6897|-   -            318 13354                -            466   4.7e-60  192.5  10.6   1   1     2e-58     2e-58  187.1  10.6    81   395     1   297     1   317 0.75 <unknown description>
13354at4893_1071381_0:0006a3|contig_71:6082-6897|-  -            268 13354                -            466   6.5e-59  188.7   5.7   1   1   1.3e-57   1.3e-57  184.4   5.7    81   370     1   265     1   268 0.83 <unknown description>
13354at4893_34358_0:000795|contig_71:6149-6653|-    -            165 13354                -            466   2.7e-51  163.6   1.5   1   1     3e-51     3e-51  163.5   1.5   175   349     1   163     1   165 0.90 <unknown description>
#
# Program:         hmmsearch
# Version:         3.4 (Aug 2023)
# Pipeline mode:   SEARCH
# Query file:      /data/busco_downloads/lineages/saccharomycetaceae_odb12/hmms/13354at4893.hmm
# Target file:     outputs/busco_output/run_saccharomycetaceae_odb12/miniprot_output/translated_proteins/13354at4893.faa
# Option settings: hmmsearch --domtblout outputs/busco_output/run_saccharomycetaceae_odb12/hmmer_output/13354at4893.out --cpu 1 /data/busco_downloads/lineages/saccharomycetaceae_odb12/hmms/13354at4893.hmm outputs/busco_output/run_saccharomycetaceae_odb12/miniprot_output/translated_proteins/13354at4893.faa 
# Current dir:     /data
# Date:            Thu Sep 24 16:31:51 2026
# [ok]
