#                                                                                                             --- full sequence --- -------------- this domain -------------   hmm coord   ali coord   env coord
# target name                                         accession   tlen query name           accession   qlen   E-value  score  bias   #  of  c-Evalue  i-Evalue  score  bias  from    to  from    to  from    to  acc description of target
#                                 ------------------- ---------- ----- -------------------- ---------- ----- --------- ------ ----- --- --- --------- --------- ------ ----- ----- ----- ----- ----- ----- ----- ---- ---------------------
16754at4893_1095631_0:000c88|contig_156:32522-34573|- -            668 16754                -            571   6.8e-22   66.3  31.8   1   4     9e-07     9e-07   16.3   0.0    22   103    52   143    36   147 0.75 <unknown description>
16754at4893_1095631_0:000c88|contig_156:32522-34573|- -            668 16754                -            571   6.8e-22   66.3  31.8   2   4      0.36      0.36   -2.2   0.0   154   173   203   221   194   224 0.81 <unknown description>
16754at4893_1095631_0:000c88|contig_156:32522-34573|- -            668 16754                -            571   6.8e-22   66.3  31.8   3   4   3.7e-06   3.7e-06   14.3   8.3   269   497   316   553   287   559 0.69 <unknown description>
16754at4893_1095631_0:000c88|contig_156:32522-34573|- -            668 16754                -            571   6.8e-22   66.3  31.8   4   4   4.1e-13   4.1e-13   37.3  10.7   495   546   571   620   561   664 0.78 <unknown description>
16754at4893_27291_0:001058|contig_156:32522-33349|-   -            270 16754                -            571   6.9e-20   59.6  12.8   1   3   1.3e-06   1.3e-06   15.8   0.4   410   498    62   155    34   158 0.70 <unknown description>
16754at4893_27291_0:001058|contig_156:32522-33349|-   -            270 16754                -            571   6.9e-20   59.6  12.8   2   3   1.2e-15   1.2e-15   45.6   1.1   499   546   177   222   170   232 0.91 <unknown description>
16754at4893_27291_0:001058|contig_156:32522-33349|-   -            270 16754                -            571   6.9e-20   59.6  12.8   3   3    0.0014    0.0014    5.8   0.3   549   570   244   265   238   266 0.86 <unknown description>
16754at4893_27292_0:00249d|contig_156:32522-33040|-   -            169 16754                -            571   3.3e-19   57.4  10.9   1   3   6.7e-05   6.7e-05   10.1   0.1   448   499     1    55     1    63 0.71 <unknown description>
16754at4893_27292_0:00249d|contig_156:32522-33040|-   -            169 16754                -            571   3.3e-19   57.4  10.9   2   3   5.5e-16   5.5e-16   46.7   1.1   499   546    76   121    69   131 0.91 <unknown description>
16754at4893_27292_0:00249d|contig_156:32522-33040|-   -            169 16754                -            571   3.3e-19   57.4  10.9   3   3   0.00075   0.00075    6.7   0.3   549   570   143   164   137   165 0.86 <unknown description>
16754at4893_226126_0:00107b|contig_156:32522-33702|-  -            386 16754                -            571     2e-18   54.8  14.4   1   4     0.045     0.045    0.8   0.7   292   311    52    71    31    87 0.76 <unknown description>
16754at4893_226126_0:00107b|contig_156:32522-33702|-  -            386 16754                -            571     2e-18   54.8  14.4   2   4   2.4e-06   2.4e-06   14.9   0.3   410   498   178   271   149   274 0.70 <unknown description>
16754at4893_226126_0:00107b|contig_156:32522-33702|-  -            386 16754                -            571     2e-18   54.8  14.4   3   4   1.1e-14   1.1e-14   42.4   0.8   500   545   294   337   288   346 0.92 <unknown description>
16754at4893_226126_0:00107b|contig_156:32522-33702|-  -            386 16754                -            571     2e-18   54.8  14.4   4   4    0.0052    0.0052    3.9   0.0   551   570   362   381   347   382 0.87 <unknown description>
16754at4893_764097_0:000a64|contig_156:32543-33195|-  -            211 16754                -            571     3e-18   54.2  16.7   1   2   2.5e-06   2.5e-06   14.8   0.4   412   497    13   103     2   108 0.72 <unknown description>
16754at4893_764097_0:000a64|contig_156:32543-33195|-  -            211 16754                -            571     3e-18   54.2  16.7   2   2   7.4e-14   7.4e-14   39.7  10.4   495   546   121   170   111   211 0.87 <unknown description>
16754at4893_4950_0:001154|contig_156:32531-32800|-    -             89 16754                -            571   7.1e-17   49.7   8.4   1   2   1.3e-15   1.3e-15   45.5   2.5   501   546     1    44     1    54 0.92 <unknown description>
16754at4893_4950_0:001154|contig_156:32531-32800|-    -             89 16754                -            571   7.1e-17   49.7   8.4   2   2   0.00027   0.00027    8.2   0.3   548   570    65    87    60    88 0.86 <unknown description>
#
# Program:         hmmsearch
# Version:         3.4 (Aug 2023)
# Pipeline mode:   SEARCH
# Query file:      /data/busco_downloads/lineages/saccharomycetaceae_odb12/hmms/16754at4893.hmm
# Target file:     outputs/busco_output/run_saccharomycetaceae_odb12/miniprot_output/translated_proteins/16754at4893.faa
# Option settings: hmmsearch --domtblout outputs/busco_output/run_saccharomycetaceae_odb12/hmmer_output/16754at4893.out --cpu 1 /data/busco_downloads/lineages/saccharomycetaceae_odb12/hmms/16754at4893.hmm outputs/busco_output/run_saccharomycetaceae_odb12/miniprot_output/translated_proteins/16754at4893.faa 
# Current dir:     /data
# Date:            Thu Sep 24 16:31:48 2026
# [ok]
