#                                                                                                             --- full sequence --- -------------- this domain -------------   hmm coord   ali coord   env coord
# target name                                         accession   tlen query name           accession   qlen   E-value  score  bias   #  of  c-Evalue  i-Evalue  score  bias  from    to  from    to  from    to  acc description of target
#                                 ------------------- ---------- ----- -------------------- ---------- ----- --------- ------ ----- --- --- --------- --------- ------ ----- ----- ----- ----- ----- ----- ----- ---- ---------------------
17203at4893_1095631_0:000ea9|contig_217:17569-18837|- -            409 17203                -            317     2e-89  287.7  18.4   1   3   2.1e-73   2.1e-73  235.0   0.0     3   200     3   212     1   226 0.83 <unknown description>
17203at4893_1095631_0:000ea9|contig_217:17569-18837|- -            409 17203                -            317     2e-89  287.7  18.4   2   3   1.2e-17   1.2e-17   51.9   7.9   182   269   218   314   197   372 0.61 <unknown description>
17203at4893_1095631_0:000ea9|contig_217:17569-18837|- -            409 17203                -            317     2e-89  287.7  18.4   3   3     0.012     0.012    2.6   7.6   270   315   355   408   336   409 0.62 <unknown description>
17203at4893_1071378_0:000c6b|contig_217:17912-18708|- -            247 17203                -            317   2.9e-59  188.6   0.2   1   2   4.1e-46   4.1e-46  145.4   0.0    41   183     2   152     1   169 0.83 <unknown description>
17203at4893_1071378_0:000c6b|contig_217:17912-18708|- -            247 17203                -            317   2.9e-59  188.6   0.2   2   2   1.5e-14   1.5e-14   41.7   0.1   198   251   188   246   177   247 0.85 <unknown description>
17203at4893_1071380_0:000648|contig_217:18423-18708|- -             94 17203                -            317     4e-36  112.6   0.0   1   1   4.2e-36   4.2e-36  112.5   0.0    41   130     2    93     1    94 0.92 <unknown description>
17203at4893_764097_0:000b6b|contig_217:17569-18353|-  -            255 17203                -            317   1.9e-25   77.5  22.9   1   3   6.4e-10   6.4e-10   26.5   0.4   148   200     2    58     1    71 0.68 <unknown description>
17203at4893_764097_0:000b6b|contig_217:17569-18353|-  -            255 17203                -            317   1.9e-25   77.5  22.9   2   3   1.6e-18   1.6e-18   54.8   5.6   184   269    66   160    52   202 0.62 <unknown description>
17203at4893_764097_0:000b6b|contig_217:17569-18353|-  -            255 17203                -            317   1.9e-25   77.5  22.9   3   3    0.0075    0.0075    3.3   8.1   270   315   201   254   181   255 0.62 <unknown description>
#
# Program:         hmmsearch
# Version:         3.4 (Aug 2023)
# Pipeline mode:   SEARCH
# Query file:      /data/busco_downloads/lineages/saccharomycetaceae_odb12/hmms/17203at4893.hmm
# Target file:     outputs/busco_output/run_saccharomycetaceae_odb12/miniprot_output/translated_proteins/17203at4893.faa
# Option settings: hmmsearch --domtblout outputs/busco_output/run_saccharomycetaceae_odb12/hmmer_output/17203at4893.out --cpu 1 /data/busco_downloads/lineages/saccharomycetaceae_odb12/hmms/17203at4893.hmm outputs/busco_output/run_saccharomycetaceae_odb12/miniprot_output/translated_proteins/17203at4893.faa 
# Current dir:     /data
# Date:            Thu Sep 24 16:31:53 2026
# [ok]
