#                                                                                                             --- full sequence --- -------------- this domain -------------   hmm coord   ali coord   env coord
# target name                                         accession   tlen query name           accession   qlen   E-value  score  bias   #  of  c-Evalue  i-Evalue  score  bias  from    to  from    to  from    to  acc description of target
#                                 ------------------- ---------- ----- -------------------- ---------- ----- --------- ------ ----- --- --- --------- --------- ------ ----- ----- ----- ----- ----- ----- ----- ---- ---------------------
22795at4893_1095631_0:000d24|contig_120:15939-19470|- -           1155 22795                -           1155  3.3e-146  476.1   0.1   1   2   1.3e-73   1.3e-73  235.8   0.0    88   606    13   563     6   567 0.80 <unknown description>
22795at4893_1095631_0:000d24|contig_120:15939-19470|- -           1155 22795                -           1155  3.3e-146  476.1   0.1   2   2   5.3e-74   5.3e-74  237.0   0.5   721  1140   700  1154   674  1155 0.76 <unknown description>
22795at4893_27292_0:000e03|contig_120:16792-19390|-   -            751 22795                -           1155   8.8e-81  259.5   0.0   1   3   9.5e-69   9.5e-69  219.6   0.0   101   606     1   537     1   541 0.80 <unknown description>
22795at4893_27292_0:000e03|contig_120:16792-19390|-   -            751 22795                -           1155   8.8e-81  259.5   0.0   2   3   4.8e-05   4.8e-05    8.7   0.0   717   780   604   669   582   683 0.82 <unknown description>
22795at4893_27292_0:000e03|contig_120:16792-19390|-   -            751 22795                -           1155   8.8e-81  259.5   0.0   3   3   1.2e-10   1.2e-10   27.3   0.0   824   874   686   737   673   741 0.87 <unknown description>
22795at4893_27292_0:002475|contig_120:16792-18038|-   -            410 22795                -           1155   7.2e-28   84.2   0.0   1   2   1.3e-06   1.3e-06   13.9   0.0   538   606    30    97     4   101 0.82 <unknown description>
22795at4893_27292_0:002475|contig_120:16792-18038|-   -            410 22795                -           1155   7.2e-28   84.2   0.0   2   2   4.4e-23   4.4e-23   68.4   0.0   720   874   233   396   208   402 0.78 <unknown description>
#
# Program:         hmmsearch
# Version:         3.4 (Aug 2023)
# Pipeline mode:   SEARCH
# Query file:      /data/busco_downloads/lineages/saccharomycetaceae_odb12/hmms/22795at4893.hmm
# Target file:     outputs/busco_output/run_saccharomycetaceae_odb12/miniprot_output/translated_proteins/22795at4893.faa
# Option settings: hmmsearch --domtblout outputs/busco_output/run_saccharomycetaceae_odb12/hmmer_output/22795at4893.out --cpu 1 /data/busco_downloads/lineages/saccharomycetaceae_odb12/hmms/22795at4893.hmm outputs/busco_output/run_saccharomycetaceae_odb12/miniprot_output/translated_proteins/22795at4893.faa 
# Current dir:     /data
# Date:            Thu Sep 24 16:31:53 2026
# [ok]
