#                                                                                                           --- full sequence --- -------------- this domain -------------   hmm coord   ali coord   env coord
# target name                                       accession   tlen query name           accession   qlen   E-value  score  bias   #  of  c-Evalue  i-Evalue  score  bias  from    to  from    to  from    to  acc description of target
#                               ------------------- ---------- ----- -------------------- ---------- ----- --------- ------ ----- --- --- --------- --------- ------ ----- ----- ----- ----- ----- ----- ----- ---- ---------------------
23418at4893_559292_0:0000d1|contig_2:10036-12658|+  -            855 23418                -            893  1.9e-130  425.3   0.0   1   2     0.037     0.037    0.8   0.0    39   113     2    85     1    94 0.66 <unknown description>
23418at4893_559292_0:0000d1|contig_2:10036-12658|+  -            855 23418                -            893  1.9e-130  425.3   0.0   2   2  1.5e-129  1.5e-129  422.3   0.0   275   892   250   852   234   853 0.88 <unknown description>
23418at4893_1071380_0:0010f6|contig_2:10860-12658|+ -            588 23418                -            893  1.3e-107  349.8   0.0   1   1  1.5e-107  1.5e-107  349.5   0.0   298   892     1   585     1   586 0.88 <unknown description>
23418at4893_2792677_0:000b1d|contig_2:11320-12495|+ -            384 23418                -            893   2.3e-90  292.7   0.0   1   1   2.6e-90   2.6e-90  292.5   0.0   450   842     1   383     1   383 0.90 <unknown description>
23418at4893_27294_0:001136|contig_2:10816-12071|+   -            410 23418                -            893   7.1e-87  281.1   0.0   1   1   8.1e-87   8.1e-87  280.9   0.0   284   698     2   408     1   410 0.86 <unknown description>
23418at4893_1789683_0:000058|contig_2:11320-12071|+ -            243 23418                -            893   1.8e-66  213.6   0.0   1   1     2e-66     2e-66  213.4   0.0   450   698     1   241     1   243 0.90 <unknown description>
23418at4893_1064592_0:000e10|contig_2:11093-11899|+ -            265 23418                -            893   4.3e-63  202.4   0.0   1   1     5e-63     5e-63  202.2   0.0   365   643     1   264     1   265 0.88 <unknown description>
23418at4893_1071383_0:001270|contig_2:11320-11899|+ -            190 23418                -            893   6.1e-61  195.3   0.1   1   1   6.7e-61   6.7e-61  195.2   0.1   450   643     1   189     1   190 0.91 <unknown description>
#
# Program:         hmmsearch
# Version:         3.4 (Aug 2023)
# Pipeline mode:   SEARCH
# Query file:      /data/busco_downloads/lineages/saccharomycetaceae_odb12/hmms/23418at4893.hmm
# Target file:     outputs/busco_output/run_saccharomycetaceae_odb12/miniprot_output/translated_proteins/23418at4893.faa
# Option settings: hmmsearch --domtblout outputs/busco_output/run_saccharomycetaceae_odb12/hmmer_output/23418at4893.out --cpu 1 /data/busco_downloads/lineages/saccharomycetaceae_odb12/hmms/23418at4893.hmm outputs/busco_output/run_saccharomycetaceae_odb12/miniprot_output/translated_proteins/23418at4893.faa 
# Current dir:     /data
# Date:            Thu Sep 24 16:31:58 2026
# [ok]
