#                                                                                                             --- full sequence --- -------------- this domain -------------   hmm coord   ali coord   env coord
# target name                                         accession   tlen query name           accession   qlen   E-value  score  bias   #  of  c-Evalue  i-Evalue  score  bias  from    to  from    to  from    to  acc description of target
#                                 ------------------- ---------- ----- -------------------- ---------- ----- --------- ------ ----- --- --- --------- --------- ------ ----- ----- ----- ----- ----- ----- ----- ---- ---------------------
26008at4893_4932_0:000ddd|contig_382:11997-12793|+    -            263 26008                -            225     4e-34  106.4   0.7   1   2   5.8e-20   5.8e-20   60.1   0.0    15   103     2   106     1   157 0.70 <unknown description>
26008at4893_4932_0:000ddd|contig_382:11997-12793|+    -            263 26008                -            225     4e-34  106.4   0.7   2   2   2.1e-15   2.1e-15   45.1   0.2   141   212   171   247   162   259 0.77 <unknown description>
26008at4893_559295_0:001131|contig_382:12015-12605|+  -            160 26008                -            225     4e-30   93.3   3.5   1   1   3.3e-29   3.3e-29   90.3   3.5    24   169     8   159     3   160 0.75 <unknown description>
26008at4893_1071382_0:00055c|contig_382:11997-13809|+ -            207 26008                -            225   4.6e-28   86.6   0.3   1   2   2.9e-14   2.9e-14   41.4   0.0    15    82     2    80     1    96 0.72 <unknown description>
26008at4893_1071382_0:00055c|contig_382:11997-13809|+ -            207 26008                -            225   4.6e-28   86.6   0.3   2   2   6.3e-15   6.3e-15   43.6   0.1   141   196   116   172   105   193 0.82 <unknown description>
26008at4893_27294_0:0006e8|contig_382:12491-12605|+   -             39 26008                -            225   4.7e-11   30.9   0.3   1   1   4.7e-11   4.7e-11   30.9   0.3   147   169    15    38     3    39 0.84 <unknown description>
26008at4893_284811_0:001077|contig_382:12539-12605|+  -             23 26008                -            225   5.9e-11   30.6   1.0   1   1   5.9e-11   5.9e-11   30.6   1.0   149   169     1    22     1    23 0.90 <unknown description>
#
# Program:         hmmsearch
# Version:         3.4 (Aug 2023)
# Pipeline mode:   SEARCH
# Query file:      /data/busco_downloads/lineages/saccharomycetaceae_odb12/hmms/26008at4893.hmm
# Target file:     outputs/busco_output/run_saccharomycetaceae_odb12/miniprot_output/translated_proteins/26008at4893.faa
# Option settings: hmmsearch --domtblout outputs/busco_output/run_saccharomycetaceae_odb12/hmmer_output/26008at4893.out --cpu 1 /data/busco_downloads/lineages/saccharomycetaceae_odb12/hmms/26008at4893.hmm outputs/busco_output/run_saccharomycetaceae_odb12/miniprot_output/translated_proteins/26008at4893.faa 
# Current dir:     /data
# Date:            Thu Sep 24 16:32:09 2026
# [ok]
