#                                                                                                           --- full sequence --- -------------- this domain -------------   hmm coord   ali coord   env coord
# target name                                       accession   tlen query name           accession   qlen   E-value  score  bias   #  of  c-Evalue  i-Evalue  score  bias  from    to  from    to  from    to  acc description of target
#                               ------------------- ---------- ----- -------------------- ---------- ----- --------- ------ ----- --- --- --------- --------- ------ ----- ----- ----- ----- ----- ----- ----- ---- ---------------------
26123at4893_1095631_0:000937|contig_385:2680-7701|- -           1626 26123                -           1650  4.9e-202  661.7  10.6   1   2   1.5e-62   1.5e-62  199.4   0.2     1   386     1   361     1   369 0.91 <unknown description>
26123at4893_1095631_0:000937|contig_385:2680-7701|- -           1626 26123                -           1650  4.9e-202  661.7  10.6   2   2  2.6e-142  2.6e-142  463.8   5.2   376  1634   387  1610   380  1623 0.81 <unknown description>
26123at4893_42258_0:000a5f|contig_385:4433-7701|-   -           1017 26123                -           1650  2.5e-160  523.5  11.7   1   3   6.5e-55   6.5e-55  174.0   0.1     1   386     1   363     1   371 0.85 <unknown description>
26123at4893_42258_0:000a5f|contig_385:4433-7701|-   -           1017 26123                -           1650  2.5e-160  523.5  11.7   2   3   1.4e-89   1.4e-89  289.0   7.3   376   804   389   806   382   882 0.84 <unknown description>
26123at4893_42258_0:000a5f|contig_385:4433-7701|-   -           1017 26123                -           1650  2.5e-160  523.5  11.7   3   3   2.1e-19   2.1e-19   56.3   0.0   929  1063   882  1015   878  1017 0.88 <unknown description>
26123at4893_436907_0:000f56|contig_385:5242-7418|-  -            671 26123                -           1650  1.1e-130  425.2  15.5   1   1  1.3e-130  1.3e-130  425.0  15.5   109   794     3   661     1   670 0.89 <unknown description>
26123at4893_5478_0:000c65|contig_385:4783-7063|-    -            710 26123                -           1650  4.9e-116  376.7  12.7   1   3   5.7e-27   5.7e-27   81.4   0.0   232   386     5   154     1   162 0.84 <unknown description>
26123at4893_5478_0:000c65|contig_385:4783-7063|-    -            710 26123                -           1650  4.9e-116  376.7  12.7   2   3   3.7e-88   3.7e-88  284.2   7.8   387   804   190   597   174   609 0.85 <unknown description>
26123at4893_5478_0:000c65|contig_385:4783-7063|-    -            710 26123                -           1650  4.9e-116  376.7  12.7   3   3   6.1e-06   6.1e-06   11.7   0.1   929   949   689   709   684   710 0.92 <unknown description>
#
# Program:         hmmsearch
# Version:         3.4 (Aug 2023)
# Pipeline mode:   SEARCH
# Query file:      /data/busco_downloads/lineages/saccharomycetaceae_odb12/hmms/26123at4893.hmm
# Target file:     outputs/busco_output/run_saccharomycetaceae_odb12/miniprot_output/translated_proteins/26123at4893.faa
# Option settings: hmmsearch --domtblout outputs/busco_output/run_saccharomycetaceae_odb12/hmmer_output/26123at4893.out --cpu 1 /data/busco_downloads/lineages/saccharomycetaceae_odb12/hmms/26123at4893.hmm outputs/busco_output/run_saccharomycetaceae_odb12/miniprot_output/translated_proteins/26123at4893.faa 
# Current dir:     /data
# Date:            Thu Sep 24 16:32:11 2026
# [ok]
