#                                                                                                            --- full sequence --- -------------- this domain -------------   hmm coord   ali coord   env coord
# target name                                        accession   tlen query name           accession   qlen   E-value  score  bias   #  of  c-Evalue  i-Evalue  score  bias  from    to  from    to  from    to  acc description of target
#                                ------------------- ---------- ----- -------------------- ---------- ----- --------- ------ ----- --- --- --------- --------- ------ ----- ----- ----- ----- ----- ----- ----- ---- ---------------------
28012at4893_27292_0:000b64|contig_69:24326-26275|-   -            635 28012                -            521  8.7e-173  563.3  21.3   1   4  6.7e-139  6.7e-139  451.5   9.4     1   312     1   321     1   331 0.94 <unknown description>
28012at4893_27292_0:000b64|contig_69:24326-26275|-   -            635 28012                -            521  8.7e-173  563.3  21.3   2   4   2.3e-10   2.3e-10   27.4   0.1   329   367   360   398   354   405 0.83 <unknown description>
28012at4893_27292_0:000b64|contig_69:24326-26275|-   -            635 28012                -            521  8.7e-173  563.3  21.3   3   4   2.1e-29   2.1e-29   90.2   1.2   354   456   409   519   403   530 0.87 <unknown description>
28012at4893_27292_0:000b64|contig_69:24326-26275|-   -            635 28012                -            521  8.7e-173  563.3  21.3   4   4      0.13      0.13   -1.4   0.0   477   521   587   634   568   634 0.65 <unknown description>
28012at4893_4950_0:000127|contig_69:24647-26086|-    -            458 28012                -            521  3.8e-149  485.4  21.7   1   2  2.7e-123  2.7e-123  400.1  13.8    58   366     2   326     1   337 0.88 <unknown description>
28012at4893_4950_0:000127|contig_69:24647-26086|-    -            458 28012                -            521  3.8e-149  485.4  21.7   2   2   1.9e-29   1.9e-29   90.4   0.9   355   455   340   448   334   457 0.87 <unknown description>
28012at4893_1245769_0:0003fd|contig_69:25275-26219|- -            307 28012                -            521  8.1e-121  391.9  11.7   1   1  9.9e-121  9.9e-121  391.6  11.7    16   312     1   304     1   306 0.94 <unknown description>
#
# Program:         hmmsearch
# Version:         3.4 (Aug 2023)
# Pipeline mode:   SEARCH
# Query file:      /data/busco_downloads/lineages/saccharomycetaceae_odb12/hmms/28012at4893.hmm
# Target file:     outputs/busco_output/run_saccharomycetaceae_odb12/miniprot_output/translated_proteins/28012at4893.faa
# Option settings: hmmsearch --domtblout outputs/busco_output/run_saccharomycetaceae_odb12/hmmer_output/28012at4893.out --cpu 1 /data/busco_downloads/lineages/saccharomycetaceae_odb12/hmms/28012at4893.hmm outputs/busco_output/run_saccharomycetaceae_odb12/miniprot_output/translated_proteins/28012at4893.faa 
# Current dir:     /data
# Date:            Thu Sep 24 16:32:05 2026
# [ok]
