#                                                                                                           --- full sequence --- -------------- this domain -------------   hmm coord   ali coord   env coord
# target name                                       accession   tlen query name           accession   qlen   E-value  score  bias   #  of  c-Evalue  i-Evalue  score  bias  from    to  from    to  from    to  acc description of target
#                               ------------------- ---------- ----- -------------------- ---------- ----- --------- ------ ----- --- --- --------- --------- ------ ----- ----- ----- ----- ----- ----- ----- ---- ---------------------
28092at4893_1095631_0:000aa3|contig_201:4931-7833|+ -            951 28092                -            746     9e-51  160.2  23.9   1   4     3e-08     3e-08   19.7   2.5     8    87    12    89     4   108 0.76 <unknown description>
28092at4893_1095631_0:000aa3|contig_201:4931-7833|+ -            951 28092                -            746     9e-51  160.2  23.9   2   4     0.011     0.011    1.2   0.0    94   138   183   227   138   236 0.75 <unknown description>
28092at4893_1095631_0:000aa3|contig_201:4931-7833|+ -            951 28092                -            746     9e-51  160.2  23.9   3   4     8e-42     8e-42  130.6   8.2   170   658   294   785   284   805 0.74 <unknown description>
28092at4893_1095631_0:000aa3|contig_201:4931-7833|+ -            951 28092                -            746     9e-51  160.2  23.9   4   4   3.6e-07   3.6e-07   16.1   0.1   674   741   878   944   846   948 0.89 <unknown description>
28092at4893_230603_0:000d39|contig_201:5593-7833|+  -            735 28092                -            746   2.4e-44  139.0  13.0   1   2   8.5e-40   8.5e-40  123.9   9.2   170   663    78   574    68   590 0.74 <unknown description>
28092at4893_230603_0:000d39|contig_201:5593-7833|+  -            735 28092                -            746   2.4e-44  139.0  13.0   2   2   2.6e-07   2.6e-07   16.5   0.1   674   741   662   728   630   732 0.89 <unknown description>
28092at4893_764097_0:000839|contig_201:5418-7349|+  -            633 28092                -            746   9.1e-44  137.1   9.6   1   2    0.0089    0.0089    1.5   0.0    98   138    28    68     3    78 0.75 <unknown description>
28092at4893_764097_0:000839|contig_201:5418-7349|+  -            633 28092                -            746   9.1e-44  137.1   9.6   2   2   1.3e-42   1.3e-42  133.2   9.6   170   656   135   624   125   632 0.76 <unknown description>
#
# Program:         hmmsearch
# Version:         3.4 (Aug 2023)
# Pipeline mode:   SEARCH
# Query file:      /data/busco_downloads/lineages/saccharomycetaceae_odb12/hmms/28092at4893.hmm
# Target file:     outputs/busco_output/run_saccharomycetaceae_odb12/miniprot_output/translated_proteins/28092at4893.faa
# Option settings: hmmsearch --domtblout outputs/busco_output/run_saccharomycetaceae_odb12/hmmer_output/28092at4893.out --cpu 1 /data/busco_downloads/lineages/saccharomycetaceae_odb12/hmms/28092at4893.hmm outputs/busco_output/run_saccharomycetaceae_odb12/miniprot_output/translated_proteins/28092at4893.faa 
# Current dir:     /data
# Date:            Thu Sep 24 16:32:06 2026
# [ok]
