#                                                                                                            --- full sequence --- -------------- this domain -------------   hmm coord   ali coord   env coord
# target name                                        accession   tlen query name           accession   qlen   E-value  score  bias   #  of  c-Evalue  i-Evalue  score  bias  from    to  from    to  from    to  acc description of target
#                                ------------------- ---------- ----- -------------------- ---------- ----- --------- ------ ----- --- --- --------- --------- ------ ----- ----- ----- ----- ----- ----- ----- ---- ---------------------
28489at4893_1095631_0:000576|contig_10:44292-48635|- -           1423 28489                -           1355  5.5e-170  555.0  29.6   1   4   1.4e-92   1.4e-92  298.6  12.1     5   285     7   292     3   295 0.88 <unknown description>
28489at4893_1095631_0:000576|contig_10:44292-48635|- -           1423 28489                -           1355  5.5e-170  555.0  29.6   2   4   2.1e-61   2.1e-61  195.2   5.2   255   498   304   556   279   573 0.75 <unknown description>
28489at4893_1095631_0:000576|contig_10:44292-48635|- -           1423 28489                -           1355  5.5e-170  555.0  29.6   3   4   1.1e-23   1.1e-23   70.2   0.1   657  1049   703  1085   653  1094 0.76 <unknown description>
28489at4893_1095631_0:000576|contig_10:44292-48635|- -           1423 28489                -           1355  5.5e-170  555.0  29.6   4   4      0.22      0.22   -3.7   0.0  1162  1199  1189  1226  1188  1229 0.87 <unknown description>
28489at4893_230603_0:00059e|contig_10:45451-48632|-  -           1013 28489                -           1355  1.3e-166  543.9  35.1   1   4   6.4e-93   6.4e-93  299.7  11.9     5   285     6   291     2   296 0.89 <unknown description>
28489at4893_230603_0:00059e|contig_10:45451-48632|-  -           1013 28489                -           1355  1.3e-166  543.9  35.1   2   4   1.9e-62   1.9e-62  198.7   3.9   233   501   281   558   277   572 0.81 <unknown description>
28489at4893_230603_0:00059e|contig_10:45451-48632|-  -           1013 28489                -           1355  1.3e-166  543.9  35.1   3   4   1.7e-10   1.7e-10   26.6   1.0   657   692   703   739   685   743 0.85 <unknown description>
28489at4893_230603_0:00059e|contig_10:45451-48632|-  -           1013 28489                -           1355  1.3e-166  543.9  35.1   4   4   1.1e-12   1.1e-12   33.8   0.1   731  1001   745  1010   741  1012 0.72 <unknown description>
28489at4893_4956_0:001ef0|contig_10:47096-48608|-    -            479 28489                -           1355  9.6e-138  448.2  18.8   1   2   4.5e-84   4.5e-84  270.3   4.4     8   269     1   267     1   282 0.89 <unknown description>
28489at4893_4956_0:001ef0|contig_10:47096-48608|-    -            479 28489                -           1355  9.6e-138  448.2  18.8   2   2   5.2e-58   5.2e-58  184.0   6.5   282   447   306   478   291   478 0.89 <unknown description>
#
# Program:         hmmsearch
# Version:         3.4 (Aug 2023)
# Pipeline mode:   SEARCH
# Query file:      /data/busco_downloads/lineages/saccharomycetaceae_odb12/hmms/28489at4893.hmm
# Target file:     outputs/busco_output/run_saccharomycetaceae_odb12/miniprot_output/translated_proteins/28489at4893.faa
# Option settings: hmmsearch --domtblout outputs/busco_output/run_saccharomycetaceae_odb12/hmmer_output/28489at4893.out --cpu 1 /data/busco_downloads/lineages/saccharomycetaceae_odb12/hmms/28489at4893.hmm outputs/busco_output/run_saccharomycetaceae_odb12/miniprot_output/translated_proteins/28489at4893.faa 
# Current dir:     /data
# Date:            Thu Sep 24 16:32:10 2026
# [ok]
