#                                                                                                           --- full sequence --- -------------- this domain -------------   hmm coord   ali coord   env coord
# target name                                       accession   tlen query name           accession   qlen   E-value  score  bias   #  of  c-Evalue  i-Evalue  score  bias  from    to  from    to  from    to  acc description of target
#                               ------------------- ---------- ----- -------------------- ---------- ----- --------- ------ ----- --- --- --------- --------- ------ ----- ----- ----- ----- ----- ----- ----- ---- ---------------------
28682at4893_4932_0:000b4a|contig_387:5300-7336|+    -            664 28682                -            500  9.3e-114  368.6   4.0   1   4   3.6e-09   3.6e-09   23.6   0.0     2    39     2    41     1    43 0.90 <unknown description>
28682at4893_4932_0:000b4a|contig_387:5300-7336|+    -            664 28682                -            500  9.3e-114  368.6   4.0   2   4   0.00028   0.00028    7.5   0.1    41    66    73    98    55   120 0.81 <unknown description>
28682at4893_4932_0:000b4a|contig_387:5300-7336|+    -            664 28682                -            500  9.3e-114  368.6   4.0   3   4  6.9e-104  6.9e-104  336.0   0.1    60   447   127   561   121   583 0.81 <unknown description>
28682at4893_4932_0:000b4a|contig_387:5300-7336|+    -            664 28682                -            500  9.3e-114  368.6   4.0   4   4      0.15      0.15   -1.6   0.1   449   485   626   662   604   664 0.79 <unknown description>
28682at4893_48254_0:000e2e|contig_387:5300-6725|+   -            470 28682                -            500   1.4e-87  282.2   3.9   1   3    0.0021    0.0021    4.6   0.0     2    18     2    18     1    21 0.90 <unknown description>
28682at4893_48254_0:000e2e|contig_387:5300-6725|+   -            470 28682                -            500   1.4e-87  282.2   3.9   2   3   0.00022   0.00022    7.8   0.0    39    64    71    96    37   101 0.71 <unknown description>
28682at4893_48254_0:000e2e|contig_387:5300-6725|+   -            470 28682                -            500   1.4e-87  282.2   3.9   3   3   4.9e-83   4.9e-83  267.3   1.6    60   357   127   469   122   470 0.80 <unknown description>
28682at4893_1789683_0:001096|contig_387:5684-6725|+ -            345 28682                -            500   1.1e-79  256.3   0.4   1   1     5e-79     5e-79  254.1   0.4    80   357    30   344    21   345 0.81 <unknown description>
28682at4893_27292_0:0009e5|contig_387:5300-5999|+   -            229 28682                -            500     3e-27   83.3   1.8   1   3   8.7e-10   8.7e-10   25.6   0.0     2    39     2    41     1    43 0.90 <unknown description>
28682at4893_27292_0:0009e5|contig_387:5300-5999|+   -            229 28682                -            500     3e-27   83.3   1.8   2   3   6.3e-05   6.3e-05    9.6   0.1    41    66    73    98    55   121 0.80 <unknown description>
28682at4893_27292_0:0009e5|contig_387:5300-5999|+   -            229 28682                -            500     3e-27   83.3   1.8   3   3   5.6e-16   5.6e-16   46.1   0.3    59   138   126   213   120   220 0.79 <unknown description>
#
# Program:         hmmsearch
# Version:         3.4 (Aug 2023)
# Pipeline mode:   SEARCH
# Query file:      /data/busco_downloads/lineages/saccharomycetaceae_odb12/hmms/28682at4893.hmm
# Target file:     outputs/busco_output/run_saccharomycetaceae_odb12/miniprot_output/translated_proteins/28682at4893.faa
# Option settings: hmmsearch --domtblout outputs/busco_output/run_saccharomycetaceae_odb12/hmmer_output/28682at4893.out --cpu 1 /data/busco_downloads/lineages/saccharomycetaceae_odb12/hmms/28682at4893.hmm outputs/busco_output/run_saccharomycetaceae_odb12/miniprot_output/translated_proteins/28682at4893.faa 
# Current dir:     /data
# Date:            Thu Sep 24 16:31:59 2026
# [ok]
