#                                                                                                            --- full sequence --- -------------- this domain -------------   hmm coord   ali coord   env coord
# target name                                        accession   tlen query name           accession   qlen   E-value  score  bias   #  of  c-Evalue  i-Evalue  score  bias  from    to  from    to  from    to  acc description of target
#                                ------------------- ---------- ----- -------------------- ---------- ----- --------- ------ ----- --- --- --------- --------- ------ ----- ----- ----- ----- ----- ----- ----- ---- ---------------------
28897at4893_27292_0:001c67|contig_96:14537-22434|+   -           2591 28897                -           2643         0 1337.1   0.0   1   1         0         0 1336.8   0.0   142  2642    67  2586    52  2587 0.84 <unknown description>
28897at4893_1071382_0:000768|contig_96:16975-22431|+ -           1717 28897                -           2643         0 1070.6   0.0   1   2   4.4e-72   4.4e-72  231.2   0.0   898  1590     4   668     1   678 0.82 <unknown description>
28897at4893_1071382_0:000768|contig_96:16975-22431|+ -           1717 28897                -           2643         0 1070.6   0.0   2   2    6e-255    6e-255  837.9   0.0  1658  2642   681  1713   670  1714 0.86 <unknown description>
28897at4893_5478_0:00034a|contig_96:18104-22434|+    -           1317 28897                -           2643  6.8e-286  940.5   0.1   1   3   2.2e-36   2.2e-36  112.8   0.0  1307  1590    17   298     1   307 0.81 <unknown description>
28897at4893_5478_0:00034a|contig_96:18104-22434|+    -           1317 28897                -           2643  6.8e-286  940.5   0.1   2   3   1.2e-16   1.2e-16   47.3   0.0  1658  1841   311   509   300   512 0.82 <unknown description>
28897at4893_5478_0:00034a|contig_96:18104-22434|+    -           1317 28897                -           2643  6.8e-286  940.5   0.1   3   3  1.5e-236  1.5e-236  776.9   0.6  1888  2642   521  1312   515  1313 0.89 <unknown description>
28897at4893_1230904_0:000782|contig_96:19197-22434|+ -           1065 28897                -           2643  7.2e-252  827.7   0.0   1   1  8.2e-252  8.2e-252  827.5   0.0  1642  2642     1  1060     1  1061 0.86 <unknown description>
28897at4893_436907_0:0006ae|contig_96:16956-18860|+  -            598 28897                -           2643   9.5e-56  177.0   0.0   1   2   1.1e-16   1.1e-16   47.4   0.1   888   987     1    93     1   100 0.87 <unknown description>
28897at4893_436907_0:0006ae|contig_96:16956-18860|+  -            598 28897                -           2643   9.5e-56  177.0   0.0   2   2   8.3e-41   8.3e-41  127.5   0.0  1089  1542   152   597   128   598 0.78 <unknown description>
#
# Program:         hmmsearch
# Version:         3.4 (Aug 2023)
# Pipeline mode:   SEARCH
# Query file:      /data/busco_downloads/lineages/saccharomycetaceae_odb12/hmms/28897at4893.hmm
# Target file:     outputs/busco_output/run_saccharomycetaceae_odb12/miniprot_output/translated_proteins/28897at4893.faa
# Option settings: hmmsearch --domtblout outputs/busco_output/run_saccharomycetaceae_odb12/hmmer_output/28897at4893.out --cpu 1 /data/busco_downloads/lineages/saccharomycetaceae_odb12/hmms/28897at4893.hmm outputs/busco_output/run_saccharomycetaceae_odb12/miniprot_output/translated_proteins/28897at4893.faa 
# Current dir:     /data
# Date:            Thu Sep 24 16:32:02 2026
# [ok]
