#                                                                                                           --- full sequence --- -------------- this domain -------------   hmm coord   ali coord   env coord
# target name                                       accession   tlen query name           accession   qlen   E-value  score  bias   #  of  c-Evalue  i-Evalue  score  bias  from    to  from    to  from    to  acc description of target
#                               ------------------- ---------- ----- -------------------- ---------- ----- --------- ------ ----- --- --- --------- --------- ------ ----- ----- ----- ----- ----- ----- ----- ---- ---------------------
29650at4893_4932_0:00005d|contig_280:7532-10600|+   -            971 29650                -            806   3.3e-55  175.3   4.3   1   3   2.7e-28   2.7e-28   86.3   0.1    36   294    36   316    30   350 0.76 <unknown description>
29650at4893_4932_0:00005d|contig_280:7532-10600|+   -            971 29650                -            806   3.3e-55  175.3   4.3   2   3   1.2e-18   1.2e-18   54.4   0.0   372   543   422   604   404   675 0.74 <unknown description>
29650at4893_4932_0:00005d|contig_280:7532-10600|+   -            971 29650                -            806   3.3e-55  175.3   4.3   3   3   2.8e-12   2.8e-12   33.3   0.5   620   739   703   842   677   850 0.75 <unknown description>
29650at4893_1095631_0:00127e|contig_280:7532-9964|+ -            777 29650                -            806   1.7e-47  149.8   2.2   1   3   8.2e-28   8.2e-28   84.7   0.2    36   294    36   316    30   335 0.75 <unknown description>
29650at4893_1095631_0:00127e|contig_280:7532-9964|+ -            777 29650                -            806   1.7e-47  149.8   2.2   2   3   4.4e-18   4.4e-18   52.5   0.0   372   542   422   603   404   637 0.73 <unknown description>
29650at4893_1095631_0:00127e|contig_280:7532-9964|+ -            777 29650                -            806   1.7e-47  149.8   2.2   3   3   4.9e-05   4.9e-05    9.3   0.1   618   664   715   761   656   775 0.65 <unknown description>
29650at4893_27292_0:000012|contig_280:9696-10600|+  -            298 29650                -            806   1.5e-13   37.5   0.6   1   1   3.7e-13   3.7e-13   36.2   0.6   621   739    31   169    26   178 0.72 <unknown description>
#
# Program:         hmmsearch
# Version:         3.4 (Aug 2023)
# Pipeline mode:   SEARCH
# Query file:      /data/busco_downloads/lineages/saccharomycetaceae_odb12/hmms/29650at4893.hmm
# Target file:     outputs/busco_output/run_saccharomycetaceae_odb12/miniprot_output/translated_proteins/29650at4893.faa
# Option settings: hmmsearch --domtblout outputs/busco_output/run_saccharomycetaceae_odb12/hmmer_output/29650at4893.out --cpu 1 /data/busco_downloads/lineages/saccharomycetaceae_odb12/hmms/29650at4893.hmm outputs/busco_output/run_saccharomycetaceae_odb12/miniprot_output/translated_proteins/29650at4893.faa 
# Current dir:     /data
# Date:            Thu Sep 24 16:32:10 2026
# [ok]
