#                                                                                                             --- full sequence --- -------------- this domain -------------   hmm coord   ali coord   env coord
# target name                                         accession   tlen query name           accession   qlen   E-value  score  bias   #  of  c-Evalue  i-Evalue  score  bias  from    to  from    to  from    to  acc description of target
#                                 ------------------- ---------- ----- -------------------- ---------- ----- --------- ------ ----- --- --- --------- --------- ------ ----- ----- ----- ----- ----- ----- ----- ---- ---------------------
30811at4893_27292_0:000384|contig_221:14690-17042|-   -            768 30811                -            812  2.7e-108  351.7   5.4   1   2   2.5e-54   2.5e-54  173.3   0.9     2   299    67   428    63   445 0.75 <unknown description>
30811at4893_27292_0:000384|contig_221:14690-17042|-   -            768 30811                -            812  2.7e-108  351.7   5.4   2   2   1.6e-53   1.6e-53  170.6   0.2   295   584   450   768   445   768 0.81 <unknown description>
30811at4893_1095631_0:000394|contig_221:14690-16406|- -            560 30811                -            812   8.1e-83  267.5   1.2   1   2   2.3e-27   2.3e-27   84.1   0.0   132   299     1   220     1   237 0.74 <unknown description>
30811at4893_1095631_0:000394|contig_221:14690-16406|- -            560 30811                -            812   8.1e-83  267.5   1.2   2   2   7.3e-54   7.3e-54  171.7   0.3   295   584   242   560   236   560 0.81 <unknown description>
30811at4893_4956_0:001734|contig_221:15312-16845|-    -            428 30811                -            812   1.3e-82  266.8   1.0   1   1   1.7e-82   1.7e-82  266.5   1.0     2   405     4   424     1   427 0.82 <unknown description>
30811at4893_1071378_0:00010d|contig_221:15756-16905|- -            379 30811                -            812   7.7e-60  191.5   1.3   1   2   3.7e-51   3.7e-51  162.8   1.9     1   250    23   307    21   317 0.77 <unknown description>
30811at4893_1071378_0:00010d|contig_221:15756-16905|- -            379 30811                -            812   7.7e-60  191.5   1.3   2   2   7.5e-10   7.5e-10   26.1   0.0   232   289   314   375   309   378 0.85 <unknown description>
30811at4893_1230904_0:000343|contig_221:16145-16920|- -            257 30811                -            812   2.4e-42  133.6   1.5   1   1   4.7e-42   4.7e-42  132.7   1.5     1   199    28   256    26   257 0.79 <unknown description>
30811at4893_1230905_0:001119|contig_221:16331-16860|- -            175 30811                -            812   1.2e-37  118.1   0.9   1   1   1.4e-37   1.4e-37  117.9   0.9     1   154     8   174     6   175 0.82 <unknown description>
30811at4893_1071381_0:000722|contig_221:16209-16603|- -            131 30811                -            812   4.4e-26   79.8   0.1   1   1   4.7e-26   4.7e-26   79.7   0.1    81   162    12    98     4   129 0.91 <unknown description>
#
# Program:         hmmsearch
# Version:         3.4 (Aug 2023)
# Pipeline mode:   SEARCH
# Query file:      /data/busco_downloads/lineages/saccharomycetaceae_odb12/hmms/30811at4893.hmm
# Target file:     outputs/busco_output/run_saccharomycetaceae_odb12/miniprot_output/translated_proteins/30811at4893.faa
# Option settings: hmmsearch --domtblout outputs/busco_output/run_saccharomycetaceae_odb12/hmmer_output/30811at4893.out --cpu 1 /data/busco_downloads/lineages/saccharomycetaceae_odb12/hmms/30811at4893.hmm outputs/busco_output/run_saccharomycetaceae_odb12/miniprot_output/translated_proteins/30811at4893.faa 
# Current dir:     /data
# Date:            Thu Sep 24 16:32:12 2026
# [ok]
