#                                                                                                             --- full sequence --- -------------- this domain -------------   hmm coord   ali coord   env coord
# target name                                         accession   tlen query name           accession   qlen   E-value  score  bias   #  of  c-Evalue  i-Evalue  score  bias  from    to  from    to  from    to  acc description of target
#                                 ------------------- ---------- ----- -------------------- ---------- ----- --------- ------ ----- --- --- --------- --------- ------ ----- ----- ----- ----- ----- ----- ----- ---- ---------------------
30855at4893_4932_0:000167|contig_211:14479-17778|-    -           1078 30855                -            919  3.6e-154  504.3  53.4   1   1  9.7e-154  9.7e-154  502.9  53.4    57   919     1  1075     1  1075 0.76 <unknown description>
30855at4893_42260_0:0001bb|contig_211:16787-17778|-   -            325 30855                -            919  1.3e-100  327.0   0.1   1   1  1.5e-100  1.5e-100  326.8   0.1    57   364     1   324     1   325 0.87 <unknown description>
30855at4893_4956_0:001fb4|contig_211:16693-17404|-    -            234 30855                -            919   6.8e-94  304.8   4.5   1   1   7.4e-94   7.4e-94  304.7   4.5   175   395     7   234     1   234 0.90 <unknown description>
30855at4893_1230904_0:000ea2|contig_211:16950-17425|- -            156 30855                -            919   1.8e-77  250.5   4.1   1   1   2.1e-77   2.1e-77  250.3   4.1   175   312    14   155     5   156 0.93 <unknown description>
30855at4893_1003335_0:000a49|contig_211:16784-17272|- -            161 30855                -            919   4.8e-75  242.4   9.3   1   1   5.3e-75   5.3e-75  242.3   9.3   209   364     1   159     1   161 0.95 <unknown description>
30855at4893_931890_0:0003ff|contig_211:15511-17269|-  -            182 30855                -            919   2.6e-73  236.7   3.1   1   1   3.1e-73   3.1e-73  236.5   3.1   210   377     1   170     1   177 0.88 <unknown description>
30855at4893_1230905_0:0003f7|contig_211:16899-17272|- -            123 30855                -            919   7.9e-70  225.2   5.7   1   1   8.7e-70   8.7e-70  225.1   5.7   209   328     1   122     1   123 0.97 <unknown description>
#
# Program:         hmmsearch
# Version:         3.4 (Aug 2023)
# Pipeline mode:   SEARCH
# Query file:      /data/busco_downloads/lineages/saccharomycetaceae_odb12/hmms/30855at4893.hmm
# Target file:     outputs/busco_output/run_saccharomycetaceae_odb12/miniprot_output/translated_proteins/30855at4893.faa
# Option settings: hmmsearch --domtblout outputs/busco_output/run_saccharomycetaceae_odb12/hmmer_output/30855at4893.out --cpu 1 /data/busco_downloads/lineages/saccharomycetaceae_odb12/hmms/30855at4893.hmm outputs/busco_output/run_saccharomycetaceae_odb12/miniprot_output/translated_proteins/30855at4893.faa 
# Current dir:     /data
# Date:            Thu Sep 24 16:32:13 2026
# [ok]
