#                                                                                                            --- full sequence --- -------------- this domain -------------   hmm coord   ali coord   env coord
# target name                                        accession   tlen query name           accession   qlen   E-value  score  bias   #  of  c-Evalue  i-Evalue  score  bias  from    to  from    to  from    to  acc description of target
#                                ------------------- ---------- ----- -------------------- ---------- ----- --------- ------ ----- --- --- --------- --------- ------ ----- ----- ----- ----- ----- ----- ----- ---- ---------------------
34270at4893_27292_0:000578|contig_192:8457-11826|+   -           1102 34270                -            937  4.3e-164  535.5  62.2   1   3   8.1e-13   8.1e-13   34.9  13.7     8   110     8   109     2   149 0.73 <unknown description>
34270at4893_27292_0:000578|contig_192:8457-11826|+   -           1102 34270                -            937  4.3e-164  535.5  62.2   2   3  3.3e-120  3.3e-120  390.3  18.2   148   612   221   722   136   739 0.76 <unknown description>
34270at4893_27292_0:000578|contig_192:8457-11826|+   -           1102 34270                -            937  4.3e-164  535.5  62.2   3   3   2.3e-37   2.3e-37  116.2  15.7   592   922   738  1082   728  1101 0.74 <unknown description>
34270at4893_1230905_0:000440|contig_192:9329-11309|+ -            546 34270                -            937  1.2e-116  378.5  20.3   1   3   5.6e-69   5.6e-69  220.8   5.6   213   377     6   173     1   175 0.87 <unknown description>
34270at4893_1230905_0:000440|contig_192:9329-11309|+ -            546 34270                -            937  1.2e-116  378.5  20.3   2   3   9.3e-31   9.3e-31   94.3   0.0   432   545   208   326   195   352 0.86 <unknown description>
34270at4893_1230905_0:000440|contig_192:9329-11309|+ -            546 34270                -            937  1.2e-116  378.5  20.3   3   3   1.3e-22   1.3e-22   67.3   7.4   681   790   436   544   392   546 0.80 <unknown description>
34270at4893_1071383_0:000af2|contig_192:8468-10442|+ -            436 34270                -            937  7.1e-101  326.3  20.8   1   3   4.7e-11   4.7e-11   29.1   3.9     7    39     4    36     2    45 0.88 <unknown description>
34270at4893_1071383_0:000af2|contig_192:8468-10442|+ -            436 34270                -            937  7.1e-101  326.3  20.8   2   3   5.1e-70   5.1e-70  224.2   6.7   198   377   134   313   116   315 0.85 <unknown description>
34270at4893_1071383_0:000af2|contig_192:8468-10442|+ -            436 34270                -            937  7.1e-101  326.3  20.8   3   3   2.9e-26   2.9e-26   79.4   0.0   432   539   323   435   320   436 0.86 <unknown description>
34270at4893_5478_0:000283|contig_192:9350-10422|+    -            352 34270                -            937   1.5e-94  305.4   8.7   1   1   4.5e-92   4.5e-92  297.2   8.7   220   526     4   344     1   351 0.75 <unknown description>
#
# Program:         hmmsearch
# Version:         3.4 (Aug 2023)
# Pipeline mode:   SEARCH
# Query file:      /data/busco_downloads/lineages/saccharomycetaceae_odb12/hmms/34270at4893.hmm
# Target file:     outputs/busco_output/run_saccharomycetaceae_odb12/miniprot_output/translated_proteins/34270at4893.faa
# Option settings: hmmsearch --domtblout outputs/busco_output/run_saccharomycetaceae_odb12/hmmer_output/34270at4893.out --cpu 1 /data/busco_downloads/lineages/saccharomycetaceae_odb12/hmms/34270at4893.hmm outputs/busco_output/run_saccharomycetaceae_odb12/miniprot_output/translated_proteins/34270at4893.faa 
# Current dir:     /data
# Date:            Thu Sep 24 16:32:13 2026
# [ok]
