#                                                                                                            --- full sequence --- -------------- this domain -------------   hmm coord   ali coord   env coord
# target name                                        accession   tlen query name           accession   qlen   E-value  score  bias   #  of  c-Evalue  i-Evalue  score  bias  from    to  from    to  from    to  acc description of target
#                                ------------------- ---------- ----- -------------------- ---------- ----- --------- ------ ----- --- --- --------- --------- ------ ----- ----- ----- ----- ----- ----- ----- ---- ---------------------
3439at4893_27292_0:000614|contig_422:30353-32156|+   -            590 3439                 -            504   9.1e-52  165.1  15.4   1   3   1.1e-05   1.1e-05   13.2   1.9    10   114    16   122     7   127 0.78 <unknown description>
3439at4893_27292_0:000614|contig_422:30353-32156|+   -            590 3439                 -            504   9.1e-52  165.1  15.4   2   3   1.1e-39   1.1e-39  125.3   0.7   146   331   198   383   180   420 0.80 <unknown description>
3439at4893_27292_0:000614|contig_422:30353-32156|+   -            590 3439                 -            504   9.1e-52  165.1  15.4   3   3   2.7e-12   2.7e-12   34.9   1.2   329   420   416   508   396   562 0.69 <unknown description>
3439at4893_1095631_0:0005a7|contig_422:30910-32156|+ -            406 3439                 -            504   4.6e-50  159.5   6.1   1   2   5.9e-40   5.9e-40  126.2   0.8   147   333    15   201     4   237 0.80 <unknown description>
3439at4893_1095631_0:0005a7|contig_422:30910-32156|+ -            406 3439                 -            504   4.6e-50  159.5   6.1   2   2   1.3e-12   1.3e-12   36.0   1.1   329   420   232   324   212   379 0.69 <unknown description>
3439at4893_1064592_0:0013a7|contig_422:30958-31647|+ -            228 3439                 -            504   4.5e-38  120.0   0.1   1   1     5e-38     5e-38  119.8   0.1   150   336     2   189     1   222 0.81 <unknown description>
3439at4893_1333698_0:000916|contig_422:30415-31346|+ -            309 3439                 -            504   1.5e-34  108.3   9.7   1   2   1.9e-05   1.9e-05   12.4   1.5    16   114     1   102     1   108 0.78 <unknown description>
3439at4893_1333698_0:000916|contig_422:30415-31346|+ -            309 3439                 -            504   1.5e-34  108.3   9.7   2   2   2.9e-32   2.9e-32  100.8   1.5   146   274   178   308   160   309 0.91 <unknown description>
3439at4893_4956_0:00191b|contig_422:30907-31346|+    -            146 3439                 -            504   2.4e-33  104.4   1.0   1   1   2.7e-33   2.7e-33  104.2   1.0   147   274    16   145     4   146 0.91 <unknown description>
3439at4893_28985_0:0007f6|contig_422:30644-31343|+   -            226 3439                 -            504   3.8e-31   97.1   2.6   1   2    0.0047    0.0047    4.4   0.0    89   114     1    26     1    33 0.98 <unknown description>
3439at4893_28985_0:0007f6|contig_422:30644-31343|+   -            226 3439                 -            504   3.8e-31   97.1   2.6   2   2   9.6e-30   9.6e-30   92.5   0.8   161   273   113   225    72   226 0.83 <unknown description>
3439at4893_27294_0:00095a|contig_422:30964-31159|+   -             66 3439                 -            504     1e-17   52.8   0.7   1   1   1.1e-17   1.1e-17   52.7   0.7   151   208     1    60     1    65 0.90 <unknown description>
#
# Program:         hmmsearch
# Version:         3.4 (Aug 2023)
# Pipeline mode:   SEARCH
# Query file:      /data/busco_downloads/lineages/saccharomycetaceae_odb12/hmms/3439at4893.hmm
# Target file:     outputs/busco_output/run_saccharomycetaceae_odb12/miniprot_output/translated_proteins/3439at4893.faa
# Option settings: hmmsearch --domtblout outputs/busco_output/run_saccharomycetaceae_odb12/hmmer_output/3439at4893.out --cpu 1 /data/busco_downloads/lineages/saccharomycetaceae_odb12/hmms/3439at4893.hmm outputs/busco_output/run_saccharomycetaceae_odb12/miniprot_output/translated_proteins/3439at4893.faa 
# Current dir:     /data
# Date:            Thu Sep 24 16:32:14 2026
# [ok]
