#                                                                                                           --- full sequence --- -------------- this domain -------------   hmm coord   ali coord   env coord
# target name                                       accession   tlen query name           accession   qlen   E-value  score  bias   #  of  c-Evalue  i-Evalue  score  bias  from    to  from    to  from    to  acc description of target
#                               ------------------- ---------- ----- -------------------- ---------- ----- --------- ------ ----- --- --- --------- --------- ------ ----- ----- ----- ----- ----- ----- ----- ---- ---------------------
34452at4893_27292_0:001c5b|contig_274:1922-4956|+   -            988 34452                -            674  7.4e-114  369.7   6.9   1   4   2.1e-23   2.6e-23   70.5   0.0     1   124     1   128     1   151 0.86 <unknown description>
34452at4893_27292_0:001c5b|contig_274:1922-4956|+   -            988 34452                -            674  7.4e-114  369.7   6.9   2   4   5.1e-12   6.3e-12   32.9   0.0   123   258   310   458   295   486 0.74 <unknown description>
34452at4893_27292_0:001c5b|contig_274:1922-4956|+   -            988 34452                -            674  7.4e-114  369.7   6.9   3   4      0.41      0.51   -3.2   0.0   267   295   509   538   503   544 0.76 <unknown description>
34452at4893_27292_0:001c5b|contig_274:1922-4956|+   -            988 34452                -            674  7.4e-114  369.7   6.9   4   4   6.6e-83   8.2e-83  267.1   1.8   385   674   681   987   666   987 0.91 <unknown description>
34452at4893_42258_0:000c82|contig_274:4170-4826|+   -            191 34452                -            674   1.1e-64  207.3   4.8   1   1   1.7e-63   2.1e-63  203.0   4.8   437   639     1   190     1   191 0.93 <unknown description>
34452at4893_28985_0:0000d8|contig_274:4170-4468|+   -             98 34452                -            674   4.2e-39  122.7   2.0   1   1   3.6e-39   4.5e-39  122.6   2.0   437   530     1    97     1    98 0.94 <unknown description>
34452at4893_1071382_0:00121e|contig_274:1922-2249|+ -            109 34452                -            674   2.9e-19   57.1   0.5   1   1   2.5e-19   3.2e-19   57.0   0.5     1   103     1   108     1   109 0.84 <unknown description>
#
# Program:         hmmsearch
# Version:         3.4 (Aug 2023)
# Pipeline mode:   SEARCH
# Query file:      /data/busco_downloads/lineages/saccharomycetaceae_odb12/hmms/34452at4893.hmm
# Target file:     outputs/busco_output/run_saccharomycetaceae_odb12/miniprot_output/translated_proteins/34452at4893.faa
# Option settings: hmmsearch --domtblout outputs/busco_output/run_saccharomycetaceae_odb12/hmmer_output/34452at4893.out --cpu 1 /data/busco_downloads/lineages/saccharomycetaceae_odb12/hmms/34452at4893.hmm outputs/busco_output/run_saccharomycetaceae_odb12/miniprot_output/translated_proteins/34452at4893.faa 
# Current dir:     /data
# Date:            Thu Sep 24 16:32:15 2026
# [ok]
