#                                                                                                             --- full sequence --- -------------- this domain -------------   hmm coord   ali coord   env coord
# target name                                         accession   tlen query name           accession   qlen   E-value  score  bias   #  of  c-Evalue  i-Evalue  score  bias  from    to  from    to  from    to  acc description of target
#                                 ------------------- ---------- ----- -------------------- ---------- ----- --------- ------ ----- --- --- --------- --------- ------ ----- ----- ----- ----- ----- ----- ----- ---- ---------------------
34543at4893_1095631_0:001251|contig_204:50931-54096|+ -           1038 34543                -            844   8.5e-34  103.7  17.5   1   4    0.0046    0.0046    2.0   0.2    31    65    37    70    22    96 0.79 <unknown description>
34543at4893_1095631_0:001251|contig_204:50931-54096|+ -           1038 34543                -            844   8.5e-34  103.7  17.5   2   4   3.5e-06   3.5e-06   12.3   5.9   100   207   166   274   137   300 0.70 <unknown description>
34543at4893_1095631_0:001251|contig_204:50931-54096|+ -           1038 34543                -            844   8.5e-34  103.7  17.5   3   4   3.1e-15   3.1e-15   42.3   0.0   384   543   496   658   486   685 0.83 <unknown description>
34543at4893_1095631_0:001251|contig_204:50931-54096|+ -           1038 34543                -            844   8.5e-34  103.7  17.5   4   4   3.4e-18   3.4e-18   52.1   0.5   637   803   847  1016   814  1024 0.82 <unknown description>
34543at4893_764102_0:000d10|contig_204:50931-52918|+  -            654 34543                -            844   5.1e-19   54.8  12.1   1   3    0.0026    0.0026    2.8   0.2    31    65    37    70    22    97 0.78 <unknown description>
34543at4893_764102_0:000d10|contig_204:50931-52918|+  -            654 34543                -            844   5.1e-19   54.8  12.1   2   3   2.5e-06   2.5e-06   12.8   6.5   100   207   166   274   136   303 0.71 <unknown description>
34543at4893_764102_0:000d10|contig_204:50931-52918|+  -            654 34543                -            844   5.1e-19   54.8  12.1   3   3   8.8e-15   8.8e-15   40.8   0.0   384   537   496   653   486   654 0.84 <unknown description>
#
# Program:         hmmsearch
# Version:         3.4 (Aug 2023)
# Pipeline mode:   SEARCH
# Query file:      /data/busco_downloads/lineages/saccharomycetaceae_odb12/hmms/34543at4893.hmm
# Target file:     outputs/busco_output/run_saccharomycetaceae_odb12/miniprot_output/translated_proteins/34543at4893.faa
# Option settings: hmmsearch --domtblout outputs/busco_output/run_saccharomycetaceae_odb12/hmmer_output/34543at4893.out --cpu 1 /data/busco_downloads/lineages/saccharomycetaceae_odb12/hmms/34543at4893.hmm outputs/busco_output/run_saccharomycetaceae_odb12/miniprot_output/translated_proteins/34543at4893.faa 
# Current dir:     /data
# Date:            Thu Sep 24 16:32:16 2026
# [ok]
