#                                                                                                            --- full sequence --- -------------- this domain -------------   hmm coord   ali coord   env coord
# target name                                        accession   tlen query name           accession   qlen   E-value  score  bias   #  of  c-Evalue  i-Evalue  score  bias  from    to  from    to  from    to  acc description of target
#                                ------------------- ---------- ----- -------------------- ---------- ----- --------- ------ ----- --- --- --------- --------- ------ ----- ----- ----- ----- ----- ----- ----- ---- ---------------------
34684at4893_4932_0:000504|contig_26:44636-46034|-    -            456 34684                -            351   3.2e-99  321.2  18.2   1   2   1.5e-93   1.5e-93  302.6  14.5    32   323    64   391    16   403 0.72 <unknown description>
34684at4893_4932_0:000504|contig_26:44636-46034|-    -            456 34684                -            351   3.2e-99  321.2  18.2   2   2   3.6e-06   3.6e-06   15.2   0.5   280   351   385   455   378   455 0.86 <unknown description>
34684at4893_1071378_0:0011dc|contig_26:45119-45759|- -            209 34684                -            351   3.1e-87  281.9   4.2   1   1   1.1e-86   1.1e-86  280.1   4.2    58   246     2   207     1   209 0.89 <unknown description>
34684at4893_436907_0:000a6a|contig_26:45214-45717|-  -            165 34684                -            351   8.8e-79  254.0   7.2   1   2   4.3e-29   4.3e-29   90.6   3.3    71   129     1    59     1    61 0.98 <unknown description>
34684at4893_436907_0:000a6a|contig_26:45214-45717|-  -            165 34684                -            351   8.8e-79  254.0   7.2   2   2     7e-52     7e-52  165.6   0.1   124   217    68   164    63   165 0.92 <unknown description>
34684at4893_48254_0:000a92|contig_26:45247-45837|-   -            194 34684                -            351   3.4e-78  252.1   2.4   1   1   1.3e-77   1.3e-77  250.2   2.4    57   207    27   194     8   194 0.87 <unknown description>
34684at4893_1230904_0:000f2e|contig_26:45382-45717|- -            110 34684                -            351   2.6e-56  180.1   9.1   1   1   1.3e-55   1.3e-55  177.9   9.1    71   165     1   109     1   109 0.89 <unknown description>
34684at4893_45286_0:00033a|contig_26:45404-45987|-   -            173 34684                -            351   4.5e-55  176.1   7.2   1   1   5.3e-54   5.3e-54  172.5   7.2     2   158     2   172     1   173 0.83 <unknown description>
34684at4893_566037_0:0001d3|contig_26:45404-45840|-  -            144 34684                -            351   2.3e-51  163.8  10.7   1   1   3.3e-50   3.3e-50  160.1  10.7    57   158    28   143     9   144 0.88 <unknown description>
#
# Program:         hmmsearch
# Version:         3.4 (Aug 2023)
# Pipeline mode:   SEARCH
# Query file:      /data/busco_downloads/lineages/saccharomycetaceae_odb12/hmms/34684at4893.hmm
# Target file:     outputs/busco_output/run_saccharomycetaceae_odb12/miniprot_output/translated_proteins/34684at4893.faa
# Option settings: hmmsearch --domtblout outputs/busco_output/run_saccharomycetaceae_odb12/hmmer_output/34684at4893.out --cpu 1 /data/busco_downloads/lineages/saccharomycetaceae_odb12/hmms/34684at4893.hmm outputs/busco_output/run_saccharomycetaceae_odb12/miniprot_output/translated_proteins/34684at4893.faa 
# Current dir:     /data
# Date:            Thu Sep 24 16:32:20 2026
# [ok]
