#                                                                                                           --- full sequence --- -------------- this domain -------------   hmm coord   ali coord   env coord
# target name                                       accession   tlen query name           accession   qlen   E-value  score  bias   #  of  c-Evalue  i-Evalue  score  bias  from    to  from    to  from    to  acc description of target
#                               ------------------- ---------- ----- -------------------- ---------- ----- --------- ------ ----- --- --- --------- --------- ------ ----- ----- ----- ----- ----- ----- ----- ---- ---------------------
34837at4893_27292_0:000e39|contig_224:3539-7959|-   -           1435 34837                -           1359         0 1184.5  47.2   1   1         0         0 1184.3  47.2     4  1357    14  1429    11  1431 0.90 <unknown description>
34837at4893_27294_0:00099b|contig_224:1544-7904|-   -           1889 34837                -           1359  1.2e-237  780.3  52.9   1   2   2.1e-89   2.1e-89  289.1  17.2     9   399     1   414     1   422 0.91 <unknown description>
34837at4893_27294_0:00099b|contig_224:1544-7904|-   -           1889 34837                -           1359  1.2e-237  780.3  52.9   2   2  2.8e-152  2.8e-152  497.4  27.7   484  1356   427  1345   420  1348 0.80 <unknown description>
34837at4893_61262_0:0005fb|contig_224:5096-7747|-   -            801 34837                -           1359  3.4e-151  493.8  32.9   1   3   6.5e-68   6.5e-68  217.9  11.4    54   399     1   349     1   356 0.92 <unknown description>
34837at4893_61262_0:0005fb|contig_224:5096-7747|-   -            801 34837                -           1359  3.4e-151  493.8  32.9   2   3   4.9e-18   4.9e-18   52.6   0.0   436   595   359   529   353   534 0.79 <unknown description>
34837at4893_61262_0:0005fb|contig_224:5096-7747|-   -            801 34837                -           1359  3.4e-151  493.8  32.9   3   3   7.8e-72   7.8e-72  230.9  11.0   621   877   532   801   530   801 0.85 <unknown description>
34837at4893_284811_0:000ad8|contig_224:4053-5697|-  -            538 34837                -           1359  1.8e-129  421.8  20.5   1   1    2e-129    2e-129  421.7  20.5   690  1206     2   538     1   538 0.88 <unknown description>
34837at4893_1072105_0:0011ef|contig_224:4517-5636|- -            366 34837                -           1359   4.2e-95  307.9   9.7   1   1   4.7e-95   4.7e-95  307.8   9.7   710  1058     3   365     1   366 0.87 <unknown description>
34837at4893_1654605_0:000ffb|contig_224:5189-5636|- -            147 34837                -           1359   1.6e-57  183.4   2.3   1   1   1.7e-57   1.7e-57  183.3   2.3   710   848     3   144     1   147 0.89 <unknown description>
34837at4893_559295_0:000355|contig_224:5024-5636|-  -            202 34837                -           1359   3.4e-57  182.4   6.4   1   1   3.6e-57   3.6e-57  182.2   6.4   710   899     3   201     1   202 0.82 <unknown description>
#
# Program:         hmmsearch
# Version:         3.4 (Aug 2023)
# Pipeline mode:   SEARCH
# Query file:      /data/busco_downloads/lineages/saccharomycetaceae_odb12/hmms/34837at4893.hmm
# Target file:     outputs/busco_output/run_saccharomycetaceae_odb12/miniprot_output/translated_proteins/34837at4893.faa
# Option settings: hmmsearch --domtblout outputs/busco_output/run_saccharomycetaceae_odb12/hmmer_output/34837at4893.out --cpu 1 /data/busco_downloads/lineages/saccharomycetaceae_odb12/hmms/34837at4893.hmm outputs/busco_output/run_saccharomycetaceae_odb12/miniprot_output/translated_proteins/34837at4893.faa 
# Current dir:     /data
# Date:            Thu Sep 24 16:32:23 2026
# [ok]
