#                                                                                                             --- full sequence --- -------------- this domain -------------   hmm coord   ali coord   env coord
# target name                                         accession   tlen query name           accession   qlen   E-value  score  bias   #  of  c-Evalue  i-Evalue  score  bias  from    to  from    to  from    to  acc description of target
#                                 ------------------- ---------- ----- -------------------- ---------- ----- --------- ------ ----- --- --- --------- --------- ------ ----- ----- ----- ----- ----- ----- ----- ---- ---------------------
34866at4893_1095631_0:000570|contig_134:8640-11510|-  -            935 34866                -            596    1e-128  418.6  75.1   1   4   2.1e-43   2.1e-43  136.9   3.6     3   127     4   131     2   170 0.81 <unknown description>
34866at4893_1095631_0:000570|contig_134:8640-11510|-  -            935 34866                -            596    1e-128  418.6  75.1   2   4   2.1e-78   2.1e-78  252.5  30.9   143   437   184   481   170   528 0.86 <unknown description>
34866at4893_1095631_0:000570|contig_134:8640-11510|-  -            935 34866                -            596    1e-128  418.6  75.1   3   4   3.6e-15   3.6e-15   43.7  17.7   410   566   561   723   549   736 0.69 <unknown description>
34866at4893_1095631_0:000570|contig_134:8640-11510|-  -            935 34866                -            596    1e-128  418.6  75.1   4   4      0.01      0.01    2.5   0.6   547   587   803   844   792   850 0.74 <unknown description>
34866at4893_1071378_0:000e4e|contig_134:9427-17121|-  -            675 34866                -            596    3e-126  410.5  48.7   1   3   8.5e-37   8.5e-37  115.1   3.1     4   151     5   146     2   155 0.86 <unknown description>
34866at4893_1071378_0:000e4e|contig_134:9427-17121|-  -            675 34866                -            596    3e-126  410.5  48.7   2   3   3.4e-76   3.4e-76  245.2  25.9   144   434   178   472   173   489 0.89 <unknown description>
34866at4893_1071378_0:000e4e|contig_134:9427-17121|-  -            675 34866                -            596    3e-126  410.5  48.7   3   3   7.8e-21   7.8e-21   62.4   4.0   449   522   599   675   566   675 0.79 <unknown description>
34866at4893_42258_0:000c42|contig_134:9427-11481|-    -            647 34866                -            596  4.7e-123  399.9  46.3   1   3     1e-40     1e-40  128.0   1.5    11   151     2   145     1   154 0.85 <unknown description>
34866at4893_42258_0:000c42|contig_134:9427-11481|-    -            647 34866                -            596  4.7e-123  399.9  46.3   2   3     2e-75     2e-75  242.7  25.1   144   434   177   471   172   488 0.89 <unknown description>
34866at4893_42258_0:000c42|contig_134:9427-11481|-    -            647 34866                -            596  4.7e-123  399.9  46.3   3   3   2.2e-14   2.2e-14   41.0   4.5   449   522   570   647   537   647 0.79 <unknown description>
34866at4893_1230905_0:00073e|contig_134:10251-11472|- -            391 34866                -            596   3.4e-90  291.4  28.1   1   2   3.6e-34   3.6e-34  106.4   1.0    13   127     1   111     1   145 0.83 <unknown description>
34866at4893_1230905_0:00073e|contig_134:10251-11472|- -            391 34866                -            596   3.4e-90  291.4  28.1   2   2   1.5e-59   1.5e-59  190.2  20.0   144   355   165   381   160   390 0.85 <unknown description>
34866at4893_1003335_0:000717|contig_134:10134-10909|- -            254 34866                -            596   4.2e-70  225.1  29.6   1   1   4.7e-70   4.7e-70  224.9  29.6   155   403     1   253     1   254 0.88 <unknown description>
#
# Program:         hmmsearch
# Version:         3.4 (Aug 2023)
# Pipeline mode:   SEARCH
# Query file:      /data/busco_downloads/lineages/saccharomycetaceae_odb12/hmms/34866at4893.hmm
# Target file:     outputs/busco_output/run_saccharomycetaceae_odb12/miniprot_output/translated_proteins/34866at4893.faa
# Option settings: hmmsearch --domtblout outputs/busco_output/run_saccharomycetaceae_odb12/hmmer_output/34866at4893.out --cpu 1 /data/busco_downloads/lineages/saccharomycetaceae_odb12/hmms/34866at4893.hmm outputs/busco_output/run_saccharomycetaceae_odb12/miniprot_output/translated_proteins/34866at4893.faa 
# Current dir:     /data
# Date:            Thu Sep 24 16:32:23 2026
# [ok]
