#                                                                                                           --- full sequence --- -------------- this domain -------------   hmm coord   ali coord   env coord
# target name                                       accession   tlen query name           accession   qlen   E-value  score  bias   #  of  c-Evalue  i-Evalue  score  bias  from    to  from    to  from    to  acc description of target
#                               ------------------- ---------- ----- -------------------- ---------- ----- --------- ------ ----- --- --- --------- --------- ------ ----- ----- ----- ----- ----- ----- ----- ---- ---------------------
34949at4893_1095631_0:0008d5|contig_110:6926-8135|+ -            392 34949                -            321   8.3e-82  263.4  11.6   1   2   1.5e-76   1.5e-76  246.2   8.8    19   299    44   340     9   354 0.85 <unknown description>
34949at4893_1095631_0:0008d5|contig_110:6926-8135|+ -            392 34949                -            321   8.3e-82  263.4  11.6   2   2   4.2e-07   4.2e-07   18.0   0.1   284   320   354   390   346   391 0.84 <unknown description>
34949at4893_764097_0:000724|contig_110:6926-7873|+  -            309 34949                -            321   3.1e-68  218.8   5.6   1   1   7.3e-68   7.3e-68  217.6   5.6    19   255    44   297     9   300 0.87 <unknown description>
34949at4893_764102_0:0006fa|contig_110:7225-8135|+  -            294 34949                -            321   1.5e-61  196.9   7.5   1   2   2.5e-56   2.5e-56  179.7   4.7    76   300     2   243     1   256 0.82 <unknown description>
34949at4893_764102_0:0006fa|contig_110:7225-8135|+  -            294 34949                -            321   1.5e-61  196.9   7.5   2   2   2.7e-07   2.7e-07   18.6   0.1   284   320   256   292   247   293 0.84 <unknown description>
34949at4893_2792677_0:00057f|contig_110:6945-7560|+ -            203 34949                -            321   1.5e-45  144.3   0.9   1   1     2e-45     2e-45  143.9   0.9    19   171    38   202    19   203 0.84 <unknown description>
34949at4893_42260_0:0003b7|contig_110:7281-7685|+   -            133 34949                -            321   4.1e-40  126.4   1.0   1   1   5.2e-40   5.2e-40  126.1   1.0    94   213     2   133     1   133 0.85 <unknown description>
34949at4893_1071381_0:0002be|contig_110:7281-7560|+ -             93 34949                -            321   1.1e-28   88.9   0.2   1   1   1.4e-28   1.4e-28   88.6   0.2    94   171     2    92     1    93 0.80 <unknown description>
34949at4893_34358_0:000d28|contig_110:7369-7912|+   -            170 34949                -            321   1.9e-27   84.8   2.9   1   1   2.7e-27   2.7e-27   84.3   2.9   117   278     1   169     1   170 0.79 <unknown description>
#
# Program:         hmmsearch
# Version:         3.4 (Aug 2023)
# Pipeline mode:   SEARCH
# Query file:      /data/busco_downloads/lineages/saccharomycetaceae_odb12/hmms/34949at4893.hmm
# Target file:     outputs/busco_output/run_saccharomycetaceae_odb12/miniprot_output/translated_proteins/34949at4893.faa
# Option settings: hmmsearch --domtblout outputs/busco_output/run_saccharomycetaceae_odb12/hmmer_output/34949at4893.out --cpu 1 /data/busco_downloads/lineages/saccharomycetaceae_odb12/hmms/34949at4893.hmm outputs/busco_output/run_saccharomycetaceae_odb12/miniprot_output/translated_proteins/34949at4893.faa 
# Current dir:     /data
# Date:            Thu Sep 24 16:32:24 2026
# [ok]
