#                                                                                                             --- full sequence --- -------------- this domain -------------   hmm coord   ali coord   env coord
# target name                                         accession   tlen query name           accession   qlen   E-value  score  bias   #  of  c-Evalue  i-Evalue  score  bias  from    to  from    to  from    to  acc description of target
#                                 ------------------- ---------- ----- -------------------- ---------- ----- --------- ------ ----- --- --- --------- --------- ------ ----- ----- ----- ----- ----- ----- ----- ---- ---------------------
35972at4893_559292_0:000b0d|contig_133:19388-21019|-  -            532 35972                -            394   1.4e-39  123.2  30.6   1   4     0.015     0.015    1.2   0.0     7    22     1    16     1    22 0.84 <unknown description>
35972at4893_559292_0:000b0d|contig_133:19388-21019|-  -            532 35972                -            394   1.4e-39  123.2  30.6   2   4   3.6e-07   3.6e-07   16.5   2.7    16    73    35    98    30   154 0.69 <unknown description>
35972at4893_559292_0:000b0d|contig_133:19388-21019|-  -            532 35972                -            394   1.4e-39  123.2  30.6   3   4   5.9e-17   5.9e-17   48.7   0.1   103   199   173   280   153   294 0.72 <unknown description>
35972at4893_559292_0:000b0d|contig_133:19388-21019|-  -            532 35972                -            394   1.4e-39  123.2  30.6   4   4     4e-21     4e-21   62.4  12.3   189   393   293   530   286   531 0.73 <unknown description>
35972at4893_1095631_0:00045e|contig_133:19791-21010|- -            398 35972                -            394     1e-30   94.0  20.1   1   3   2.1e-07   2.1e-07   17.2   2.8    16    73    32    95    27   164 0.69 <unknown description>
35972at4893_1095631_0:00045e|contig_133:19791-21010|- -            398 35972                -            394     1e-30   94.0  20.1   2   3   3.3e-17   3.3e-17   49.5   0.1   103   199   170   277   150   293 0.72 <unknown description>
35972at4893_1095631_0:00045e|contig_133:19791-21010|- -            398 35972                -            394     1e-30   94.0  20.1   3   3     9e-12     9e-12   31.6   5.1   189   265   290   374   284   393 0.71 <unknown description>
#
# Program:         hmmsearch
# Version:         3.4 (Aug 2023)
# Pipeline mode:   SEARCH
# Query file:      /data/busco_downloads/lineages/saccharomycetaceae_odb12/hmms/35972at4893.hmm
# Target file:     outputs/busco_output/run_saccharomycetaceae_odb12/miniprot_output/translated_proteins/35972at4893.faa
# Option settings: hmmsearch --domtblout outputs/busco_output/run_saccharomycetaceae_odb12/hmmer_output/35972at4893.out --cpu 1 /data/busco_downloads/lineages/saccharomycetaceae_odb12/hmms/35972at4893.hmm outputs/busco_output/run_saccharomycetaceae_odb12/miniprot_output/translated_proteins/35972at4893.faa 
# Current dir:     /data
# Date:            Thu Sep 24 16:32:13 2026
# [ok]
