#                                                                                                             --- full sequence --- -------------- this domain -------------   hmm coord   ali coord   env coord
# target name                                         accession   tlen query name           accession   qlen   E-value  score  bias   #  of  c-Evalue  i-Evalue  score  bias  from    to  from    to  from    to  acc description of target
#                                 ------------------- ---------- ----- -------------------- ---------- ----- --------- ------ ----- --- --- --------- --------- ------ ----- ----- ----- ----- ----- ----- ----- ---- ---------------------
36912at4893_1095631_0:001205|contig_204:31336-33687|+ -            767 36912                -            475   2.7e-31   96.7   0.1   1   3   2.5e-12   2.5e-12   34.2   0.0    45   154    78   202    76   215 0.67 <unknown description>
36912at4893_1095631_0:001205|contig_204:31336-33687|+ -            767 36912                -            475   2.7e-31   96.7   0.1   2   3         4         4  -15.0  24.8   173   215   345   388   325   545 0.54 <unknown description>
36912at4893_1095631_0:001205|contig_204:31336-33687|+ -            767 36912                -            475   2.7e-31   96.7   0.1   3   3   5.8e-23   5.8e-23   69.2   0.0   366   473   658   764   649   766 0.90 <unknown description>
36912at4893_1160507_0:000def|contig_204:33386-33687|+ -             99 36912                -            475   3.4e-23   70.0   0.1   1   1   3.7e-23   3.7e-23   69.9   0.1   377   473     1    96     1    98 0.90 <unknown description>
36912at4893_226126_0:0014ce|contig_204:32331-33687|+  -            445 36912                -            475   6.3e-22   65.8   0.1   1   2       1.6       1.6   -4.7  14.0   169   215    18    65     2    77 0.63 <unknown description>
36912at4893_226126_0:0014ce|contig_204:32331-33687|+  -            445 36912                -            475   6.3e-22   65.8   0.1   2   2   6.3e-22   6.3e-22   65.8   0.1   374   473   344   442   337   444 0.89 <unknown description>
36912at4893_1064592_0:000a86|contig_5:44432-44775|+   -            115 36912                -            475         4  -13.2  49.4   1   1         4         4  -14.3  49.4   163   264     8   108     1   115 0.31 <unknown description>
#
# Program:         hmmsearch
# Version:         3.4 (Aug 2023)
# Pipeline mode:   SEARCH
# Query file:      /data/busco_downloads/lineages/saccharomycetaceae_odb12/hmms/36912at4893.hmm
# Target file:     outputs/busco_output/run_saccharomycetaceae_odb12/miniprot_output/translated_proteins/36912at4893.faa
# Option settings: hmmsearch --domtblout outputs/busco_output/run_saccharomycetaceae_odb12/hmmer_output/36912at4893.out --cpu 1 /data/busco_downloads/lineages/saccharomycetaceae_odb12/hmms/36912at4893.hmm outputs/busco_output/run_saccharomycetaceae_odb12/miniprot_output/translated_proteins/36912at4893.faa 
# Current dir:     /data
# Date:            Thu Sep 24 16:32:15 2026
# [ok]
