#                                                                                                             --- full sequence --- -------------- this domain -------------   hmm coord   ali coord   env coord
# target name                                         accession   tlen query name           accession   qlen   E-value  score  bias   #  of  c-Evalue  i-Evalue  score  bias  from    to  from    to  from    to  acc description of target
#                                 ------------------- ---------- ----- -------------------- ---------- ----- --------- ------ ----- --- --- --------- --------- ------ ----- ----- ----- ----- ----- ----- ----- ---- ---------------------
37090at4893_1095631_0:000dfe|contig_103:24220-28063|+ -           1253 37090                -           1086  1.8e-149  488.8  62.6   1   2     7e-71     7e-71  228.5  10.5    72   492    92   543     1   566 0.64 <unknown description>
37090at4893_1095631_0:000dfe|contig_103:24220-28063|+ -           1253 37090                -           1086  1.8e-149  488.8  62.6   2   2   1.6e-80   1.6e-80  260.5  49.6   465  1060   576  1238   538  1251 0.66 <unknown description>
37090at4893_27294_0:0002d3|contig_103:22939-26671|+   -            966 37090                -           1086  6.1e-130  424.1  54.2   1   1  9.1e-130  9.1e-130  423.5  54.2    15   681   278   959   268   966 0.75 <unknown description>
37090at4893_1071378_0:000ca3|contig_103:24532-26812|+ -            716 37090                -           1086  1.6e-101  330.0 107.4   1   3   1.5e-32   1.5e-32  101.6   0.0    82   175     1    96     1    99 0.91 <unknown description>
37090at4893_1071378_0:000ca3|contig_103:24532-26812|+ -            716 37090                -           1086  1.6e-101  330.0 107.4   2   3   2.5e-29   2.5e-29   90.9  10.5   216   494   111   430   103   435 0.64 <unknown description>
37090at4893_1071378_0:000ca3|contig_103:24532-26812|+ -            716 37090                -           1086  1.6e-101  330.0 107.4   3   3   9.8e-45   9.8e-45  142.0  87.5   474   688   454   669   442   700 0.82 <unknown description>
37090at4893_27292_0:00101e|contig_103:24220-26308|+   -            681 37090                -           1086   2.2e-88  286.5  40.8   1   2   1.1e-70   1.1e-70  227.9  13.5    72   492    92   543     1   563 0.64 <unknown description>
37090at4893_27292_0:00101e|contig_103:24220-26308|+   -            681 37090                -           1086   2.2e-88  286.5  40.8   2   2   1.7e-19   1.7e-19   58.4  25.7   466   564   577   673   539   677 0.62 <unknown description>
37090at4893_4956_0:000776|contig_103:25100-26677|+    -            480 37090                -           1086   1.1e-81  264.4 107.5   1   1   3.2e-80   3.2e-80  259.5 107.5   259   682     2   472     1   479 0.72 <unknown description>
37090at4893_1003335_0:001247|contig_103:26067-26746|+ -            225 37090                -           1086   1.8e-47  151.0  86.0   1   1   2.1e-47   2.1e-47  150.8  86.0   490   688     1   200     1   220 0.85 <unknown description>
37090at4893_1654605_0:00118b|contig_103:25844-26665|+ -            231 37090                -           1086   3.9e-47  149.9 106.2   1   1   4.7e-47   4.7e-47  149.6 106.2   461   678     4   223     1   231 0.84 <unknown description>
37090at4893_27292_0:001044|contig_103:26380-28063|+   -            550 37090                -           1086   4.4e-37  116.6  22.9   1   1   2.2e-36   2.2e-36  114.3  22.9   607  1060    16   535     1   548 0.63 <unknown description>
#
# Program:         hmmsearch
# Version:         3.4 (Aug 2023)
# Pipeline mode:   SEARCH
# Query file:      /data/busco_downloads/lineages/saccharomycetaceae_odb12/hmms/37090at4893.hmm
# Target file:     outputs/busco_output/run_saccharomycetaceae_odb12/miniprot_output/translated_proteins/37090at4893.faa
# Option settings: hmmsearch --domtblout outputs/busco_output/run_saccharomycetaceae_odb12/hmmer_output/37090at4893.out --cpu 1 /data/busco_downloads/lineages/saccharomycetaceae_odb12/hmms/37090at4893.hmm outputs/busco_output/run_saccharomycetaceae_odb12/miniprot_output/translated_proteins/37090at4893.faa 
# Current dir:     /data
# Date:            Thu Sep 24 16:32:17 2026
# [ok]
