#                                                                                                             --- full sequence --- -------------- this domain -------------   hmm coord   ali coord   env coord
# target name                                         accession   tlen query name           accession   qlen   E-value  score  bias   #  of  c-Evalue  i-Evalue  score  bias  from    to  from    to  from    to  acc description of target
#                                 ------------------- ---------- ----- -------------------- ---------- ----- --------- ------ ----- --- --- --------- --------- ------ ----- ----- ----- ----- ----- ----- ----- ---- ---------------------
37178at4893_559292_0:001512|contig_241:17830-21833|+  -           1303 37178                -           1025  7.6e-182  594.9  53.8   1   5   3.1e-75   3.1e-75  241.9   4.6    34   456    97   525    68   545 0.73 <unknown description>
37178at4893_559292_0:001512|contig_241:17830-21833|+  -           1303 37178                -           1025  7.6e-182  594.9  53.8   2   5   1.4e-20   1.4e-20   61.0   1.4   484   579   588   681   577   702 0.82 <unknown description>
37178at4893_559292_0:001512|contig_241:17830-21833|+  -           1303 37178                -           1025  7.6e-182  594.9  53.8   3   5   2.1e-22   2.1e-22   67.0  10.7   566   758   703   925   698   945 0.62 <unknown description>
37178at4893_559292_0:001512|contig_241:17830-21833|+  -           1303 37178                -           1025  7.6e-182  594.9  53.8   4   5   4.4e-08   4.4e-08   19.6   7.1   697   831   916  1052   908  1073 0.72 <unknown description>
37178at4893_559292_0:001512|contig_241:17830-21833|+  -           1303 37178                -           1025  7.6e-182  594.9  53.8   5   5   3.8e-69   3.8e-69  221.8   4.3   835  1023  1100  1298  1071  1300 0.84 <unknown description>
37178at4893_1266666_0:000ba8|contig_241:19111-21830|+ -            794 37178                -           1025  2.2e-113  368.2  31.7   1   5   1.1e-25   1.1e-25   77.9   0.0   349   433     1    84     1   117 0.91 <unknown description>
37178at4893_1266666_0:000ba8|contig_241:19111-21830|+ -            794 37178                -           1025  2.2e-113  368.2  31.7   2   5     4e-15     4e-15   42.9   0.3   511   570   198   258   134   263 0.73 <unknown description>
37178at4893_1266666_0:000ba8|contig_241:19111-21830|+ -            794 37178                -           1025  2.2e-113  368.2  31.7   3   5     3e-08     3e-08   20.2   4.0   618   727   278   388   267   405 0.71 <unknown description>
37178at4893_1266666_0:000ba8|contig_241:19111-21830|+ -            794 37178                -           1025  2.2e-113  368.2  31.7   4   5   1.8e-07   1.8e-07   17.6   3.1   703   829   414   542   401   567 0.70 <unknown description>
37178at4893_1266666_0:000ba8|contig_241:19111-21830|+ -            794 37178                -           1025  2.2e-113  368.2  31.7   5   5   6.2e-70   6.2e-70  224.4   2.5   831  1023   588   790   561   792 0.86 <unknown description>
37178at4893_45286_0:0000ea|contig_241:19724-21830|+   -            508 37178                -           1025   1.9e-94  305.6  22.5   1   1   5.3e-91   5.3e-91  294.1  22.5   514  1023     1   504     1   506 0.73 <unknown description>
37178at4893_28985_0:000eae|contig_241:18386-19870|+   -            487 37178                -           1025   5.9e-73  234.4   9.4   1   2   5.5e-33   5.5e-33  102.1   0.3   115   289     2   170     1   187 0.86 <unknown description>
37178at4893_28985_0:000eae|contig_241:18386-19870|+   -            487 37178                -           1025   5.9e-73  234.4   9.4   2   2   9.5e-42   9.5e-42  131.1   3.7   348   562   237   486   227   487 0.69 <unknown description>
37178at4893_1230905_0:000f35|contig_241:19120-19873|+ -            249 37178                -           1025   7.8e-39  121.4   0.2   1   2     2e-25     2e-25   77.1   0.0   352   433     1    81     1   123 0.90 <unknown description>
37178at4893_1230905_0:000f35|contig_241:19120-19873|+ -            249 37178                -           1025   7.8e-39  121.4   0.2   2   2   3.7e-15   3.7e-15   43.0   0.1   513   562   199   247   134   249 0.78 <unknown description>
#
# Program:         hmmsearch
# Version:         3.4 (Aug 2023)
# Pipeline mode:   SEARCH
# Query file:      /data/busco_downloads/lineages/saccharomycetaceae_odb12/hmms/37178at4893.hmm
# Target file:     outputs/busco_output/run_saccharomycetaceae_odb12/miniprot_output/translated_proteins/37178at4893.faa
# Option settings: hmmsearch --domtblout outputs/busco_output/run_saccharomycetaceae_odb12/hmmer_output/37178at4893.out --cpu 1 /data/busco_downloads/lineages/saccharomycetaceae_odb12/hmms/37178at4893.hmm outputs/busco_output/run_saccharomycetaceae_odb12/miniprot_output/translated_proteins/37178at4893.faa 
# Current dir:     /data
# Date:            Thu Sep 24 16:32:18 2026
# [ok]
