#                                                                                                             --- full sequence --- -------------- this domain -------------   hmm coord   ali coord   env coord
# target name                                         accession   tlen query name           accession   qlen   E-value  score  bias   #  of  c-Evalue  i-Evalue  score  bias  from    to  from    to  from    to  acc description of target
#                                 ------------------- ---------- ----- -------------------- ---------- ----- --------- ------ ----- --- --- --------- --------- ------ ----- ----- ----- ----- ----- ----- ----- ---- ---------------------
37365at4893_1095631_0:000b17|contig_417:10024-13997|- -           1297 37365                -            916  8.9e-157  510.2  95.9   1   7     0.052     0.052   -2.0   0.0     2    21     2    23     1    30 0.79 <unknown description>
37365at4893_1095631_0:000b17|contig_417:10024-13997|- -           1297 37365                -            916  8.9e-157  510.2  95.9   2   7   2.9e-54   2.9e-54  171.0  11.5    18   332    70   422    65   433 0.81 <unknown description>
37365at4893_1095631_0:000b17|contig_417:10024-13997|- -           1297 37365                -            916  8.9e-157  510.2  95.9   3   7   4.8e-18   4.8e-18   51.1   0.3   315   370   432   487   423   507 0.84 <unknown description>
37365at4893_1095631_0:000b17|contig_417:10024-13997|- -           1297 37365                -            916  8.9e-157  510.2  95.9   4   7   1.5e-44   1.5e-44  138.8  21.0   383   587   539   782   536   830 0.76 <unknown description>
37365at4893_1095631_0:000b17|contig_417:10024-13997|- -           1297 37365                -            916  8.9e-157  510.2  95.9   5   7   4.1e-34   4.1e-34  104.3   2.1   596   755   870  1033   858  1041 0.91 <unknown description>
37365at4893_1095631_0:000b17|contig_417:10024-13997|- -           1297 37365                -            916  8.9e-157  510.2  95.9   6   7   9.4e-05   9.4e-05    7.1   5.8   767   822  1070  1132  1057  1136 0.79 <unknown description>
37365at4893_1095631_0:000b17|contig_417:10024-13997|- -           1297 37365                -            916  8.9e-157  510.2  95.9   7   7   3.2e-21   3.2e-21   61.6  23.0   770   912  1127  1280  1125  1283 0.72 <unknown description>
37365at4893_4950_0:000b18|contig_417:11625-12896|-    -            381 37365                -            916   9.6e-80  255.3  33.7   1   3   1.8e-17   1.8e-17   49.2   1.3   270   335     1    66     1    77 0.83 <unknown description>
37365at4893_4950_0:000b18|contig_417:11625-12896|-    -            381 37365                -            916   9.6e-80  255.3  33.7   2   3   7.9e-51   7.9e-51  159.6  17.5   327   490    86   253    76   257 0.91 <unknown description>
37365at4893_4950_0:000b18|contig_417:11625-12896|-    -            381 37365                -            916   9.6e-80  255.3  33.7   3   3   6.6e-20   6.6e-20   57.2   0.9   496   581   288   380   260   381 0.80 <unknown description>
#
# Program:         hmmsearch
# Version:         3.4 (Aug 2023)
# Pipeline mode:   SEARCH
# Query file:      /data/busco_downloads/lineages/saccharomycetaceae_odb12/hmms/37365at4893.hmm
# Target file:     outputs/busco_output/run_saccharomycetaceae_odb12/miniprot_output/translated_proteins/37365at4893.faa
# Option settings: hmmsearch --domtblout outputs/busco_output/run_saccharomycetaceae_odb12/hmmer_output/37365at4893.out --cpu 1 /data/busco_downloads/lineages/saccharomycetaceae_odb12/hmms/37365at4893.hmm outputs/busco_output/run_saccharomycetaceae_odb12/miniprot_output/translated_proteins/37365at4893.faa 
# Current dir:     /data
# Date:            Thu Sep 24 16:32:22 2026
# [ok]
