#                                                                                                            --- full sequence --- -------------- this domain -------------   hmm coord   ali coord   env coord
# target name                                        accession   tlen query name           accession   qlen   E-value  score  bias   #  of  c-Evalue  i-Evalue  score  bias  from    to  from    to  from    to  acc description of target
#                                ------------------- ---------- ----- -------------------- ---------- ----- --------- ------ ----- --- --- --------- --------- ------ ----- ----- ----- ----- ----- ----- ----- ---- ---------------------
37829at4893_27292_0:000441|contig_11:14348-18808|+   -           1457 37829                -           1297  8.9e-211  691.0  41.7   1   4   2.5e-09   2.5e-09   23.6   0.0     3    86    13   103    11   121 0.72 <unknown description>
37829at4893_27292_0:000441|contig_11:14348-18808|+   -           1457 37829                -           1297  8.9e-211  691.0  41.7   2   4   8.5e-56   8.5e-56  177.6  20.6    53   434   129   532   110   575 0.65 <unknown description>
37829at4893_27292_0:000441|contig_11:14348-18808|+   -           1457 37829                -           1297  8.9e-211  691.0  41.7   3   4    0.0017    0.0017    4.4   1.3   401   483   535   617   490   631 0.61 <unknown description>
37829at4893_27292_0:000441|contig_11:14348-18808|+   -           1457 37829                -           1297  8.9e-211  691.0  41.7   4   4  8.4e-151  8.4e-151  492.4  15.7   380  1269   546  1428   535  1456 0.78 <unknown description>
37829at4893_436907_0:00112a|contig_11:15139-18680|+  -           1085 37829                -           1297  5.7e-190  622.1   7.2   1   1  7.2e-190  7.2e-190  621.8   7.2   175  1254     2  1082     1  1084 0.80 <unknown description>
37829at4893_48254_0:000c7a|contig_11:14355-17333|+   -            911 37829                -           1297    1e-148  485.4  27.1   1   1  1.1e-143  1.1e-143  468.7  27.1    13   818    21   908    13   910 0.68 <unknown description>
37829at4893_1266666_0:000289|contig_11:16369-18658|+ -            749 37829                -           1297  2.6e-143  467.5   7.4   1   1    3e-143    3e-143  467.3   7.4   497  1248     1   747     1   749 0.84 <unknown description>
37829at4893_4955_0:0006ff|contig_11:14988-17298|+    -            677 37829                -           1297  1.7e-138  451.6  10.5   1   1    2e-138    2e-138  451.3  10.5   129   809     1   676     1   677 0.79 <unknown description>
#
# Program:         hmmsearch
# Version:         3.4 (Aug 2023)
# Pipeline mode:   SEARCH
# Query file:      /data/busco_downloads/lineages/saccharomycetaceae_odb12/hmms/37829at4893.hmm
# Target file:     outputs/busco_output/run_saccharomycetaceae_odb12/miniprot_output/translated_proteins/37829at4893.faa
# Option settings: hmmsearch --domtblout outputs/busco_output/run_saccharomycetaceae_odb12/hmmer_output/37829at4893.out --cpu 1 /data/busco_downloads/lineages/saccharomycetaceae_odb12/hmms/37829at4893.hmm outputs/busco_output/run_saccharomycetaceae_odb12/miniprot_output/translated_proteins/37829at4893.faa 
# Current dir:     /data
# Date:            Thu Sep 24 16:32:16 2026
# [ok]
