#                                                                                                           --- full sequence --- -------------- this domain -------------   hmm coord   ali coord   env coord
# target name                                       accession   tlen query name           accession   qlen   E-value  score  bias   #  of  c-Evalue  i-Evalue  score  bias  from    to  from    to  from    to  acc description of target
#                               ------------------- ---------- ----- -------------------- ---------- ----- --------- ------ ----- --- --- --------- --------- ------ ----- ----- ----- ----- ----- ----- ----- ---- ---------------------
37875at4893_1095631_0:00095a|contig_387:2435-4978|+ -            825 37875                -            493     4e-66  211.6  61.8   1   7    0.0056    0.0056    3.3   0.1    36    68     9    42     2    47 0.83 <unknown description>
37875at4893_1095631_0:00095a|contig_387:2435-4978|+ -            825 37875                -            493     4e-66  211.6  61.8   2   7   4.6e-06   4.6e-06   13.5   0.8    64   151    99   186    86   199 0.60 <unknown description>
37875at4893_1095631_0:00095a|contig_387:2435-4978|+ -            825 37875                -            493     4e-66  211.6  61.8   3   7     0.086     0.086   -0.6   4.2    87   144   176   232   156   267 0.73 <unknown description>
37875at4893_1095631_0:00095a|contig_387:2435-4978|+ -            825 37875                -            493     4e-66  211.6  61.8   4   7   0.00013   0.00013    8.7   4.6    85   192   224   336   209   358 0.66 <unknown description>
37875at4893_1095631_0:00095a|contig_387:2435-4978|+ -            825 37875                -            493     4e-66  211.6  61.8   5   7   0.00015   0.00015    8.6   2.5   192   218   385   411   374   434 0.75 <unknown description>
37875at4893_1095631_0:00095a|contig_387:2435-4978|+ -            825 37875                -            493     4e-66  211.6  61.8   6   7   4.6e-25   4.6e-25   76.2   2.1   233   338   487   599   468   608 0.80 <unknown description>
37875at4893_1095631_0:00095a|contig_387:2435-4978|+ -            825 37875                -            493     4e-66  211.6  61.8   7   7   3.9e-40   3.9e-40  125.9  17.4   335   492   637   799   623   800 0.89 <unknown description>
37875at4893_48254_0:000f21|contig_387:3980-4951|+   -            321 37875                -            493   4.7e-47  148.7  27.4   1   2     4e-17     4e-17   50.0   6.0   248   329     1    92     1   110 0.79 <unknown description>
37875at4893_48254_0:000f21|contig_387:3980-4951|+   -            321 37875                -            493   4.7e-47  148.7  27.4   2   2   9.3e-34   9.3e-34  104.9  13.5   348   492   154   304   134   305 0.87 <unknown description>
37875at4893_42260_0:000809|contig_387:4611-4975|+   -            121 37875                -            493   1.6e-28   87.6  11.5   1   1     2e-28     2e-28   87.3  11.5   400   485     1    89     1    94 0.92 <unknown description>
#
# Program:         hmmsearch
# Version:         3.4 (Aug 2023)
# Pipeline mode:   SEARCH
# Query file:      /data/busco_downloads/lineages/saccharomycetaceae_odb12/hmms/37875at4893.hmm
# Target file:     outputs/busco_output/run_saccharomycetaceae_odb12/miniprot_output/translated_proteins/37875at4893.faa
# Option settings: hmmsearch --domtblout outputs/busco_output/run_saccharomycetaceae_odb12/hmmer_output/37875at4893.out --cpu 1 /data/busco_downloads/lineages/saccharomycetaceae_odb12/hmms/37875at4893.hmm outputs/busco_output/run_saccharomycetaceae_odb12/miniprot_output/translated_proteins/37875at4893.faa 
# Current dir:     /data
# Date:            Thu Sep 24 16:32:18 2026
# [ok]
