#                                                                                                          --- full sequence --- -------------- this domain -------------   hmm coord   ali coord   env coord
# target name                                      accession   tlen query name           accession   qlen   E-value  score  bias   #  of  c-Evalue  i-Evalue  score  bias  from    to  from    to  from    to  acc description of target
#                              ------------------- ---------- ----- -------------------- ---------- ----- --------- ------ ----- --- --- --------- --------- ------ ----- ----- ----- ----- ----- ----- ----- ---- ---------------------
37959at4893_4932_0:0013ce|contig_148:8047-12747|+  -           1533 37959                -           1149         0 1466.5  67.2   1   5     0.043     0.043   -1.7   0.0     4    24    42    62    40    76 0.81 <unknown description>
37959at4893_4932_0:0013ce|contig_148:8047-12747|+  -           1533 37959                -           1149         0 1466.5  67.2   2   5   2.1e-58   2.1e-58  184.8   0.2    37   166   195   324   173   346 0.86 <unknown description>
37959at4893_4932_0:0013ce|contig_148:8047-12747|+  -           1533 37959                -           1149         0 1466.5  67.2   3   5   1.9e-52   1.9e-52  165.1  17.2   153   293   374   509   354   525 0.79 <unknown description>
37959at4893_4932_0:0013ce|contig_148:8047-12747|+  -           1533 37959                -           1149         0 1466.5  67.2   4   5     1e-05     1e-05   10.3   3.7   268   298   534   564   507   570 0.76 <unknown description>
37959at4893_4932_0:0013ce|contig_148:8047-12747|+  -           1533 37959                -           1149         0 1466.5  67.2   5   5         0         0 1118.1  29.5   263  1135   556  1466   553  1477 0.89 <unknown description>
37959at4893_27292_0:001192|contig_148:9206-12747|+ -           1155 37959                -           1149         0 1285.8  59.6   1   3   3.6e-52   3.6e-52  164.1  16.1   165   293     7   130     2   145 0.79 <unknown description>
37959at4893_27292_0:001192|contig_148:9206-12747|+ -           1155 37959                -           1149         0 1285.8  59.6   2   3   4.1e-06   4.1e-06   11.6   2.7   268   298   155   185   132   191 0.79 <unknown description>
37959at4893_27292_0:001192|contig_148:9206-12747|+ -           1155 37959                -           1149         0 1285.8  59.6   3   3         0         0 1117.2  31.4   266  1135   180  1088   176  1099 0.89 <unknown description>
#
# Program:         hmmsearch
# Version:         3.4 (Aug 2023)
# Pipeline mode:   SEARCH
# Query file:      /data/busco_downloads/lineages/saccharomycetaceae_odb12/hmms/37959at4893.hmm
# Target file:     outputs/busco_output/run_saccharomycetaceae_odb12/miniprot_output/translated_proteins/37959at4893.faa
# Option settings: hmmsearch --domtblout outputs/busco_output/run_saccharomycetaceae_odb12/hmmer_output/37959at4893.out --cpu 1 /data/busco_downloads/lineages/saccharomycetaceae_odb12/hmms/37959at4893.hmm outputs/busco_output/run_saccharomycetaceae_odb12/miniprot_output/translated_proteins/37959at4893.faa 
# Current dir:     /data
# Date:            Thu Sep 24 16:32:20 2026
# [ok]
