#                                                                                                           --- full sequence --- -------------- this domain -------------   hmm coord   ali coord   env coord
# target name                                       accession   tlen query name           accession   qlen   E-value  score  bias   #  of  c-Evalue  i-Evalue  score  bias  from    to  from    to  from    to  acc description of target
#                               ------------------- ---------- ----- -------------------- ---------- ----- --------- ------ ----- --- --- --------- --------- ------ ----- ----- ----- ----- ----- ----- ----- ---- ---------------------
38156at4893_27292_0:0014d9|contig_9:59643-64469|-   -           1574 38156                -           1386    4e-306 1007.2   0.1   1   3   6.6e-37   6.6e-37  115.1   0.0     9   260    51   329    43   350 0.79 <unknown description>
38156at4893_27292_0:0014d9|contig_9:59643-64469|-   -           1574 38156                -           1386    4e-306 1007.2   0.1   2   3    0.0042    0.0042    3.1   0.0   345   382   440   477   433   498 0.80 <unknown description>
38156at4893_27292_0:0014d9|contig_9:59643-64469|-   -           1574 38156                -           1386    4e-306 1007.2   0.1   3   3  8.5e-269  8.5e-269  883.5   1.6   393  1379   557  1560   514  1572 0.86 <unknown description>
38156at4893_1071378_0:0014b5|contig_9:59662-63517|- -           1217 38156                -           1386  3.1e-233  765.7   8.1   1   2   0.00038   0.00038    6.6   0.0   244   260     1    17     1    38 0.89 <unknown description>
38156at4893_1071378_0:0014b5|contig_9:59662-63517|- -           1217 38156                -           1386  3.1e-233  765.7   8.1   2   2  9.1e-230  9.1e-230  754.2   7.5   346  1365   129  1195   118  1215 0.81 <unknown description>
38156at4893_1064592_0:0009ec|contig_9:59726-62640|- -            939 38156                -           1386    2e-231  759.7   4.7   1   1  2.2e-231  2.2e-231  759.5   4.7   451  1365    17   938     1   939 0.87 <unknown description>
38156at4893_1333698_0:000e2e|contig_9:59777-61922|- -            701 38156                -           1386  1.2e-225  740.5   5.6   1   1  1.4e-225  1.4e-225  740.3   5.6   650  1349     1   700     1   701 0.92 <unknown description>
38156at4893_1072105_0:0004cc|contig_9:60311-61922|- -            530 38156                -           1386  2.5e-166  544.0   0.8   1   1  2.8e-166  2.8e-166  543.8   0.8   650  1177     1   529     1   530 0.92 <unknown description>
38156at4893_1427455_0:0005d2|contig_9:60151-61285|- -            371 38156                -           1386  2.4e-130  424.7   0.7   1   1  2.7e-130  2.7e-130  424.5   0.7   860  1228     4   368     2   371 0.91 <unknown description>
#
# Program:         hmmsearch
# Version:         3.4 (Aug 2023)
# Pipeline mode:   SEARCH
# Query file:      /data/busco_downloads/lineages/saccharomycetaceae_odb12/hmms/38156at4893.hmm
# Target file:     outputs/busco_output/run_saccharomycetaceae_odb12/miniprot_output/translated_proteins/38156at4893.faa
# Option settings: hmmsearch --domtblout outputs/busco_output/run_saccharomycetaceae_odb12/hmmer_output/38156at4893.out --cpu 1 /data/busco_downloads/lineages/saccharomycetaceae_odb12/hmms/38156at4893.hmm outputs/busco_output/run_saccharomycetaceae_odb12/miniprot_output/translated_proteins/38156at4893.faa 
# Current dir:     /data
# Date:            Thu Sep 24 16:32:24 2026
# [ok]
