#                                                                                                             --- full sequence --- -------------- this domain -------------   hmm coord   ali coord   env coord
# target name                                         accession   tlen query name           accession   qlen   E-value  score  bias   #  of  c-Evalue  i-Evalue  score  bias  from    to  from    to  from    to  acc description of target
#                                 ------------------- ---------- ----- -------------------- ---------- ----- --------- ------ ----- --- --- --------- --------- ------ ----- ----- ----- ----- ----- ----- ----- ---- ---------------------
38699at4893_1095631_0:001180|contig_232:18876-22596|- -           1203 38699                -            904  6.3e-115  372.6  37.1   1   4   3.3e-07   3.3e-07   16.1   0.0     3    80    21   104    19   130 0.82 <unknown description>
38699at4893_1095631_0:001180|contig_232:18876-22596|- -           1203 38699                -            904  6.3e-115  372.6  37.1   2   4   1.4e-57   1.4e-57  182.9  12.8    78   441   142   529   135   559 0.83 <unknown description>
38699at4893_1095631_0:001180|contig_232:18876-22596|- -           1203 38699                -            904  6.3e-115  372.6  37.1   3   4   1.7e-21   1.7e-21   63.4  12.7   433   629   552   788   536   808 0.65 <unknown description>
38699at4893_1095631_0:001180|contig_232:18876-22596|- -           1203 38699                -            904  6.3e-115  372.6  37.1   4   4   4.2e-35   4.2e-35  108.4   0.2   660   893   895  1185   878  1195 0.66 <unknown description>
38699at4893_4956_0:000717|contig_232:19720-22153|-    -            800 38699                -            904   1.2e-71  229.4  21.7   1   4     4e-49     4e-49  154.8   5.9    82   429     3   374     1   393 0.84 <unknown description>
38699at4893_4956_0:000717|contig_232:19720-22153|-    -            800 38699                -            904   1.2e-71  229.4  21.7   2   4   1.8e-11   1.8e-11   30.2   0.1   430   537   409   530   400   537 0.71 <unknown description>
38699at4893_4956_0:000717|contig_232:19720-22153|-    -            800 38699                -            904   1.2e-71  229.4  21.7   3   4   2.6e-13   2.6e-13   36.3   0.9   553   612   573   633   556   653 0.84 <unknown description>
38699at4893_4956_0:000717|contig_232:19720-22153|-    -            800 38699                -            904   1.2e-71  229.4  21.7   4   4   1.4e-07   1.4e-07   17.4   0.1   660   698   758   799   741   800 0.82 <unknown description>
38699at4893_42258_0:0008ac|contig_232:19720-21389|-   -            550 38699                -            904   3.5e-49  155.0  19.0   1   4   1.7e-23   1.7e-23   70.0   1.6   306   429     1   125     1   144 0.84 <unknown description>
38699at4893_42258_0:0008ac|contig_232:19720-21389|-   -            550 38699                -            904   3.5e-49  155.0  19.0   2   4     1e-11     1e-11   31.1   0.1   430   537   160   281   151   288 0.71 <unknown description>
38699at4893_42258_0:0008ac|contig_232:19720-21389|-   -            550 38699                -            904   3.5e-49  155.0  19.0   3   4   7.5e-16   7.5e-16   44.7   2.9   553   631   324   403   307   410 0.88 <unknown description>
38699at4893_42258_0:0008ac|contig_232:19720-21389|-   -            550 38699                -            904   3.5e-49  155.0  19.0   4   4   8.3e-08   8.3e-08   18.1   0.0   660   698   508   549   490   550 0.82 <unknown description>
#
# Program:         hmmsearch
# Version:         3.4 (Aug 2023)
# Pipeline mode:   SEARCH
# Query file:      /data/busco_downloads/lineages/saccharomycetaceae_odb12/hmms/38699at4893.hmm
# Target file:     outputs/busco_output/run_saccharomycetaceae_odb12/miniprot_output/translated_proteins/38699at4893.faa
# Option settings: hmmsearch --domtblout outputs/busco_output/run_saccharomycetaceae_odb12/hmmer_output/38699at4893.out --cpu 1 /data/busco_downloads/lineages/saccharomycetaceae_odb12/hmms/38699at4893.hmm outputs/busco_output/run_saccharomycetaceae_odb12/miniprot_output/translated_proteins/38699at4893.faa 
# Current dir:     /data
# Date:            Thu Sep 24 16:32:21 2026
# [ok]
