#                                                                                                            --- full sequence --- -------------- this domain -------------   hmm coord   ali coord   env coord
# target name                                        accession   tlen query name           accession   qlen   E-value  score  bias   #  of  c-Evalue  i-Evalue  score  bias  from    to  from    to  from    to  acc description of target
#                                ------------------- ---------- ----- -------------------- ---------- ----- --------- ------ ----- --- --- --------- --------- ------ ----- ----- ----- ----- ----- ----- ----- ---- ---------------------
39016at4893_27292_0:000d0f|contig_290:6849-18796|-   -           3792 39016                -           4762         0 1313.2   0.0   1   3   3.9e-31   3.9e-31   93.8   0.0  1076  1362     1   280     1   284 0.87 <unknown description>
39016at4893_27292_0:000d0f|contig_290:6849-18796|-   -           3792 39016                -           4762         0 1313.2   0.0   2   3  3.1e-304  3.1e-304 1000.3   0.0  1453  4247   349  3181   319  3194 0.82 <unknown description>
39016at4893_27292_0:000d0f|contig_290:6849-18796|-   -           3792 39016                -           4762         0 1313.2   0.0   3   3     1e-67     1e-67  215.2   0.0  4218  4757  3218  3791  3197  3792 0.76 <unknown description>
39016at4893_1064592_0:000a4e|contig_249:8924-12613|+ -           1182 39016                -           4762  2.9e-282  927.4   0.2   1   2  6.5e-251  6.5e-251  823.3   1.3     1   897     1   918     1   936 0.90 <unknown description>
39016at4893_1064592_0:000a4e|contig_249:8924-12613|+ -           1182 39016                -           4762  2.9e-282  927.4   0.2   2   2   2.7e-33   2.7e-33  100.9   0.0   994  1168   997  1181   987  1181 0.80 <unknown description>
39016at4893_4955_0:0013c4|contig_249:9823-12613|+    -            897 39016                -           4762  7.3e-216  707.0   0.0   1   2  2.1e-184  2.1e-184  602.5   0.1   281   897     1   629     1   648 0.91 <unknown description>
39016at4893_4955_0:0013c4|contig_249:9823-12613|+    -            897 39016                -           4762  7.3e-216  707.0   0.0   2   2     1e-33     1e-33  102.3   0.0   994  1168   708   896   698   896 0.83 <unknown description>
#
# Program:         hmmsearch
# Version:         3.4 (Aug 2023)
# Pipeline mode:   SEARCH
# Query file:      /data/busco_downloads/lineages/saccharomycetaceae_odb12/hmms/39016at4893.hmm
# Target file:     outputs/busco_output/run_saccharomycetaceae_odb12/miniprot_output/translated_proteins/39016at4893.faa
# Option settings: hmmsearch --domtblout outputs/busco_output/run_saccharomycetaceae_odb12/hmmer_output/39016at4893.out --cpu 1 /data/busco_downloads/lineages/saccharomycetaceae_odb12/hmms/39016at4893.hmm outputs/busco_output/run_saccharomycetaceae_odb12/miniprot_output/translated_proteins/39016at4893.faa 
# Current dir:     /data
# Date:            Thu Sep 24 16:32:27 2026
# [ok]
