#                                                                                                             --- full sequence --- -------------- this domain -------------   hmm coord   ali coord   env coord
# target name                                         accession   tlen query name           accession   qlen   E-value  score  bias   #  of  c-Evalue  i-Evalue  score  bias  from    to  from    to  from    to  acc description of target
#                                 ------------------- ---------- ----- -------------------- ---------- ----- --------- ------ ----- --- --- --------- --------- ------ ----- ----- ----- ----- ----- ----- ----- ---- ---------------------
39067at4893_27292_0:000706|contig_293:14866-18843|-   -           1292 39067                -           1238    2e-210  689.6  40.4   1   2  7.9e-160  7.9e-160  522.0  12.9    70   817     6   769     4   781 0.87 <unknown description>
39067at4893_27292_0:000706|contig_293:14866-18843|-   -           1292 39067                -           1238    2e-210  689.6  40.4   2   2   3.2e-54   3.2e-54  172.2  19.6   805  1209   784  1236   773  1254 0.73 <unknown description>
39067at4893_1071383_0:000c2c|contig_293:15432-17870|- -            774 39067                -           1238  1.3e-154  504.8  31.9   1   1  1.6e-152  1.6e-152  497.8  31.9   373  1096    13   773     1   774 0.78 <unknown description>
39067at4893_1071381_0:000f15|contig_293:15047-18104|- -            968 39067                -           1238  9.9e-147  478.6  45.5   1   3   1.2e-26   1.2e-26   80.8   1.2   306   463     9   181     2   183 0.75 <unknown description>
39067at4893_1071381_0:000f15|contig_293:15047-18104|- -            968 39067                -           1238  9.9e-147  478.6  45.5   2   3   3.9e-83   3.9e-83  268.0   9.2   515   841   194   515   189   558 0.78 <unknown description>
39067at4893_1071381_0:000f15|contig_293:15047-18104|- -            968 39067                -           1238  9.9e-147  478.6  45.5   3   3   9.1e-45   9.1e-45  140.9  20.0   859  1204   593   966   589   968 0.72 <unknown description>
39067at4893_27294_0:00078c|contig_293:16579-17773|-   -            386 39067                -           1238  1.4e-110  358.9   7.4   1   1  1.5e-110  1.5e-110  358.8   7.4   392   787     1   386     1   386 0.87 <unknown description>
39067at4893_1654605_0:00056e|contig_293:16573-17117|- -            179 39067                -           1238   3.6e-73  235.0   2.3   1   1   3.9e-73   3.9e-73  234.8   2.3   613   788     1   178     1   179 0.94 <unknown description>
#
# Program:         hmmsearch
# Version:         3.4 (Aug 2023)
# Pipeline mode:   SEARCH
# Query file:      /data/busco_downloads/lineages/saccharomycetaceae_odb12/hmms/39067at4893.hmm
# Target file:     outputs/busco_output/run_saccharomycetaceae_odb12/miniprot_output/translated_proteins/39067at4893.faa
# Option settings: hmmsearch --domtblout outputs/busco_output/run_saccharomycetaceae_odb12/hmmer_output/39067at4893.out --cpu 1 /data/busco_downloads/lineages/saccharomycetaceae_odb12/hmms/39067at4893.hmm outputs/busco_output/run_saccharomycetaceae_odb12/miniprot_output/translated_proteins/39067at4893.faa 
# Current dir:     /data
# Date:            Thu Sep 24 16:32:14 2026
# [ok]
