#                                                                                                           --- full sequence --- -------------- this domain -------------   hmm coord   ali coord   env coord
# target name                                       accession   tlen query name           accession   qlen   E-value  score  bias   #  of  c-Evalue  i-Evalue  score  bias  from    to  from    to  from    to  acc description of target
#                               ------------------- ---------- ----- -------------------- ---------- ----- --------- ------ ----- --- --- --------- --------- ------ ----- ----- ----- ----- ----- ----- ----- ---- ---------------------
39204at4893_1095631_0:0003c9|contig_221:1150-2223|+ -            351 39204                -            327   4.1e-27   84.1   0.3   1   2   3.2e-10   3.2e-10   28.6   2.2     2    29    26    53    25    56 0.87 <unknown description>
39204at4893_1095631_0:0003c9|contig_221:1150-2223|+ -            351 39204                -            327   4.1e-27   84.1   0.3   2   2   3.3e-17   3.3e-17   51.5   0.0    30   284    72   347    63   351 0.75 <unknown description>
39204at4893_27291_0:0003d9|contig_221:1153-1908|+   -            248 39204                -            327     7e-18   53.7   8.2   1   2   2.2e-10   2.2e-10   29.1   2.5     2    29    25    52    23    55 0.86 <unknown description>
39204at4893_27291_0:0003d9|contig_221:1153-1908|+   -            248 39204                -            327     7e-18   53.7   8.2   2   2   4.5e-10   4.5e-10   28.1   0.3    29   153    70   208    62   221 0.70 <unknown description>
39204at4893_230603_0:0000ef|contig_221:1153-1525|+  -            124 39204                -            327     1e-13   40.0   1.6   1   2   7.9e-11   7.9e-11   30.5   2.5     2    29    25    52    23    55 0.86 <unknown description>
39204at4893_230603_0:0000ef|contig_221:1153-1525|+  -            124 39204                -            327     1e-13   40.0   1.6   2   2    0.0016    0.0016    6.6   0.0    29    53    70    94    62   101 0.79 <unknown description>
39204at4893_1160507_0:0002e2|contig_221:1150-1688|+ -            178 39204                -            327   1.5e-13   39.5   3.7   1   2   1.4e-10   1.4e-10   29.7   2.5     2    29    26    53    24    56 0.86 <unknown description>
39204at4893_1160507_0:0002e2|contig_221:1150-1688|+ -            178 39204                -            327   1.5e-13   39.5   3.7   2   2    0.0003    0.0003    8.9   0.0    29    95    71   143    62   177 0.58 <unknown description>
39204at4893_436907_0:001018|contig_221:1174-1444|+  -             88 39204                -            327   3.1e-13   38.5   6.3   1   1   2.5e-11   2.5e-11   32.2   6.3     2    51    18    83    16    88 0.60 <unknown description>
39204at4893_2792677_0:000fd0|contig_221:1253-1460|+ -             69 39204                -            327   2.7e-12   35.4   3.1   1   2   2.2e-07   2.2e-07   19.2   1.9    11    29     1    19     1    22 0.88 <unknown description>
39204at4893_2792677_0:000fd0|contig_221:1253-1460|+ -             69 39204                -            327   2.7e-12   35.4   3.1   2   2   2.6e-06   2.6e-06   15.7   0.0    25    55    33    63    28    68 0.84 <unknown description>
39204at4893_1266667_0:000f0d|contig_221:1222-1364|+ -             48 39204                -            327     7e-12   34.0   2.1   1   1     8e-12     8e-12   33.8   2.1     2    29     2    29     1    34 0.87 <unknown description>
39204at4893_1071380_0:000f46|contig_221:1165-1361|+ -             66 39204                -            327   1.7e-11   32.8   2.5   1   1   2.3e-11   2.3e-11   32.3   2.5     2    29    21    48    19    51 0.86 <unknown description>
#
# Program:         hmmsearch
# Version:         3.4 (Aug 2023)
# Pipeline mode:   SEARCH
# Query file:      /data/busco_downloads/lineages/saccharomycetaceae_odb12/hmms/39204at4893.hmm
# Target file:     outputs/busco_output/run_saccharomycetaceae_odb12/miniprot_output/translated_proteins/39204at4893.faa
# Option settings: hmmsearch --domtblout outputs/busco_output/run_saccharomycetaceae_odb12/hmmer_output/39204at4893.out --cpu 1 /data/busco_downloads/lineages/saccharomycetaceae_odb12/hmms/39204at4893.hmm outputs/busco_output/run_saccharomycetaceae_odb12/miniprot_output/translated_proteins/39204at4893.faa 
# Current dir:     /data
# Date:            Thu Sep 24 16:32:17 2026
# [ok]
