#                                                                                                             --- full sequence --- -------------- this domain -------------   hmm coord   ali coord   env coord
# target name                                         accession   tlen query name           accession   qlen   E-value  score  bias   #  of  c-Evalue  i-Evalue  score  bias  from    to  from    to  from    to  acc description of target
#                                 ------------------- ---------- ----- -------------------- ---------- ----- --------- ------ ----- --- --- --------- --------- ------ ----- ----- ----- ----- ----- ----- ----- ---- ---------------------
39781at4893_1095631_0:00013b|contig_140:24883-26420|+ -            501 39781                -            278   1.2e-36  114.9  13.4   1   4      0.27      0.27   -1.2   0.0     3    18     9    24     7    29 0.86 <unknown description>
39781at4893_1095631_0:00013b|contig_140:24883-26420|+ -            501 39781                -            278   1.2e-36  114.9  13.4   2   4      0.29      0.29   -1.2   0.0    18    36    95   113    86   120 0.81 <unknown description>
39781at4893_1095631_0:00013b|contig_140:24883-26420|+ -            501 39781                -            278   1.2e-36  114.9  13.4   3   4    0.0012    0.0012    6.5   0.9    46    81   173   208   165   222 0.85 <unknown description>
39781at4893_1095631_0:00013b|contig_140:24883-26420|+ -            501 39781                -            278   1.2e-36  114.9  13.4   4   4   2.3e-35   2.3e-35  110.6   5.5    70   239   220   414   202   432 0.78 <unknown description>
39781at4893_1064592_0:000e4d|contig_140:24914-25879|+ -            312 39781                -            278     9e-21   62.7   9.7   1   4      0.86      0.86   -2.8   0.0     5    18     1    14     1    16 0.85 <unknown description>
39781at4893_1064592_0:000e4d|contig_140:24914-25879|+ -            312 39781                -            278     9e-21   62.7   9.7   2   4     0.087     0.087    0.5   0.1    16    36    76    96    59   103 0.70 <unknown description>
39781at4893_1064592_0:000e4d|contig_140:24914-25879|+ -            312 39781                -            278     9e-21   62.7   9.7   3   4     0.046     0.046    1.4   0.2    50    81   161   192   151   206 0.82 <unknown description>
39781at4893_1064592_0:000e4d|contig_140:24914-25879|+ -            312 39781                -            278     9e-21   62.7   9.7   4   4   1.7e-20   1.7e-20   61.8   4.0    57   156   186   309   170   312 0.72 <unknown description>
39781at4893_1071378_0:000af6|contig_140:25467-25842|+ -            125 39781                -            278   3.6e-17   50.9   3.0   1   1   1.2e-16   1.2e-16   49.2   3.0    76   147    37   124     2   125 0.78 <unknown description>
#
# Program:         hmmsearch
# Version:         3.4 (Aug 2023)
# Pipeline mode:   SEARCH
# Query file:      /data/busco_downloads/lineages/saccharomycetaceae_odb12/hmms/39781at4893.hmm
# Target file:     outputs/busco_output/run_saccharomycetaceae_odb12/miniprot_output/translated_proteins/39781at4893.faa
# Option settings: hmmsearch --domtblout outputs/busco_output/run_saccharomycetaceae_odb12/hmmer_output/39781at4893.out --cpu 1 /data/busco_downloads/lineages/saccharomycetaceae_odb12/hmms/39781at4893.hmm outputs/busco_output/run_saccharomycetaceae_odb12/miniprot_output/translated_proteins/39781at4893.faa 
# Current dir:     /data
# Date:            Thu Sep 24 16:32:25 2026
# [ok]
