#                                                                                                             --- full sequence --- -------------- this domain -------------   hmm coord   ali coord   env coord
# target name                                         accession   tlen query name           accession   qlen   E-value  score  bias   #  of  c-Evalue  i-Evalue  score  bias  from    to  from    to  from    to  acc description of target
#                                 ------------------- ---------- ----- -------------------- ---------- ----- --------- ------ ----- --- --- --------- --------- ------ ----- ----- ----- ----- ----- ----- ----- ---- ---------------------
39820at4893_1095631_0:00032a|contig_166:39076-41778|+ -            886 39820                -            744   8.6e-46  144.6   0.0   1   3    0.0086     0.011    2.0   0.0    40    93   110   163    84   181 0.76 <unknown description>
39820at4893_1095631_0:00032a|contig_166:39076-41778|+ -            886 39820                -            744   8.6e-46  144.6   0.0   2   3   7.2e-36   9.6e-36  111.4   0.0   197   531   338   666   320   683 0.86 <unknown description>
39820at4893_1095631_0:00032a|contig_166:39076-41778|+ -            886 39820                -            744   8.6e-46  144.6   0.0   3   3   1.9e-10   2.5e-10   27.3   0.0   605   738   740   885   718   886 0.71 <unknown description>
39820at4893_27292_0:0019e3|contig_166:39592-41366|+   -            584 39820                -            744   2.8e-36  113.1   1.7   1   3       0.5      0.66   -3.8   0.1    99   162    37   100    31   115 0.50 <unknown description>
39820at4893_27292_0:0019e3|contig_166:39592-41366|+   -            584 39820                -            744   2.8e-36  113.1   1.7   2   3   4.6e-36   6.1e-36  112.0   0.0   198   531   172   499   162   512 0.86 <unknown description>
39820at4893_27292_0:0019e3|contig_166:39592-41366|+   -            584 39820                -            744   2.8e-36  113.1   1.7   3   3     0.049     0.066   -0.5   0.1   605   614   573   582   554   583 0.73 <unknown description>
39820at4893_4956_0:0014b4|contig_166:40329-40972|+    -            212 39820                -            744     2e-28   87.2   0.0   1   1   1.7e-28   2.2e-28   87.0   0.0   269   484     1   209     1   212 0.89 <unknown description>
#
# Program:         hmmsearch
# Version:         3.4 (Aug 2023)
# Pipeline mode:   SEARCH
# Query file:      /data/busco_downloads/lineages/saccharomycetaceae_odb12/hmms/39820at4893.hmm
# Target file:     outputs/busco_output/run_saccharomycetaceae_odb12/miniprot_output/translated_proteins/39820at4893.faa
# Option settings: hmmsearch --domtblout outputs/busco_output/run_saccharomycetaceae_odb12/hmmer_output/39820at4893.out --cpu 1 /data/busco_downloads/lineages/saccharomycetaceae_odb12/hmms/39820at4893.hmm outputs/busco_output/run_saccharomycetaceae_odb12/miniprot_output/translated_proteins/39820at4893.faa 
# Current dir:     /data
# Date:            Thu Sep 24 16:32:26 2026
# [ok]
