#                                                                                                           --- full sequence --- -------------- this domain -------------   hmm coord   ali coord   env coord
# target name                                       accession   tlen query name           accession   qlen   E-value  score  bias   #  of  c-Evalue  i-Evalue  score  bias  from    to  from    to  from    to  acc description of target
#                               ------------------- ---------- ----- -------------------- ---------- ----- --------- ------ ----- --- --- --------- --------- ------ ----- ----- ----- ----- ----- ----- ----- ---- ---------------------
40066at4893_1095631_0:000288|contig_4:32869-34573|+ -            558 40066                -            629   4.1e-88  285.2  16.1   1   1   4.7e-88   4.7e-88  285.0  16.1     8   540     9   557     2   558 0.80 <unknown description>
40066at4893_61262_0:000934|contig_4:33087-34259|+   -            383 40066                -            629   6.7e-75  241.6   4.4   1   1   7.5e-75   7.5e-75  241.4   4.4    66   444     1   382     1   383 0.83 <unknown description>
40066at4893_1071378_0:000567|contig_4:33356-34298|+ -            308 40066                -            629   1.3e-71  230.7   1.3   1   1   1.5e-71   1.5e-71  230.5   1.3   159   457     1   306     1   307 0.87 <unknown description>
40066at4893_931890_0:0007ae|contig_4:29529-34298|+  -            432 40066                -            629   8.6e-71  228.0   5.6   1   1     1e-70     1e-70  227.7   5.6    33   457     6   430     2   431 0.78 <unknown description>
40066at4893_1266666_0:000fc2|contig_4:33279-34021|+ -            241 40066                -            629   1.7e-60  194.0   0.7   1   1   1.9e-60   1.9e-60  193.8   0.7   133   369     1   240     1   241 0.87 <unknown description>
40066at4893_45286_0:000c40|contig_4:33712-34298|+   -            193 40066                -            629   5.6e-45  142.7   0.1   1   1   6.3e-45   6.3e-45  142.5   0.1   272   457     2   191     1   192 0.84 <unknown description>
40066at4893_1654605_0:000d6d|contig_4:33715-34021|+ -            100 40066                -            629     2e-34  107.8   2.2   1   1   2.2e-34   2.2e-34  107.7   2.2   272   369     1    99     1   100 0.88 <unknown description>
#
# Program:         hmmsearch
# Version:         3.4 (Aug 2023)
# Pipeline mode:   SEARCH
# Query file:      /data/busco_downloads/lineages/saccharomycetaceae_odb12/hmms/40066at4893.hmm
# Target file:     outputs/busco_output/run_saccharomycetaceae_odb12/miniprot_output/translated_proteins/40066at4893.faa
# Option settings: hmmsearch --domtblout outputs/busco_output/run_saccharomycetaceae_odb12/hmmer_output/40066at4893.out --cpu 1 /data/busco_downloads/lineages/saccharomycetaceae_odb12/hmms/40066at4893.hmm outputs/busco_output/run_saccharomycetaceae_odb12/miniprot_output/translated_proteins/40066at4893.faa 
# Current dir:     /data
# Date:            Thu Sep 24 16:32:32 2026
# [ok]
