#                                                                                                          --- full sequence --- -------------- this domain -------------   hmm coord   ali coord   env coord
# target name                                      accession   tlen query name           accession   qlen   E-value  score  bias   #  of  c-Evalue  i-Evalue  score  bias  from    to  from    to  from    to  acc description of target
#                              ------------------- ---------- ----- -------------------- ---------- ----- --------- ------ ----- --- --- --------- --------- ------ ----- ----- ----- ----- ----- ----- ----- ---- ---------------------
40188at4893_27292_0:0000e6|contig_6:38337-40419|+  -            679 40188                -            428  2.3e-112  364.7  48.1   1   5   1.1e-63   1.1e-63  204.3   0.3     5   153    68   218    63   233 0.88 <unknown description>
40188at4893_27292_0:0000e6|contig_6:38337-40419|+  -            679 40188                -            428  2.3e-112  364.7  48.1   2   5   1.6e-39   1.6e-39  124.8   2.2   143   294   257   415   238   468 0.77 <unknown description>
40188at4893_27292_0:0000e6|contig_6:38337-40419|+  -            679 40188                -            428  2.3e-112  364.7  48.1   3   5    0.0053    0.0053    4.4  14.6   303   402   485   592   463   601 0.67 <unknown description>
40188at4893_27292_0:0000e6|contig_6:38337-40419|+  -            679 40188                -            428  2.3e-112  364.7  48.1   4   5   2.1e-11   2.1e-11   32.1  15.2   335   424   561   653   557   655 0.68 <unknown description>
40188at4893_27292_0:0000e6|contig_6:38337-40419|+  -            679 40188                -            428  2.3e-112  364.7  48.1   5   5   6.6e-06   6.6e-06   14.0   0.4   405   427   651   673   649   674 0.91 <unknown description>
40188at4893_226126_0:00005c|contig_6:37172-40419|+ -            678 40188                -            428  2.5e-112  364.6  46.7   1   5   1.3e-63   1.3e-63  204.1   0.2     6   153    68   217    63   234 0.88 <unknown description>
40188at4893_226126_0:00005c|contig_6:37172-40419|+ -            678 40188                -            428  2.5e-112  364.6  46.7   2   5   1.6e-39   1.6e-39  124.7   2.3   143   294   256   414   234   467 0.77 <unknown description>
40188at4893_226126_0:00005c|contig_6:37172-40419|+ -            678 40188                -            428  2.5e-112  364.6  46.7   3   5    0.0046    0.0046    4.6  14.4   303   402   484   591   462   599 0.67 <unknown description>
40188at4893_226126_0:00005c|contig_6:37172-40419|+ -            678 40188                -            428  2.5e-112  364.6  46.7   4   5   8.9e-12   8.9e-12   33.3  11.3   343   424   579   652   562   654 0.71 <unknown description>
40188at4893_226126_0:00005c|contig_6:37172-40419|+ -            678 40188                -            428  2.5e-112  364.6  46.7   5   5   6.5e-06   6.5e-06   14.0   0.4   405   427   650   672   648   673 0.91 <unknown description>
40188at4893_42258_0:000062|contig_6:38582-42937|+  -            585 40188                -            428  2.6e-108  351.4  30.9   1   4   9.7e-98   9.7e-98  316.6   6.7    17   295     1   307     1   369 0.78 <unknown description>
40188at4893_42258_0:000062|contig_6:38582-42937|+  -            585 40188                -            428  2.6e-108  351.4  30.9   2   4     0.052     0.052    1.1   4.1   287   358   372   440   355   483 0.55 <unknown description>
40188at4893_42258_0:000062|contig_6:38582-42937|+  -            585 40188                -            428  2.6e-108  351.4  30.9   3   4   8.4e-10   8.4e-10   26.8   2.6   373   412   494   533   459   539 0.76 <unknown description>
40188at4893_42258_0:000062|contig_6:38582-42937|+  -            585 40188                -            428  2.6e-108  351.4  30.9   4   4   1.5e-06   1.5e-06   16.1   0.2   400   427   540   567   535   568 0.88 <unknown description>
40188at4893_931890_0:0008d7|contig_6:38608-39521|+ -            278 40188                -            428     5e-89  287.8   5.9   1   2     3e-59     3e-59  189.8   1.5    27   162     3   138     1   143 0.83 <unknown description>
40188at4893_931890_0:0008d7|contig_6:38608-39521|+ -            278 40188                -            428     5e-89  287.8   5.9   2   2   3.2e-32   3.2e-32  100.7   0.2   145   267   149   277   140   278 0.82 <unknown description>
40188at4893_764102_0:000063|contig_6:38837-40419|+ -            517 40188                -            428   1.1e-64  207.6  54.7   1   5   2.5e-16   2.5e-16   48.3   3.6   102   153     2    56     1    73 0.82 <unknown description>
40188at4893_764102_0:000063|contig_6:38837-40419|+ -            517 40188                -            428   1.1e-64  207.6  54.7   2   5   1.1e-39   1.1e-39  125.2   2.6   143   294    95   253    74   305 0.77 <unknown description>
40188at4893_764102_0:000063|contig_6:38837-40419|+ -            517 40188                -            428   1.1e-64  207.6  54.7   3   5    0.0044    0.0044    4.7  14.9   303   402   323   430   300   437 0.67 <unknown description>
40188at4893_764102_0:000063|contig_6:38837-40419|+ -            517 40188                -            428   1.1e-64  207.6  54.7   4   5   2.6e-12   2.6e-12   35.1   9.6   373   424   439   491   413   492 0.78 <unknown description>
40188at4893_764102_0:000063|contig_6:38837-40419|+ -            517 40188                -            428   1.1e-64  207.6  54.7   5   5   4.9e-06   4.9e-06   14.4   0.4   405   427   489   511   487   512 0.91 <unknown description>
#
# Program:         hmmsearch
# Version:         3.4 (Aug 2023)
# Pipeline mode:   SEARCH
# Query file:      /data/busco_downloads/lineages/saccharomycetaceae_odb12/hmms/40188at4893.hmm
# Target file:     outputs/busco_output/run_saccharomycetaceae_odb12/miniprot_output/translated_proteins/40188at4893.faa
# Option settings: hmmsearch --domtblout outputs/busco_output/run_saccharomycetaceae_odb12/hmmer_output/40188at4893.out --cpu 1 /data/busco_downloads/lineages/saccharomycetaceae_odb12/hmms/40188at4893.hmm outputs/busco_output/run_saccharomycetaceae_odb12/miniprot_output/translated_proteins/40188at4893.faa 
# Current dir:     /data
# Date:            Thu Sep 24 16:32:35 2026
# [ok]
