#                                                                                                            --- full sequence --- -------------- this domain -------------   hmm coord   ali coord   env coord
# target name                                        accession   tlen query name           accession   qlen   E-value  score  bias   #  of  c-Evalue  i-Evalue  score  bias  from    to  from    to  from    to  acc description of target
#                                ------------------- ---------- ----- -------------------- ---------- ----- --------- ------ ----- --- --- --------- --------- ------ ----- ----- ----- ----- ----- ----- ----- ---- ---------------------
40239at4893_27292_0:000235|contig_77:12747-16810|+   -           1317 40239                -           1157  8.9e-286  939.2  20.1   1   2   2.3e-51   2.3e-51  162.8   0.1     2   220     8   242     7   244 0.86 <unknown description>
40239at4893_27292_0:000235|contig_77:12747-16810|+   -           1317 40239                -           1157  8.9e-286  939.2  20.1   2   2  9.3e-235  9.3e-235  770.2  16.9   190  1152   240  1303   236  1308 0.82 <unknown description>
40239at4893_1064592_0:00035d|contig_77:11313-16810|+ -           1328 40239                -           1157  1.6e-227  746.3  28.4   1   3   2.7e-31   2.7e-31   96.4   0.0     1   211     7   236     7   243 0.79 <unknown description>
40239at4893_1064592_0:00035d|contig_77:11313-16810|+ -           1328 40239                -           1157  1.6e-227  746.3  28.4   2   3   3.9e-19   3.9e-19   56.1   0.1   195   304   248   364   232   377 0.83 <unknown description>
40239at4893_1064592_0:00035d|contig_77:11313-16810|+ -           1328 40239                -           1157  1.6e-227  746.3  28.4   3   3  3.4e-182  3.4e-182  596.1  22.6   301  1151   386  1313   373  1319 0.80 <unknown description>
40239at4893_436907_0:000083|contig_77:13244-14725|+  -            471 40239                -           1157   3.1e-98  318.1  16.5   1   2   1.2e-13   1.2e-13   37.9   0.3   142   182     1    42     1    75 0.81 <unknown description>
40239at4893_436907_0:000083|contig_77:13244-14725|+  -            471 40239                -           1157   3.1e-98  318.1  16.5   2   2   5.4e-88   5.4e-88  284.2  10.4   195   553    85   470    74   471 0.83 <unknown description>
40239at4893_1071382_0:000c4b|contig_77:12754-14450|+ -            539 40239                -           1157   1.5e-97  315.8  10.7   1   2   2.6e-26   2.6e-26   79.9   0.1     5   182     9   204     5   238 0.78 <unknown description>
40239at4893_1071382_0:000c4b|contig_77:12754-14450|+ -            539 40239                -           1157   1.5e-97  315.8  10.7   2   2   4.7e-74   4.7e-74  238.0   6.8   195   467   247   538   237   539 0.86 <unknown description>
40239at4893_1266666_0:000629|contig_77:13532-14459|+ -            284 40239                -           1157   1.3e-75  243.1   6.3   1   1   1.4e-75   1.4e-75  243.0   6.3   205   468     1   281     1   284 0.84 <unknown description>
#
# Program:         hmmsearch
# Version:         3.4 (Aug 2023)
# Pipeline mode:   SEARCH
# Query file:      /data/busco_downloads/lineages/saccharomycetaceae_odb12/hmms/40239at4893.hmm
# Target file:     outputs/busco_output/run_saccharomycetaceae_odb12/miniprot_output/translated_proteins/40239at4893.faa
# Option settings: hmmsearch --domtblout outputs/busco_output/run_saccharomycetaceae_odb12/hmmer_output/40239at4893.out --cpu 1 /data/busco_downloads/lineages/saccharomycetaceae_odb12/hmms/40239at4893.hmm outputs/busco_output/run_saccharomycetaceae_odb12/miniprot_output/translated_proteins/40239at4893.faa 
# Current dir:     /data
# Date:            Thu Sep 24 16:32:37 2026
# [ok]
