#                                                                                                             --- full sequence --- -------------- this domain -------------   hmm coord   ali coord   env coord
# target name                                         accession   tlen query name           accession   qlen   E-value  score  bias   #  of  c-Evalue  i-Evalue  score  bias  from    to  from    to  from    to  acc description of target
#                                 ------------------- ---------- ----- -------------------- ---------- ----- --------- ------ ----- --- --- --------- --------- ------ ----- ----- ----- ----- ----- ----- ----- ---- ---------------------
40262at4893_1095631_0:0011a2|contig_137:11624-14400|+ -            909 40262                -            833    1e-169  554.7  27.8   1   2  1.8e-152  1.8e-152  497.7  18.0    11   692     6   732     1   740 0.84 <unknown description>
40262at4893_1095631_0:0011a2|contig_137:11624-14400|+ -            909 40262                -            833    1e-169  554.7  27.8   2   2   7.8e-21   7.8e-21   62.2   2.2   683   816   748   892   738   908 0.76 <unknown description>
40262at4893_1095631_0:0021cb|contig_137:11624-13321|+ -            556 40262                -            833  7.3e-133  432.8  12.3   1   1  8.7e-133  8.7e-133  432.6  12.3    11   519     6   547     1   553 0.88 <unknown description>
40262at4893_1064592_0:000378|contig_137:11654-12969|+ -            430 40262                -            833  1.4e-113  369.1  15.3   1   1  1.5e-113  1.5e-113  368.9  15.3    16   421     1   429     1   430 0.92 <unknown description>
40262at4893_4955_0:0007ff|contig_137:11866-12813|+    -            312 40262                -            833   1.5e-84  273.0   9.5   1   1   1.7e-84   1.7e-84  272.8   9.5    81   374     1   311     1   312 0.92 <unknown description>
40262at4893_48254_0:00046e|contig_137:11627-12586|+   -            317 40262                -            833   2.6e-76  245.7   6.9   1   1   2.9e-76   2.9e-76  245.6   6.9    11   307     5   316     1   316 0.85 <unknown description>
40262at4893_4956_0:000673|contig_137:12124-13285|+    -            364 40262                -            833   6.3e-74  237.9   6.3   1   1   1.2e-73   1.2e-73  236.9   6.3   164   515     2   363     1   364 0.86 <unknown description>
#
# Program:         hmmsearch
# Version:         3.4 (Aug 2023)
# Pipeline mode:   SEARCH
# Query file:      /data/busco_downloads/lineages/saccharomycetaceae_odb12/hmms/40262at4893.hmm
# Target file:     outputs/busco_output/run_saccharomycetaceae_odb12/miniprot_output/translated_proteins/40262at4893.faa
# Option settings: hmmsearch --domtblout outputs/busco_output/run_saccharomycetaceae_odb12/hmmer_output/40262at4893.out --cpu 1 /data/busco_downloads/lineages/saccharomycetaceae_odb12/hmms/40262at4893.hmm outputs/busco_output/run_saccharomycetaceae_odb12/miniprot_output/translated_proteins/40262at4893.faa 
# Current dir:     /data
# Date:            Thu Sep 24 16:32:37 2026
# [ok]
