#                                                                                                         --- full sequence --- -------------- this domain -------------   hmm coord   ali coord   env coord
# target name                                     accession   tlen query name           accession   qlen   E-value  score  bias   #  of  c-Evalue  i-Evalue  score  bias  from    to  from    to  from    to  acc description of target
#                             ------------------- ---------- ----- -------------------- ---------- ----- --------- ------ ----- --- --- --------- --------- ------ ----- ----- ----- ----- ----- ----- ----- ---- ---------------------
40648at4893_27292_0:00082c|contig_310:290-3330|-  -            879 40648                -            891   1.3e-34  106.2   0.0   1   4   0.00021   0.00021    6.2   0.0    55   191    11   146     1   160 0.79 <unknown description>
40648at4893_27292_0:00082c|contig_310:290-3330|-  -            879 40648                -            891   1.3e-34  106.2   0.0   2   4   1.9e-06   1.9e-06   13.0   0.0   403   491   366   452   363   468 0.91 <unknown description>
40648at4893_27292_0:00082c|contig_310:290-3330|-  -            879 40648                -            891   1.3e-34  106.2   0.0   3   4   3.2e-19   3.2e-19   55.3   0.0   463   778   478   804   458   813 0.75 <unknown description>
40648at4893_27292_0:00082c|contig_310:290-3330|-  -            879 40648                -            891   1.3e-34  106.2   0.0   4   4   1.3e-09   1.3e-09   23.5   0.0   817   867   823   878   817   879 0.81 <unknown description>
40648at4893_226230_0:0008bc|contig_310:290-2030|- -            525 40648                -            891   9.6e-28   83.5   0.2   1   4   0.00011   0.00011    7.2   0.0   418   492     5    78     1    94 0.88 <unknown description>
40648at4893_226230_0:0008bc|contig_310:290-2030|- -            525 40648                -            891   9.6e-28   83.5   0.2   2   4   2.1e-13   2.1e-13   36.1   0.0   495   701   135   357    83   370 0.75 <unknown description>
40648at4893_226230_0:0008bc|contig_310:290-2030|- -            525 40648                -            891   9.6e-28   83.5   0.2   3   4   3.6e-05   3.6e-05    8.8   0.1   740   783   410   457   405   460 0.77 <unknown description>
40648at4893_226230_0:0008bc|contig_310:290-2030|- -            525 40648                -            891   9.6e-28   83.5   0.2   4   4   1.2e-09   1.2e-09   23.6   0.1   817   867   469   524   463   525 0.78 <unknown description>
#
# Program:         hmmsearch
# Version:         3.4 (Aug 2023)
# Pipeline mode:   SEARCH
# Query file:      /data/busco_downloads/lineages/saccharomycetaceae_odb12/hmms/40648at4893.hmm
# Target file:     outputs/busco_output/run_saccharomycetaceae_odb12/miniprot_output/translated_proteins/40648at4893.faa
# Option settings: hmmsearch --domtblout outputs/busco_output/run_saccharomycetaceae_odb12/hmmer_output/40648at4893.out --cpu 1 /data/busco_downloads/lineages/saccharomycetaceae_odb12/hmms/40648at4893.hmm outputs/busco_output/run_saccharomycetaceae_odb12/miniprot_output/translated_proteins/40648at4893.faa 
# Current dir:     /data
# Date:            Thu Sep 24 16:32:31 2026
# [ok]
