#                                                                                                          --- full sequence --- -------------- this domain -------------   hmm coord   ali coord   env coord
# target name                                      accession   tlen query name           accession   qlen   E-value  score  bias   #  of  c-Evalue  i-Evalue  score  bias  from    to  from    to  from    to  acc description of target
#                              ------------------- ---------- ----- -------------------- ---------- ----- --------- ------ ----- --- --- --------- --------- ------ ----- ----- ----- ----- ----- ----- ----- ---- ---------------------
40739at4893_27292_0:0003bd|contig_404:859-5668|-   -           1574 40739                -           1085  3.2e-167  546.1  10.8   1   3  3.2e-138  3.2e-138  450.0   0.8     1   424     1   443     1   443 0.90 <unknown description>
40739at4893_27292_0:0003bd|contig_404:859-5668|-   -           1574 40739                -           1085  3.2e-167  546.1  10.8   2   3   2.4e-33   2.4e-33  102.8   0.0   451   986   503  1052   494  1101 0.70 <unknown description>
40739at4893_27292_0:0003bd|contig_404:859-5668|-   -           1574 40739                -           1085  3.2e-167  546.1  10.8   3   3       1.6       1.6   -5.9   3.3   717   755  1179  1216  1158  1245 0.41 <unknown description>
40739at4893_226126_0:0003a9|contig_404:2401-5668|- -           1069 40739                -           1085    1e-166  544.4   0.9   1   2  1.4e-133  1.4e-133  434.6   0.7     1   424     1   444     1   444 0.89 <unknown description>
40739at4893_226126_0:0003a9|contig_404:2401-5668|- -           1069 40739                -           1085    1e-166  544.4   0.9   2   2   8.4e-35   8.4e-35  107.6   0.0   448   972   502  1042   492  1063 0.70 <unknown description>
40739at4893_230603_0:0003a6|contig_404:3425-5668|- -            732 40739                -           1085  1.2e-160  524.3   3.9   1   2  5.8e-139  5.8e-139  452.5   0.8     1   424     1   443     1   443 0.90 <unknown description>
40739at4893_230603_0:0003a6|contig_404:3425-5668|- -            732 40739                -           1085  1.2e-160  524.3   3.9   2   2   2.3e-24   2.3e-24   73.0   0.1   452   672   505   729   496   731 0.79 <unknown description>
40739at4893_61262_0:0001b9|contig_404:4510-5648|-  -            371 40739                -           1085  1.8e-119  388.0   0.1   1   1    2e-119    2e-119  387.8   0.1     8   362     1   370     1   371 0.91 <unknown description>
#
# Program:         hmmsearch
# Version:         3.4 (Aug 2023)
# Pipeline mode:   SEARCH
# Query file:      /data/busco_downloads/lineages/saccharomycetaceae_odb12/hmms/40739at4893.hmm
# Target file:     outputs/busco_output/run_saccharomycetaceae_odb12/miniprot_output/translated_proteins/40739at4893.faa
# Option settings: hmmsearch --domtblout outputs/busco_output/run_saccharomycetaceae_odb12/hmmer_output/40739at4893.out --cpu 1 /data/busco_downloads/lineages/saccharomycetaceae_odb12/hmms/40739at4893.hmm outputs/busco_output/run_saccharomycetaceae_odb12/miniprot_output/translated_proteins/40739at4893.faa 
# Current dir:     /data
# Date:            Thu Sep 24 16:32:35 2026
# [ok]
