#                                                                                                             --- full sequence --- -------------- this domain -------------   hmm coord   ali coord   env coord
# target name                                         accession   tlen query name           accession   qlen   E-value  score  bias   #  of  c-Evalue  i-Evalue  score  bias  from    to  from    to  from    to  acc description of target
#                                 ------------------- ---------- ----- -------------------- ---------- ----- --------- ------ ----- --- --- --------- --------- ------ ----- ----- ----- ----- ----- ----- ----- ---- ---------------------
40867at4893_27291_0:0014c1|contig_137:14988-17864|+   -            936 40867                -            602  1.9e-181  592.6  36.7   1   4     0.027     0.027    0.9   4.8     7    62    79   139    73   196 0.65 <unknown description>
40867at4893_27291_0:0014c1|contig_137:14988-17864|+   -            936 40867                -            602  1.9e-181  592.6  36.7   2   4  8.2e-181  8.2e-181  590.5  25.6    62   535   233   742   203   761 0.82 <unknown description>
40867at4893_27291_0:0014c1|contig_137:14988-17864|+   -            936 40867                -            602  1.9e-181  592.6  36.7   3   4   3.8e-07   3.8e-07   16.9   3.3   523   599   759   847   749   853 0.70 <unknown description>
40867at4893_27291_0:0014c1|contig_137:14988-17864|+   -            936 40867                -            602  1.9e-181  592.6  36.7   4   4         4         4  -12.3  13.8   560   567   869   876   827   932 0.40 <unknown description>
40867at4893_27292_0:00143d|contig_137:14988-20321|+   -            950 40867                -            602  1.3e-180  589.8  61.9   1   4    0.0047    0.0047    3.4   5.3     7    75    79   152    73   202 0.62 <unknown description>
40867at4893_27292_0:00143d|contig_137:14988-20321|+   -            950 40867                -            602  1.3e-180  589.8  61.9   2   4  5.3e-180  5.3e-180  587.8  27.9    51   534   223   740   163   754 0.80 <unknown description>
40867at4893_27292_0:00143d|contig_137:14988-20321|+   -            950 40867                -            602  1.3e-180  589.8  61.9   3   4   4.2e-07   4.2e-07   16.8   3.5   523   599   758   846   748   855 0.70 <unknown description>
40867at4893_27292_0:00143d|contig_137:14988-20321|+   -            950 40867                -            602  1.3e-180  589.8  61.9   4   4       3.2       3.2   -5.9   5.8    35    69   879   913   856   943 0.48 <unknown description>
40867at4893_1071382_0:0009c3|contig_137:15871-17581|+ -            561 40867                -            602  1.2e-178  583.3  21.9   1   2  8.5e-176  8.5e-176  573.9  18.6   118   525     1   446     1   461 0.84 <unknown description>
40867at4893_1071382_0:0009c3|contig_137:15871-17581|+ -            561 40867                -            602  1.2e-178  583.3  21.9   2   2   0.00013   0.00013    8.5   0.1   535   599   486   553   469   560 0.62 <unknown description>
40867at4893_4950_0:000708|contig_137:15871-17200|+    -            435 40867                -            602  3.9e-171  558.5  15.6   1   1  2.4e-170  2.4e-170  555.9  15.6   118   513     1   434     1   435 0.85 <unknown description>
#
# Program:         hmmsearch
# Version:         3.4 (Aug 2023)
# Pipeline mode:   SEARCH
# Query file:      /data/busco_downloads/lineages/saccharomycetaceae_odb12/hmms/40867at4893.hmm
# Target file:     outputs/busco_output/run_saccharomycetaceae_odb12/miniprot_output/translated_proteins/40867at4893.faa
# Option settings: hmmsearch --domtblout outputs/busco_output/run_saccharomycetaceae_odb12/hmmer_output/40867at4893.out --cpu 1 /data/busco_downloads/lineages/saccharomycetaceae_odb12/hmms/40867at4893.hmm outputs/busco_output/run_saccharomycetaceae_odb12/miniprot_output/translated_proteins/40867at4893.faa 
# Current dir:     /data
# Date:            Thu Sep 24 16:32:37 2026
# [ok]
