#                                                                                                           --- full sequence --- -------------- this domain -------------   hmm coord   ali coord   env coord
# target name                                       accession   tlen query name           accession   qlen   E-value  score  bias   #  of  c-Evalue  i-Evalue  score  bias  from    to  from    to  from    to  acc description of target
#                               ------------------- ---------- ----- -------------------- ---------- ----- --------- ------ ----- --- --- --------- --------- ------ ----- ----- ----- ----- ----- ----- ----- ---- ---------------------
41280at4893_4932_0:0006e7|contig_365:7128-10085|-   -            964 41280                -            514   1.7e-60  193.1  51.2   1   5   2.4e-14   2.4e-14   40.8   8.0     6    72   122   203   117   278 0.84 <unknown description>
41280at4893_4932_0:0006e7|contig_365:7128-10085|-   -            964 41280                -            514   1.7e-60  193.1  51.2   2   5   9.3e-42   9.3e-42  131.3  12.9    93   315   277   558   274   578 0.74 <unknown description>
41280at4893_4932_0:0006e7|contig_365:7128-10085|-   -            964 41280                -            514   1.7e-60  193.1  51.2   3   5     0.049     0.049    0.2   0.2   323   351   591   619   583   632 0.77 <unknown description>
41280at4893_4932_0:0006e7|contig_365:7128-10085|-   -            964 41280                -            514   1.7e-60  193.1  51.2   4   5   0.00023   0.00023    7.9   2.5   409   447   756   794   748   803 0.83 <unknown description>
41280at4893_4932_0:0006e7|contig_365:7128-10085|-   -            964 41280                -            514   1.7e-60  193.1  51.2   5   5   7.6e-08   7.6e-08   19.4   1.1   431   482   808   859   797   911 0.55 <unknown description>
41280at4893_2792677_0:000a0b|contig_365:8847-9225|- -            125 41280                -            514   5.2e-30   92.5   0.9   1   1   2.8e-28   2.8e-28   86.8   0.9    97   201     1   123     1   125 0.79 <unknown description>
41280at4893_4950_0:00098b|contig_365:8952-9316|-    -            121 41280                -            514   5.6e-20   59.4   0.9   1   1   2.1e-18   2.1e-18   54.2   0.9    94   170    28   119    26   121 0.79 <unknown description>
#
# Program:         hmmsearch
# Version:         3.4 (Aug 2023)
# Pipeline mode:   SEARCH
# Query file:      /data/busco_downloads/lineages/saccharomycetaceae_odb12/hmms/41280at4893.hmm
# Target file:     outputs/busco_output/run_saccharomycetaceae_odb12/miniprot_output/translated_proteins/41280at4893.faa
# Option settings: hmmsearch --domtblout outputs/busco_output/run_saccharomycetaceae_odb12/hmmer_output/41280at4893.out --cpu 1 /data/busco_downloads/lineages/saccharomycetaceae_odb12/hmms/41280at4893.hmm outputs/busco_output/run_saccharomycetaceae_odb12/miniprot_output/translated_proteins/41280at4893.faa 
# Current dir:     /data
# Date:            Thu Sep 24 16:32:34 2026
# [ok]
