#                                                                                                             --- full sequence --- -------------- this domain -------------   hmm coord   ali coord   env coord
# target name                                         accession   tlen query name           accession   qlen   E-value  score  bias   #  of  c-Evalue  i-Evalue  score  bias  from    to  from    to  from    to  acc description of target
#                                 ------------------- ---------- ----- -------------------- ---------- ----- --------- ------ ----- --- --- --------- --------- ------ ----- ----- ----- ----- ----- ----- ----- ---- ---------------------
41289at4893_1095631_0:000836|contig_149:10831-13716|+ -            942 41289                -            626  1.2e-121  394.9  36.7   1   6   5.5e-11   5.5e-11   29.4   0.3     2    63     2    60     1    80 0.75 <unknown description>
41289at4893_1095631_0:000836|contig_149:10831-13716|+ -            942 41289                -            626  1.2e-121  394.9  36.7   2   6   5.4e-93   5.4e-93  300.3   1.7    62   317    93   334    76   337 0.88 <unknown description>
41289at4893_1095631_0:000836|contig_149:10831-13716|+ -            942 41289                -            626  1.2e-121  394.9  36.7   3   6   2.3e-22   2.3e-22   67.0  11.5   319   435   412   528   394   554 0.86 <unknown description>
41289at4893_1095631_0:000836|contig_149:10831-13716|+ -            942 41289                -            626  1.2e-121  394.9  36.7   4   6   0.00027   0.00027    7.3   0.2   426   456   580   610   563   616 0.84 <unknown description>
41289at4893_1095631_0:000836|contig_149:10831-13716|+ -            942 41289                -            626  1.2e-121  394.9  36.7   5   6    0.0011    0.0011    5.2   0.0   452   487   631   665   622   668 0.73 <unknown description>
41289at4893_1095631_0:000836|contig_149:10831-13716|+ -            942 41289                -            626  1.2e-121  394.9  36.7   6   6      0.11      0.11   -1.3   0.0   493   520   713   740   709   823 0.81 <unknown description>
41289at4893_1071382_0:000a16|contig_149:10831-12672|+ -            476 41289                -            626    3e-111  360.6  25.4   1   2  6.2e-101  6.2e-101  326.5   3.8     2   317     2   297     1   305 0.88 <unknown description>
41289at4893_1071382_0:000a16|contig_149:10831-12672|+ -            476 41289                -            626    3e-111  360.6  25.4   2   2   1.6e-13   1.6e-13   37.8  13.7   323   445   333   474   328   476 0.71 <unknown description>
41289at4893_1071378_0:000642|contig_149:10831-11951|+ -            342 41289                -            626  1.6e-101  328.5   5.1   1   1  2.8e-101  2.8e-101  327.7   5.1     2   317     2   311     1   317 0.84 <unknown description>
#
# Program:         hmmsearch
# Version:         3.4 (Aug 2023)
# Pipeline mode:   SEARCH
# Query file:      /data/busco_downloads/lineages/saccharomycetaceae_odb12/hmms/41289at4893.hmm
# Target file:     outputs/busco_output/run_saccharomycetaceae_odb12/miniprot_output/translated_proteins/41289at4893.faa
# Option settings: hmmsearch --domtblout outputs/busco_output/run_saccharomycetaceae_odb12/hmmer_output/41289at4893.out --cpu 1 /data/busco_downloads/lineages/saccharomycetaceae_odb12/hmms/41289at4893.hmm outputs/busco_output/run_saccharomycetaceae_odb12/miniprot_output/translated_proteins/41289at4893.faa 
# Current dir:     /data
# Date:            Thu Sep 24 16:32:34 2026
# [ok]
