#                                                                                                             --- full sequence --- -------------- this domain -------------   hmm coord   ali coord   env coord
# target name                                         accession   tlen query name           accession   qlen   E-value  score  bias   #  of  c-Evalue  i-Evalue  score  bias  from    to  from    to  from    to  acc description of target
#                                 ------------------- ---------- ----- -------------------- ---------- ----- --------- ------ ----- --- --- --------- --------- ------ ----- ----- ----- ----- ----- ----- ----- ---- ---------------------
41501at4893_27292_0:000580|contig_295:7175-11327|-    -           1348 41501                -           1045  1.5e-232  763.0  59.1   1   4      0.11      0.11   -1.4   0.2     1    35     3    46     3    51 0.59 <unknown description>
41501at4893_27292_0:000580|contig_295:7175-11327|-    -           1348 41501                -           1045  1.5e-232  763.0  59.1   2   4   3.2e-61   3.2e-61  195.8   7.4    12   356    46   388    30   403 0.72 <unknown description>
41501at4893_27292_0:000580|contig_295:7175-11327|-    -           1348 41501                -           1045  1.5e-232  763.0  59.1   3   4      0.69      0.69   -4.0  10.2   227   349   320   445   297   454 0.55 <unknown description>
41501at4893_27292_0:000580|contig_295:7175-11327|-    -           1348 41501                -           1045  1.5e-232  763.0  59.1   4   4  1.7e-177  1.7e-177  580.8  34.6   282  1045   542  1345   508  1345 0.87 <unknown description>
41501at4893_436907_0:00016a|contig_295:7178-9430|-    -            739 41501                -           1045  1.8e-130  425.1  15.5   1   1  2.2e-130  2.2e-130  424.8  15.5   360  1045    17   737     3   737 0.87 <unknown description>
41501at4893_1245769_0:000229|contig_295:10522-11156|- -            207 41501                -           1045   3.4e-59  189.1   3.5   1   1   3.7e-59   3.7e-59  189.0   3.5    23   222     2   204     1   207 0.94 <unknown description>
41501at4893_4955_0:000f6b|contig_295:7175-7629|-      -            149 41501                -           1045   1.5e-57  183.7   1.4   1   1   1.6e-57   1.6e-57  183.5   1.4   906  1045     2   146     1   146 0.93 <unknown description>
41501at4893_1266667_0:000ab9|contig_295:7175-7942|-   -            159 41501                -           1045   4.9e-57  181.9   0.9   1   1   5.2e-57   5.2e-57  181.8   0.9   908  1045    14   156     1   156 0.91 <unknown description>
#
# Program:         hmmsearch
# Version:         3.4 (Aug 2023)
# Pipeline mode:   SEARCH
# Query file:      /data/busco_downloads/lineages/saccharomycetaceae_odb12/hmms/41501at4893.hmm
# Target file:     outputs/busco_output/run_saccharomycetaceae_odb12/miniprot_output/translated_proteins/41501at4893.faa
# Option settings: hmmsearch --domtblout outputs/busco_output/run_saccharomycetaceae_odb12/hmmer_output/41501at4893.out --cpu 1 /data/busco_downloads/lineages/saccharomycetaceae_odb12/hmms/41501at4893.hmm outputs/busco_output/run_saccharomycetaceae_odb12/miniprot_output/translated_proteins/41501at4893.faa 
# Current dir:     /data
# Date:            Thu Sep 24 16:32:37 2026
# [ok]
