#                                                                                                             --- full sequence --- -------------- this domain -------------   hmm coord   ali coord   env coord
# target name                                         accession   tlen query name           accession   qlen   E-value  score  bias   #  of  c-Evalue  i-Evalue  score  bias  from    to  from    to  from    to  acc description of target
#                                 ------------------- ---------- ----- -------------------- ---------- ----- --------- ------ ----- --- --- --------- --------- ------ ----- ----- ----- ----- ----- ----- ----- ---- ---------------------
41559at4893_4950_0:0000e1|contig_160:23776-24401|+    -            205 41559                -            335   1.6e-79  256.3   9.8   1   1   1.8e-79   1.8e-79  256.2   9.8   133   324    16   204     1   205 0.87 <unknown description>
41559at4893_4932_0:000c47|contig_160:22945-24669|+    -            564 41559                -            335   1.2e-77  250.2  18.5   1   3       1.2       1.2   -2.9   3.2    24    39    52    67    42   186 0.52 <unknown description>
41559at4893_4932_0:000c47|contig_160:22945-24669|+    -            564 41559                -            335   1.2e-77  250.2  18.5   2   3   1.2e-77   1.2e-77  250.2  18.5   104   329   261   480   247   487 0.85 <unknown description>
41559at4893_4932_0:000c47|contig_160:22945-24669|+    -            564 41559                -            335   1.2e-77  250.2  18.5   3   3      0.61      0.61   -1.9   3.9    71   112   510   551   479   560 0.42 <unknown description>
41559at4893_566037_0:000f79|contig_160:23925-24404|+  -            157 41559                -            335   9.2e-73  234.2   5.8   1   1     1e-72     1e-72  234.0   5.8   168   325     1   156     1   157 0.95 <unknown description>
41559at4893_1071378_0:0014a3|contig_160:23730-24553|+ -            271 41559                -            335   1.2e-72  233.8  13.0   1   1     2e-72     2e-72  233.1  13.0   102   329     8   225     1   231 0.76 <unknown description>
41559at4893_764100_0:000866|contig_160:22945-24239|+  -            423 41559                -            335   3.7e-38  120.4  14.5   1   2      0.74      0.74   -2.2   3.2    24    40    52    68    41   186 0.51 <unknown description>
41559at4893_764100_0:000866|contig_160:22945-24239|+  -            423 41559                -            335   3.7e-38  120.4  14.5   2   2   3.7e-38   3.7e-38  120.4  14.5   107   230   262   383   217   386 0.75 <unknown description>
#
# Program:         hmmsearch
# Version:         3.4 (Aug 2023)
# Pipeline mode:   SEARCH
# Query file:      /data/busco_downloads/lineages/saccharomycetaceae_odb12/hmms/41559at4893.hmm
# Target file:     outputs/busco_output/run_saccharomycetaceae_odb12/miniprot_output/translated_proteins/41559at4893.faa
# Option settings: hmmsearch --domtblout outputs/busco_output/run_saccharomycetaceae_odb12/hmmer_output/41559at4893.out --cpu 1 /data/busco_downloads/lineages/saccharomycetaceae_odb12/hmms/41559at4893.hmm outputs/busco_output/run_saccharomycetaceae_odb12/miniprot_output/translated_proteins/41559at4893.faa 
# Current dir:     /data
# Date:            Thu Sep 24 16:32:38 2026
# [ok]
