#                                                                                                           --- full sequence --- -------------- this domain -------------   hmm coord   ali coord   env coord
# target name                                       accession   tlen query name           accession   qlen   E-value  score  bias   #  of  c-Evalue  i-Evalue  score  bias  from    to  from    to  from    to  acc description of target
#                               ------------------- ---------- ----- -------------------- ---------- ----- --------- ------ ----- --- --- --------- --------- ------ ----- ----- ----- ----- ----- ----- ----- ---- ---------------------
41557at4893_27292_0:0012da|contig_386:5811-7500|-   -            552 41557                -            437  1.1e-116  378.9  24.5   1   3   1.6e-66   2.3e-66  213.1  16.7     5   221     5   222     2   227 0.89 <unknown description>
41557at4893_27292_0:0012da|contig_386:5811-7500|-   -            552 41557                -            437  1.1e-116  378.9  24.5   2   3   4.7e-53   6.6e-53  168.7   0.6   219   388   254   429   244   445 0.80 <unknown description>
41557at4893_27292_0:0012da|contig_386:5811-7500|-   -            552 41557                -            437  1.1e-116  378.9  24.5   3   3      0.07     0.098    0.1   0.0   383   431   467   526   455   531 0.52 <unknown description>
41557at4893_436907_0:000b6e|contig_386:6076-9903|-  -            444 41557                -            437  2.4e-111  361.3  12.0   1   1  2.2e-111  3.1e-111  360.9  12.0     8   386    12   406     6   428 0.82 <unknown description>
41557at4893_1333698_0:0007f2|contig_386:6186-7465|- -            419 41557                -            437  3.8e-107  347.5  33.2   1   2   2.5e-64   3.5e-64  205.9  19.3    12   221     1   211     1   216 0.89 <unknown description>
41557at4893_1333698_0:0007f2|contig_386:6186-7465|- -            419 41557                -            437  3.8e-107  347.5  33.2   2   2   1.1e-46   1.5e-46  147.7   5.9   218   375   242   406   228   418 0.77 <unknown description>
41557at4893_45286_0:0004d1|contig_386:6271-7195|-   -            277 41557                -            437   7.5e-71  227.9   6.5   1   1   6.8e-71   9.5e-71  227.5   6.5   106   358     6   275     2   276 0.78 <unknown description>
41557at4893_1095631_0:00211d|contig_386:5811-6757|- -            309 41557                -            437   3.5e-53  169.6   3.3   1   2     1e-52   1.4e-52  167.6   1.8   219   388    12   187     4   210 0.80 <unknown description>
41557at4893_1095631_0:00211d|contig_386:5811-6757|- -            309 41557                -            437   3.5e-53  169.6   3.3   2   2     0.032     0.044    1.2   0.0   383   431   224   283   214   288 0.51 <unknown description>
#
# Program:         hmmsearch
# Version:         3.4 (Aug 2023)
# Pipeline mode:   SEARCH
# Query file:      /data/busco_downloads/lineages/saccharomycetaceae_odb12/hmms/41557at4893.hmm
# Target file:     outputs/busco_output/run_saccharomycetaceae_odb12/miniprot_output/translated_proteins/41557at4893.faa
# Option settings: hmmsearch --domtblout outputs/busco_output/run_saccharomycetaceae_odb12/hmmer_output/41557at4893.out --cpu 1 /data/busco_downloads/lineages/saccharomycetaceae_odb12/hmms/41557at4893.hmm outputs/busco_output/run_saccharomycetaceae_odb12/miniprot_output/translated_proteins/41557at4893.faa 
# Current dir:     /data
# Date:            Thu Sep 24 16:32:38 2026
# [ok]
