#                                                                                                           --- full sequence --- -------------- this domain -------------   hmm coord   ali coord   env coord
# target name                                       accession   tlen query name           accession   qlen   E-value  score  bias   #  of  c-Evalue  i-Evalue  score  bias  from    to  from    to  from    to  acc description of target
#                               ------------------- ---------- ----- -------------------- ---------- ----- --------- ------ ----- --- --- --------- --------- ------ ----- ----- ----- ----- ----- ----- ----- ---- ---------------------
41817at4893_4950_0:000b1f|contig_5:31408-31935|-    -            174 41817                -            170   1.3e-48  153.4  14.0   1   2      0.15      0.15    0.3   0.9    54    68    18    32     4    45 0.42 <unknown description>
41817at4893_4950_0:000b1f|contig_5:31408-31935|-    -            174 41817                -            170   1.3e-48  153.4  14.0   2   2   2.6e-48   2.6e-48  152.4  12.5    37   160    47   171    19   174 0.83 <unknown description>
41817at4893_4932_0:000cd4|contig_5:31300-32524|-    -            399 41817                -            170   3.2e-48  152.1  20.4   1   3   1.3e-05   1.3e-05   13.5   0.4     9    77    33   100    24   122 0.71 <unknown description>
41817at4893_4932_0:000cd4|contig_5:31300-32524|-    -            399 41817                -            170   3.2e-48  152.1  20.4   2   3         4         4  -14.1  19.3    37    37   193   193   109   242 0.60 <unknown description>
41817at4893_4932_0:000cd4|contig_5:31300-32524|-    -            399 41817                -            170   3.2e-48  152.1  20.4   3   3   9.9e-48   9.9e-48  150.5  13.9    43   167   242   368   235   371 0.85 <unknown description>
41817at4893_1071381_0:000403|contig_5:31339-31719|- -            125 41817                -            170   4.3e-48  151.7   6.7   1   1   4.3e-48   4.3e-48  151.7   6.7    64   164     2   103     1   109 0.92 <unknown description>
41817at4893_1071380_0:000fd8|contig_5:31432-31719|- -             94 41817                -            170     2e-47  149.5   6.1   1   1   2.1e-47   2.1e-47  149.4   6.1    64   154     2    93     1    94 0.94 <unknown description>
#
# Program:         hmmsearch
# Version:         3.4 (Aug 2023)
# Pipeline mode:   SEARCH
# Query file:      /data/busco_downloads/lineages/saccharomycetaceae_odb12/hmms/41817at4893.hmm
# Target file:     outputs/busco_output/run_saccharomycetaceae_odb12/miniprot_output/translated_proteins/41817at4893.faa
# Option settings: hmmsearch --domtblout outputs/busco_output/run_saccharomycetaceae_odb12/hmmer_output/41817at4893.out --cpu 1 /data/busco_downloads/lineages/saccharomycetaceae_odb12/hmms/41817at4893.hmm outputs/busco_output/run_saccharomycetaceae_odb12/miniprot_output/translated_proteins/41817at4893.faa 
# Current dir:     /data
# Date:            Thu Sep 24 16:32:28 2026
# [ok]
