#                                                                                                            --- full sequence --- -------------- this domain -------------   hmm coord   ali coord   env coord
# target name                                        accession   tlen query name           accession   qlen   E-value  score  bias   #  of  c-Evalue  i-Evalue  score  bias  from    to  from    to  from    to  acc description of target
#                                ------------------- ---------- ----- -------------------- ---------- ----- --------- ------ ----- --- --- --------- --------- ------ ----- ----- ----- ----- ----- ----- ----- ---- ---------------------
41952at4893_764097_0:000522|contig_57:42024-44475|-  -            796 41952                -            494  9.7e-118  382.3  16.0   1   5   3.4e-82   3.4e-82  265.0   1.4     4   293    42   360    39   367 0.82 <unknown description>
41952at4893_764097_0:000522|contig_57:42024-44475|-  -            796 41952                -            494  9.7e-118  382.3  16.0   2   5   1.5e-08   1.5e-08   22.1   0.0   292   328   382   418   373   443 0.85 <unknown description>
41952at4893_764097_0:000522|contig_57:42024-44475|-  -            796 41952                -            494  9.7e-118  382.3  16.0   3   5   8.6e-32   8.6e-32   98.8   0.9   362   460   549   652   527   675 0.84 <unknown description>
41952at4893_764097_0:000522|contig_57:42024-44475|-  -            796 41952                -            494  9.7e-118  382.3  16.0   4   5    0.0045    0.0045    4.0   0.3   469   491   684   706   678   710 0.80 <unknown description>
41952at4893_764097_0:000522|contig_57:42024-44475|-  -            796 41952                -            494  9.7e-118  382.3  16.0   5   5      0.98      0.98   -3.7   0.0   293   345   720   774   711   779 0.72 <unknown description>
41952at4893_42260_0:000b6e|contig_57:42484-44398|-   -            629 41952                -            494  2.9e-104  337.8   8.5   1   3   8.9e-77   8.9e-77  247.2   2.9     4   293    17   339    14   345 0.83 <unknown description>
41952at4893_42260_0:000b6e|contig_57:42484-44398|-   -            629 41952                -            494  2.9e-104  337.8   8.5   2   3   9.4e-05   9.4e-05    9.6   0.0   302   346   372   417   361   423 0.88 <unknown description>
41952at4893_42260_0:000b6e|contig_57:42484-44398|-   -            629 41952                -            494  2.9e-104  337.8   8.5   3   3   5.5e-27   5.5e-27   82.9   0.1   362   453   531   628   511   629 0.88 <unknown description>
41952at4893_4955_0:00134d|contig_57:43382-44398|-    -            334 41952                -            494   7.3e-75  240.9   2.9   1   1   8.7e-75   8.7e-75  240.6   2.9     4   287    17   333    14   334 0.82 <unknown description>
41952at4893_1071383_0:001289|contig_57:43579-44389|- -            269 41952                -            494   1.9e-43  137.2   2.2   1   1   2.3e-43   2.3e-43  137.0   2.2     4   231    14   268    11   269 0.78 <unknown description>
41952at4893_1071382_0:0004b8|contig_57:42484-42775|- -             96 41952                -            494   1.5e-32  101.2   0.2   1   1   1.7e-32   1.7e-32  101.1   0.2   364   453     1    95     1    96 0.88 <unknown description>
#
# Program:         hmmsearch
# Version:         3.4 (Aug 2023)
# Pipeline mode:   SEARCH
# Query file:      /data/busco_downloads/lineages/saccharomycetaceae_odb12/hmms/41952at4893.hmm
# Target file:     outputs/busco_output/run_saccharomycetaceae_odb12/miniprot_output/translated_proteins/41952at4893.faa
# Option settings: hmmsearch --domtblout outputs/busco_output/run_saccharomycetaceae_odb12/hmmer_output/41952at4893.out --cpu 1 /data/busco_downloads/lineages/saccharomycetaceae_odb12/hmms/41952at4893.hmm outputs/busco_output/run_saccharomycetaceae_odb12/miniprot_output/translated_proteins/41952at4893.faa 
# Current dir:     /data
# Date:            Thu Sep 24 16:32:29 2026
# [ok]
