#                                                                                                            --- full sequence --- -------------- this domain -------------   hmm coord   ali coord   env coord
# target name                                        accession   tlen query name           accession   qlen   E-value  score  bias   #  of  c-Evalue  i-Evalue  score  bias  from    to  from    to  from    to  acc description of target
#                                ------------------- ---------- ----- -------------------- ---------- ----- --------- ------ ----- --- --- --------- --------- ------ ----- ----- ----- ----- ----- ----- ----- ---- ---------------------
42077at4893_559292_0:00170d|contig_67:34364-38390|+  -           1315 42077                -            959  1.4e-129  421.9 111.9   1   5         5         5  -11.7  15.0    35   151    41   127     2   140 0.36 <unknown description>
42077at4893_559292_0:00170d|contig_67:34364-38390|+  -           1315 42077                -            959  1.4e-129  421.9 111.9   2   5   1.1e-05   1.1e-05   11.9   0.5    13    50   135   172   129   197 0.73 <unknown description>
42077at4893_559292_0:00170d|contig_67:34364-38390|+  -           1315 42077                -            959  1.4e-129  421.9 111.9   3   5   4.8e-37   4.8e-37  115.7  51.1    52   294   295   546   250   553 0.67 <unknown description>
42077at4893_559292_0:00170d|contig_67:34364-38390|+  -           1315 42077                -            959  1.4e-129  421.9 111.9   4   5   3.8e-93   3.8e-93  301.4  14.8   280   795   579  1130   566  1143 0.81 <unknown description>
42077at4893_559292_0:00170d|contig_67:34364-38390|+  -           1315 42077                -            959  1.4e-129  421.9 111.9   5   5   1.5e-08   1.5e-08   21.4   1.7   838   934  1202  1313  1193  1315 0.70 <unknown description>
42077at4893_1654605_0:001322|contig_67:35346-37617|+ -            729 42077                -            959     5e-89  287.8  42.0   1   2   8.3e-26   8.3e-26   78.5  24.3    83   275     1   211     1   218 0.72 <unknown description>
42077at4893_1654605_0:001322|contig_67:35346-37617|+ -            729 42077                -            959     5e-89  287.8  42.0   2   2   1.8e-66   1.8e-66  213.1   9.7   279   744   261   728   253   729 0.80 <unknown description>
42077at4893_48254_0:00116c|contig_67:35304-36783|+   -            489 42077                -            959   8.6e-66  210.8  44.0   1   2   2.2e-28   2.2e-28   87.0  26.7    78   293    10   243     6   251 0.73 <unknown description>
42077at4893_48254_0:00116c|contig_67:35304-36783|+   -            489 42077                -            959   8.6e-66  210.8  44.0   2   2   9.4e-41   9.4e-41  128.0   9.3   280   480   277   481   255   489 0.84 <unknown description>
42077at4893_2792677_0:001095|contig_67:34772-36783|+ -            543 42077                -            959   2.3e-65  209.4  32.1   1   2   1.6e-28   1.6e-28   87.5  15.1    14   293     5   297     2   305 0.72 <unknown description>
42077at4893_2792677_0:001095|contig_67:34772-36783|+ -            543 42077                -            959   2.3e-65  209.4  32.1   2   2     1e-40     1e-40  127.8   9.0   280   480   331   535   317   543 0.84 <unknown description>
42077at4893_1427455_0:0008a1|contig_148:9011-9622|+  -            158 42077                -            959         5  -10.1  34.6   1   1         5         5  -10.5  34.3    27   133    52   157    26   158 0.51 <unknown description>
#
# Program:         hmmsearch
# Version:         3.4 (Aug 2023)
# Pipeline mode:   SEARCH
# Query file:      /data/busco_downloads/lineages/saccharomycetaceae_odb12/hmms/42077at4893.hmm
# Target file:     outputs/busco_output/run_saccharomycetaceae_odb12/miniprot_output/translated_proteins/42077at4893.faa
# Option settings: hmmsearch --domtblout outputs/busco_output/run_saccharomycetaceae_odb12/hmmer_output/42077at4893.out --cpu 1 /data/busco_downloads/lineages/saccharomycetaceae_odb12/hmms/42077at4893.hmm outputs/busco_output/run_saccharomycetaceae_odb12/miniprot_output/translated_proteins/42077at4893.faa 
# Current dir:     /data
# Date:            Thu Sep 24 16:32:31 2026
# [ok]
