#                                                                                                           --- full sequence --- -------------- this domain -------------   hmm coord   ali coord   env coord
# target name                                       accession   tlen query name           accession   qlen   E-value  score  bias   #  of  c-Evalue  i-Evalue  score  bias  from    to  from    to  from    to  acc description of target
#                               ------------------- ---------- ----- -------------------- ---------- ----- --------- ------ ----- --- --- --------- --------- ------ ----- ----- ----- ----- ----- ----- ----- ---- ---------------------
42122at4893_230603_0:001584|contig_344:4804-7909|+  -           1016 42122                -            969     1e-38  120.2  18.2   1   4    0.0073    0.0073    1.6   0.1    69   102     1    33     1    58 0.89 <unknown description>
42122at4893_230603_0:001584|contig_344:4804-7909|+  -           1016 42122                -            969     1e-38  120.2  18.2   2   4   1.9e-29   1.9e-29   89.5   3.4   243   574   178   539   135   590 0.72 <unknown description>
42122at4893_230603_0:001584|contig_344:4804-7909|+  -           1016 42122                -            969     1e-38  120.2  18.2   3   4   5.1e-13   5.1e-13   35.2   2.7   662   815   671   825   638   837 0.78 <unknown description>
42122at4893_230603_0:001584|contig_344:4804-7909|+  -           1016 42122                -            969     1e-38  120.2  18.2   4   4     0.055     0.055   -1.4   0.0   843   868   889   914   880   951 0.75 <unknown description>
42122at4893_27292_0:0029a4|contig_344:5346-7582|+   -            733 42122                -            969   2.3e-36  112.5  11.0   1   2   1.6e-26   1.6e-26   79.8   1.8   244   575     2   363     1   417 0.71 <unknown description>
42122at4893_27292_0:0029a4|contig_344:5346-7582|+   -            733 42122                -            969   2.3e-36  112.5  11.0   2   2   2.1e-13   2.1e-13   36.5   2.1   662   815   494   648   460   660 0.78 <unknown description>
42122at4893_1095631_0:001125|contig_344:4260-8419|+ -           1354 42122                -            969   5.4e-35  107.9  16.3   1   5      0.27      0.27   -3.6   0.0     7    28    73    94    70    98 0.84 <unknown description>
42122at4893_1095631_0:001125|contig_344:4260-8419|+ -           1354 42122                -            969   5.4e-35  107.9  16.3   2   5    0.0033    0.0033    2.7   0.0    68   102   175   208   145   234 0.83 <unknown description>
42122at4893_1095631_0:001125|contig_344:4260-8419|+ -           1354 42122                -            969   5.4e-35  107.9  16.3   3   5   1.2e-25   1.2e-25   77.0   1.5   243   542   353   682   309   728 0.69 <unknown description>
42122at4893_1095631_0:001125|contig_344:4260-8419|+ -           1354 42122                -            969   5.4e-35  107.9  16.3   4   5   9.7e-13   9.7e-13   34.2   2.0   670   815   850   996   812  1008 0.72 <unknown description>
42122at4893_1095631_0:001125|contig_344:4260-8419|+ -           1354 42122                -            969   5.4e-35  107.9  16.3   5   5     0.037     0.037   -0.8   0.0   843   878  1060  1096  1050  1122 0.77 <unknown description>
#
# Program:         hmmsearch
# Version:         3.4 (Aug 2023)
# Pipeline mode:   SEARCH
# Query file:      /data/busco_downloads/lineages/saccharomycetaceae_odb12/hmms/42122at4893.hmm
# Target file:     outputs/busco_output/run_saccharomycetaceae_odb12/miniprot_output/translated_proteins/42122at4893.faa
# Option settings: hmmsearch --domtblout outputs/busco_output/run_saccharomycetaceae_odb12/hmmer_output/42122at4893.out --cpu 1 /data/busco_downloads/lineages/saccharomycetaceae_odb12/hmms/42122at4893.hmm outputs/busco_output/run_saccharomycetaceae_odb12/miniprot_output/translated_proteins/42122at4893.faa 
# Current dir:     /data
# Date:            Thu Sep 24 16:32:32 2026
# [ok]
