#                                                                                                             --- full sequence --- -------------- this domain -------------   hmm coord   ali coord   env coord
# target name                                         accession   tlen query name           accession   qlen   E-value  score  bias   #  of  c-Evalue  i-Evalue  score  bias  from    to  from    to  from    to  acc description of target
#                                 ------------------- ---------- ----- -------------------- ---------- ----- --------- ------ ----- --- --- --------- --------- ------ ----- ----- ----- ----- ----- ----- ----- ---- ---------------------
42137at4893_1789683_0:00012f|contig_160:17458-23937|+ -             92 42137                -            236     0.002    7.9  37.9   1   1   0.00084    0.0022    7.8  37.9    92   162     9    80     2    92 0.24 <unknown description>
42137at4893_1072105_0:00118b|contig_70:1753-2294|-    -            139 42137                -            236      0.11    2.1  51.9   1   1     0.056      0.14    1.8  51.9    93   194     3   117     1   138 0.52 <unknown description>
42137at4893_27291_0:000de4|contig_70:1798-2216|-      -            106 42137                -            236      0.13    1.9  34.7   1   1     0.061      0.16    1.7  34.7   115   192     3    99     1   105 0.35 <unknown description>
42137at4893_4955_0:0008e9|contig_346:15227-15410|-    -             62 42137                -            236      0.38    0.4  60.8   1   1      0.16      0.42    0.3  60.8    94   147     2    57     1    62 0.35 <unknown description>
42137at4893_1071378_0:00147a|contig_286:4671-5009|+   -            113 42137                -            236      0.45    0.2  41.3   1   1      0.25      0.65   -0.3  41.3    95   180     3    98     1   113 0.35 <unknown description>
42137at4893_28985_0:000b2c|contig_425:30752-31714|-   -             53 42137                -            236       2.7   -2.4  49.1   1   1       1.2         3   -2.5  49.1    91   136     3    51     1    53 0.34 <unknown description>
42137at4893_1266667_0:000871|contig_70:1913-2294|-    -             86 42137                -            236       4.8   -3.2  47.3   1   1         2       5.3   -3.3  47.3    93   175     3    83     1    86 0.25 <unknown description>
#
# Program:         hmmsearch
# Version:         3.4 (Aug 2023)
# Pipeline mode:   SEARCH
# Query file:      /data/busco_downloads/lineages/saccharomycetaceae_odb12/hmms/42137at4893.hmm
# Target file:     outputs/busco_output/run_saccharomycetaceae_odb12/miniprot_output/translated_proteins/42137at4893.faa
# Option settings: hmmsearch --domtblout outputs/busco_output/run_saccharomycetaceae_odb12/hmmer_output/42137at4893.out --cpu 1 /data/busco_downloads/lineages/saccharomycetaceae_odb12/hmms/42137at4893.hmm outputs/busco_output/run_saccharomycetaceae_odb12/miniprot_output/translated_proteins/42137at4893.faa 
# Current dir:     /data
# Date:            Thu Sep 24 16:32:33 2026
# [ok]
