#                                                                                                            --- full sequence --- -------------- this domain -------------   hmm coord   ali coord   env coord
# target name                                        accession   tlen query name           accession   qlen   E-value  score  bias   #  of  c-Evalue  i-Evalue  score  bias  from    to  from    to  from    to  acc description of target
#                                ------------------- ---------- ----- -------------------- ---------- ----- --------- ------ ----- --- --- --------- --------- ------ ----- ----- ----- ----- ----- ----- ----- ---- ---------------------
4535at4893_1095631_0:000cd6|contig_184:10056-11623|- -            513 4535                 -            433  3.5e-104  337.1  34.7   1   2   1.2e-82   1.2e-82  266.1  27.7     6   375    19   432    15   435 0.83 <unknown description>
4535at4893_1095631_0:000cd6|contig_184:10056-11623|- -            513 4535                 -            433  3.5e-104  337.1  34.7   2   2   1.6e-23   1.6e-23   71.3   1.7   350   424   429   504   422   511 0.90 <unknown description>
4535at4893_1064592_0:0005f3|contig_184:10091-11317|- -            403 4535                 -            433   3.5e-90  291.0  16.6   1   2   6.7e-71   6.7e-71  227.4  10.7    65   373     1   331     1   335 0.87 <unknown description>
4535at4893_1064592_0:0005f3|contig_184:10091-11317|- -            403 4535                 -            433   3.5e-90  291.0  16.6   2   2   2.1e-22   2.1e-22   67.7   0.9   351   421   331   402   327   403 0.92 <unknown description>
4535at4893_764100_0:000b57|contig_184:10430-11623|-  -            391 4535                 -            433     2e-84  272.0  19.8   1   1     1e-82     1e-82  266.4  19.8     6   334    19   379    15   389 0.85 <unknown description>
4535at4893_42258_0:00056f|contig_184:9478-11314|-    -            459 4535                 -            433     3e-80  258.2  19.0   1   2   1.3e-61   1.3e-61  196.8  12.2    66   340     1   285     1   312 0.84 <unknown description>
4535at4893_42258_0:00056f|contig_184:9478-11314|-    -            459 4535                 -            433     3e-80  258.2  19.0   2   2   9.7e-22   9.7e-22   65.5   0.5   352   426   332   407   328   413 0.91 <unknown description>
#
# Program:         hmmsearch
# Version:         3.4 (Aug 2023)
# Pipeline mode:   SEARCH
# Query file:      /data/busco_downloads/lineages/saccharomycetaceae_odb12/hmms/4535at4893.hmm
# Target file:     outputs/busco_output/run_saccharomycetaceae_odb12/miniprot_output/translated_proteins/4535at4893.faa
# Option settings: hmmsearch --domtblout outputs/busco_output/run_saccharomycetaceae_odb12/hmmer_output/4535at4893.out --cpu 1 /data/busco_downloads/lineages/saccharomycetaceae_odb12/hmms/4535at4893.hmm outputs/busco_output/run_saccharomycetaceae_odb12/miniprot_output/translated_proteins/4535at4893.faa 
# Current dir:     /data
# Date:            Thu Sep 24 16:32:39 2026
# [ok]
