#                                                                                                            --- full sequence --- -------------- this domain -------------   hmm coord   ali coord   env coord
# target name                                        accession   tlen query name           accession   qlen   E-value  score  bias   #  of  c-Evalue  i-Evalue  score  bias  from    to  from    to  from    to  acc description of target
#                                ------------------- ---------- ----- -------------------- ---------- ----- --------- ------ ----- --- --- --------- --------- ------ ----- ----- ----- ----- ----- ----- ----- ---- ---------------------
5519at4893_1095631_0:0010b6|contig_155:16183-17067|- -            289 5519                 -            267   5.5e-48  152.3   1.7   1   1     7e-48     7e-48  152.0   1.7     3   266    16   287    14   288 0.77 <unknown description>
5519at4893_1064592_0:00076b|contig_155:16204-16866|- -            216 5519                 -            267   2.5e-42  133.8   0.1   1   1   2.9e-42   2.9e-42  133.6   0.1    51   260     1   215     1   216 0.81 <unknown description>
5519at4893_34358_0:001118|contig_155:16372-16866|-   -            163 5519                 -            267   2.2e-39  124.2   0.0   1   1   2.6e-39   2.6e-39  123.9   0.0    51   204     1   162     1   163 0.89 <unknown description>
5519at4893_1071382_0:000753|contig_155:16177-16725|- -            180 5519                 -            267     5e-37  116.4   0.0   1   1   5.8e-37   5.8e-37  116.2   0.0    91   266     2   176     1   177 0.82 <unknown description>
5519at4893_1266667_0:000c7b|contig_155:16372-16728|- -            117 5519                 -            267   1.2e-35  111.9   0.0   1   1   1.3e-35   1.3e-35  111.7   0.0    90   204     2   116     1   117 0.93 <unknown description>
5519at4893_764102_0:000c46|contig_155:16443-17067|-  -            204 5519                 -            267   8.9e-31   95.9   6.2   1   1   1.2e-30   1.2e-30   95.4   6.2     3   171    16   194    14   199 0.73 <unknown description>
5519at4893_931890_0:000a12|contig_155:16665-16773|-  -             37 5519                 -            267   2.1e-11   32.4   0.1   1   1   2.1e-11   2.1e-11   32.4   0.1    80   109     7    36     1    37 0.87 <unknown description>
#
# Program:         hmmsearch
# Version:         3.4 (Aug 2023)
# Pipeline mode:   SEARCH
# Query file:      /data/busco_downloads/lineages/saccharomycetaceae_odb12/hmms/5519at4893.hmm
# Target file:     outputs/busco_output/run_saccharomycetaceae_odb12/miniprot_output/translated_proteins/5519at4893.faa
# Option settings: hmmsearch --domtblout outputs/busco_output/run_saccharomycetaceae_odb12/hmmer_output/5519at4893.out --cpu 1 /data/busco_downloads/lineages/saccharomycetaceae_odb12/hmms/5519at4893.hmm outputs/busco_output/run_saccharomycetaceae_odb12/miniprot_output/translated_proteins/5519at4893.faa 
# Current dir:     /data
# Date:            Thu Sep 24 16:32:39 2026
# [ok]
