#                                                                                                          --- full sequence --- -------------- this domain -------------   hmm coord   ali coord   env coord
# target name                                      accession   tlen query name           accession   qlen   E-value  score  bias   #  of  c-Evalue  i-Evalue  score  bias  from    to  from    to  from    to  acc description of target
#                              ------------------- ---------- ----- -------------------- ---------- ----- --------- ------ ----- --- --- --------- --------- ------ ----- ----- ----- ----- ----- ----- ----- ---- ---------------------
6136at4893_1095631_0:0002dc|contig_394:7182-9190|- -            658 6136                 -            572  3.2e-172  561.8  37.1   1   2   3.8e-72   3.8e-72  231.4   0.0     2   169     7   188     6   200 0.87 <unknown description>
6136at4893_1095631_0:0002dc|contig_394:7182-9190|- -            658 6136                 -            572  3.2e-172  561.8  37.1   2   2  8.7e-101  8.7e-101  326.0  35.8   160   572   202   655   197   655 0.83 <unknown description>
6136at4893_34358_0:0008ff|contig_394:7607-9175|-   -            482 6136                 -            572  4.1e-138  449.2  20.6   1   3   5.9e-72   5.9e-72  230.8   0.0     2   169     2   183     1   196 0.87 <unknown description>
6136at4893_34358_0:0008ff|contig_394:7607-9175|-   -            482 6136                 -            572  4.1e-138  449.2  20.6   2   3   6.5e-40   6.5e-40  125.0   2.6   160   264   197   302   192   309 0.92 <unknown description>
6136at4893_34358_0:0008ff|contig_394:7607-9175|-   -            482 6136                 -            572  4.1e-138  449.2  20.6   3   3   4.2e-32   4.2e-32   99.2   8.7   314   447   343   475   318   481 0.92 <unknown description>
6136at4893_1230905_0:000598|contig_394:8284-9147|- -            286 6136                 -            572  2.5e-104  337.7   3.8   1   2   3.4e-67   3.4e-67  215.0   0.0    10   169     1   174     1   185 0.87 <unknown description>
6136at4893_1230905_0:000598|contig_394:8284-9147|- -            286 6136                 -            572  2.5e-104  337.7   3.8   2   2   3.2e-39   3.2e-39  122.7   1.9   160   256   188   285   181   286 0.94 <unknown description>
#
# Program:         hmmsearch
# Version:         3.4 (Aug 2023)
# Pipeline mode:   SEARCH
# Query file:      /data/busco_downloads/lineages/saccharomycetaceae_odb12/hmms/6136at4893.hmm
# Target file:     outputs/busco_output/run_saccharomycetaceae_odb12/miniprot_output/translated_proteins/6136at4893.faa
# Option settings: hmmsearch --domtblout outputs/busco_output/run_saccharomycetaceae_odb12/hmmer_output/6136at4893.out --cpu 1 /data/busco_downloads/lineages/saccharomycetaceae_odb12/hmms/6136at4893.hmm outputs/busco_output/run_saccharomycetaceae_odb12/miniprot_output/translated_proteins/6136at4893.faa 
# Current dir:     /data
# Date:            Thu Sep 24 16:32:33 2026
# [ok]
