#                                                                                                           --- full sequence --- -------------- this domain -------------   hmm coord   ali coord   env coord
# target name                                       accession   tlen query name           accession   qlen   E-value  score  bias   #  of  c-Evalue  i-Evalue  score  bias  from    to  from    to  from    to  acc description of target
#                               ------------------- ---------- ----- -------------------- ---------- ----- --------- ------ ----- --- --- --------- --------- ------ ----- ----- ----- ----- ----- ----- ----- ---- ---------------------
6337at4893_1095631_0:0010ce|contig_346:7733-9763|-  -            660 6337                 -            559   2.1e-71  228.9  25.1   1   2   4.8e-17   4.8e-17   49.5   0.1    10   131    12   149    11   149 0.80 <unknown description>
6337at4893_1095631_0:0010ce|contig_346:7733-9763|-  -            660 6337                 -            559   2.1e-71  228.9  25.1   2   2   4.4e-54   4.4e-54  171.7  21.4   174   553   224   651   207   657 0.74 <unknown description>
6337at4893_1095631_0:0010ce|contig_412:7954-10014|+ -            671 6337                 -            559   1.2e-69  223.0  30.8   1   3   1.5e-39   1.5e-39  123.7  11.2     3   298     3   354     1   363 0.77 <unknown description>
6337at4893_1095631_0:0010ce|contig_412:7954-10014|+ -            671 6337                 -            559   1.2e-69  223.0  30.8   2   3   6.2e-12   6.2e-12   32.6   2.9   287   387   362   465   353   473 0.80 <unknown description>
6337at4893_1095631_0:0010ce|contig_412:7954-10014|+ -            671 6337                 -            559   1.2e-69  223.0  30.8   3   3   2.8e-24   2.8e-24   73.3   1.5   421   558   534   667   518   668 0.87 <unknown description>
6337at4893_764102_0:000c6a|contig_346:8522-9763|-   -            406 6337                 -            559   3.7e-37  115.8  10.6   1   2     2e-17     2e-17   50.7   0.1    10   131    12   149    11   149 0.80 <unknown description>
6337at4893_764102_0:000c6a|contig_346:8522-9763|-   -            406 6337                 -            559   3.7e-37  115.8  10.6   2   2   1.3e-21   1.3e-21   64.5   6.9   174   326   224   401   207   406 0.74 <unknown description>
#
# Program:         hmmsearch
# Version:         3.4 (Aug 2023)
# Pipeline mode:   SEARCH
# Query file:      /data/busco_downloads/lineages/saccharomycetaceae_odb12/hmms/6337at4893.hmm
# Target file:     outputs/busco_output/run_saccharomycetaceae_odb12/miniprot_output/translated_proteins/6337at4893.faa
# Option settings: hmmsearch --domtblout outputs/busco_output/run_saccharomycetaceae_odb12/hmmer_output/6337at4893.out --cpu 1 /data/busco_downloads/lineages/saccharomycetaceae_odb12/hmms/6337at4893.hmm outputs/busco_output/run_saccharomycetaceae_odb12/miniprot_output/translated_proteins/6337at4893.faa 
# Current dir:     /data
# Date:            Thu Sep 24 16:32:36 2026
# [ok]
