#                                                                                                            --- full sequence --- -------------- this domain -------------   hmm coord   ali coord   env coord
# target name                                        accession   tlen query name           accession   qlen   E-value  score  bias   #  of  c-Evalue  i-Evalue  score  bias  from    to  from    to  from    to  acc description of target
#                                ------------------- ---------- ----- -------------------- ---------- ----- --------- ------ ----- --- --- --------- --------- ------ ----- ----- ----- ----- ----- ----- ----- ---- ---------------------
6426at4893_1095631_0:001194|contig_310:12600-13792|+ -            389 6426                 -            252   4.9e-56  178.9  25.3   1   2   6.7e-55   6.7e-55  175.2  10.9    55   213   100   268    37   275 0.76 <unknown description>
6426at4893_1095631_0:001194|contig_310:12600-13792|+ -            389 6426                 -            252   4.9e-56  178.9  25.3   2   2    0.0065    0.0065    4.9  10.7   166   248   266   348   257   351 0.67 <unknown description>
6426at4893_1064592_0:00159a|contig_310:12854-13299|+ -            146 6426                 -            252   1.7e-52  167.3   0.3   1   1   1.9e-52   1.9e-52  167.1   0.3    74   175    46   146     4   146 0.94 <unknown description>
6426at4893_4955_0:000367|contig_310:13021-13401|+    -            125 6426                 -            252   1.1e-51  164.7   0.3   1   1   1.1e-51   1.1e-51  164.7   0.3    84   186     1   104     1   125 0.86 <unknown description>
6426at4893_4956_0:002056|contig_310:13018-13264|+    -             81 6426                 -            252   6.6e-46  145.7   0.0   1   1   7.2e-46   7.2e-46  145.6   0.0    83   163     1    80     1    81 0.97 <unknown description>
6426at4893_42260_0:00121e|contig_310:12966-13323|+   -            118 6426                 -            252   1.5e-44  141.3   0.1   1   1   1.7e-44   1.7e-44  141.1   0.1    95   176    31   111    28   118 0.92 <unknown description>
6426at4893_45286_0:000e89|contig_310:13021-13214|+   -             64 6426                 -            252   2.3e-39  124.3   0.1   1   1   2.5e-39   2.5e-39  124.2   0.1    84   147     1    64     1    64 0.99 <unknown description>
6426at4893_34358_0:001127|contig_310:13047-13158|+   -             38 6426                 -            252   3.3e-24   74.7   0.2   1   1   3.3e-24   3.3e-24   74.7   0.2    95   128     4    37     1    38 0.96 <unknown description>
#
# Program:         hmmsearch
# Version:         3.4 (Aug 2023)
# Pipeline mode:   SEARCH
# Query file:      /data/busco_downloads/lineages/saccharomycetaceae_odb12/hmms/6426at4893.hmm
# Target file:     outputs/busco_output/run_saccharomycetaceae_odb12/miniprot_output/translated_proteins/6426at4893.faa
# Option settings: hmmsearch --domtblout outputs/busco_output/run_saccharomycetaceae_odb12/hmmer_output/6426at4893.out --cpu 1 /data/busco_downloads/lineages/saccharomycetaceae_odb12/hmms/6426at4893.hmm outputs/busco_output/run_saccharomycetaceae_odb12/miniprot_output/translated_proteins/6426at4893.faa 
# Current dir:     /data
# Date:            Thu Sep 24 16:32:37 2026
# [ok]
