#                                                                                                          --- full sequence --- -------------- this domain -------------   hmm coord   ali coord   env coord
# target name                                      accession   tlen query name           accession   qlen   E-value  score  bias   #  of  c-Evalue  i-Evalue  score  bias  from    to  from    to  from    to  acc description of target
#                              ------------------- ---------- ----- -------------------- ---------- ----- --------- ------ ----- --- --- --------- --------- ------ ----- ----- ----- ----- ----- ----- ----- ---- ---------------------
6649at4893_1095631_0:000a39|contig_5:34581-37821|+ -           1053 6649                 -           1035  2.9e-306 1007.4   4.3   1   1  3.3e-306  3.3e-306 1007.2   4.3     2  1035     2  1052     1  1052 0.88 <unknown description>
6649at4893_1230904_0:000b25|contig_5:34712-37246|+ -            702 6649                 -           1035  5.1e-203  665.6   3.5   1   3   5.5e-45   5.5e-45  142.4   0.1    55   197    18   161     2   169 0.89 <unknown description>
6649at4893_1230904_0:000b25|contig_5:34712-37246|+ -            702 6649                 -           1035  5.1e-203  665.6   3.5   2   3   8.4e-22   8.4e-22   65.7   0.9   341   523   221   408   212   411 0.72 <unknown description>
6649at4893_1230904_0:000b25|contig_5:34712-37246|+ -            702 6649                 -           1035  5.1e-203  665.6   3.5   3   3  4.8e-141  4.8e-141  460.4   0.0   550   848   399   701   398   701 0.92 <unknown description>
6649at4893_1071378_0:00094d|contig_5:36532-37821|+ -            422 6649                 -           1035  3.9e-166  543.5   0.1   1   1  7.9e-166  7.9e-166  542.5   0.1   614  1035     1   421     1   421 0.89 <unknown description>
6649at4893_1071382_0:000c05|contig_5:36153-37266|+ -            328 6649                 -           1035  9.1e-162  529.0   0.4   1   2   3.1e-08   3.1e-08   20.8   0.1   495   523     1    29     1    31 0.91 <unknown description>
6649at4893_1071382_0:000c05|contig_5:36153-37266|+ -            328 6649                 -           1035  9.1e-162  529.0   0.4   2   2  1.4e-155  1.4e-155  508.6   0.0   556   854    28   327    25   327 0.96 <unknown description>
6649at4893_27294_0:00048c|contig_5:36403-37266|+   -            281 6649                 -           1035  2.8e-155  507.6   0.0   1   1  3.1e-155  3.1e-155  507.4   0.0   575   854     1   280     1   280 0.95 <unknown description>
6649at4893_45286_0:000da2|contig_5:36792-37266|+   -            155 6649                 -           1035    5e-117  380.9   0.3   1   1  5.5e-117  5.5e-117  380.8   0.3   699   854     1   154     1   154 0.98 <unknown description>
6649at4893_764097_0:0007b7|contig_5:34581-36332|+  -            573 6649                 -           1035  2.8e-101  328.8   7.5   1   1  3.3e-101  3.3e-101  328.6   7.5     2   541     2   559     1   570 0.83 <unknown description>
#
# Program:         hmmsearch
# Version:         3.4 (Aug 2023)
# Pipeline mode:   SEARCH
# Query file:      /data/busco_downloads/lineages/saccharomycetaceae_odb12/hmms/6649at4893.hmm
# Target file:     outputs/busco_output/run_saccharomycetaceae_odb12/miniprot_output/translated_proteins/6649at4893.faa
# Option settings: hmmsearch --domtblout outputs/busco_output/run_saccharomycetaceae_odb12/hmmer_output/6649at4893.out --cpu 1 /data/busco_downloads/lineages/saccharomycetaceae_odb12/hmms/6649at4893.hmm outputs/busco_output/run_saccharomycetaceae_odb12/miniprot_output/translated_proteins/6649at4893.faa 
# Current dir:     /data
# Date:            Thu Sep 24 16:32:39 2026
# [ok]
