#                                                                                                       --- full sequence --- -------------- this domain -------------   hmm coord   ali coord   env coord
# target name                                   accession   tlen query name           accession   qlen   E-value  score  bias   #  of  c-Evalue  i-Evalue  score  bias  from    to  from    to  from    to  acc description of target
#                           ------------------- ---------- ----- -------------------- ---------- ----- --------- ------ ----- --- --- --------- --------- ------ ----- ----- ----- ----- ----- ----- ----- ---- ---------------------
6729at4893_764097_0:0001fe|contig_35:43-688|+   -            213 6729                 -            171     1e-40  128.8   4.7   1   1   2.4e-40   2.4e-40  127.6   4.7     1   170     2   193     2   194 0.80 <unknown description>
6729at4893_42260_0:000a74|contig_35:43-548|+    -            168 6729                 -            171   8.8e-39  122.5   2.4   1   1     1e-38     1e-38  122.3   2.4     1   151     2   163     2   168 0.86 <unknown description>
6729at4893_1071378_0:000592|contig_35:149-557|+ -            136 6729                 -            171   6.5e-35  109.9   5.7   1   1     7e-35     7e-35  109.8   5.7    31   154     2   131     1   136 0.88 <unknown description>
6729at4893_1064592_0:00079e|contig_35:43-426|+  -            128 6729                 -            171   1.4e-32  102.3   1.1   1   1   1.7e-32   1.7e-32  102.0   1.1     1   116     2   127     2   128 0.86 <unknown description>
6729at4893_61262_0:000205|contig_35:228-518|+   -             97 6729                 -            171   5.6e-31   97.1   3.3   1   1   5.9e-31   5.9e-31   97.0   3.3    55   145     4    96     1    97 0.90 <unknown description>
6729at4893_45286_0:000c76|contig_35:240-389|+   -             50 6729                 -            171     1e-25   79.9   2.7   1   1   1.1e-25   1.1e-25   79.8   2.7    56   105     1    49     1    50 0.97 <unknown description>
6729at4893_1230904_0:0012bc|contig_35:240-441|+ -             68 6729                 -            171   3.1e-25   78.4   2.2   1   1   3.2e-25   3.2e-25   78.3   2.2    56   119     1    65     1    68 0.90 <unknown description>
#
# Program:         hmmsearch
# Version:         3.4 (Aug 2023)
# Pipeline mode:   SEARCH
# Query file:      /data/busco_downloads/lineages/saccharomycetaceae_odb12/hmms/6729at4893.hmm
# Target file:     outputs/busco_output/run_saccharomycetaceae_odb12/miniprot_output/translated_proteins/6729at4893.faa
# Option settings: hmmsearch --domtblout outputs/busco_output/run_saccharomycetaceae_odb12/hmmer_output/6729at4893.out --cpu 1 /data/busco_downloads/lineages/saccharomycetaceae_odb12/hmms/6729at4893.hmm outputs/busco_output/run_saccharomycetaceae_odb12/miniprot_output/translated_proteins/6729at4893.faa 
# Current dir:     /data
# Date:            Thu Sep 24 16:32:39 2026
# [ok]
