#                                                                                                        --- full sequence --- -------------- this domain -------------   hmm coord   ali coord   env coord
# target name                                    accession   tlen query name           accession   qlen   E-value  score  bias   #  of  c-Evalue  i-Evalue  score  bias  from    to  from    to  from    to  acc description of target
#                            ------------------- ---------- ----- -------------------- ---------- ----- --------- ------ ----- --- --- --------- --------- ------ ----- ----- ----- ----- ----- ----- ----- ---- ---------------------
6815at4893_27291_0:00002f|contig_100:535-1428|-  -            292 6815                 -            243   2.7e-42  133.8   0.0   1   1   3.5e-40   3.5e-40  126.8   0.0    22   243    34   291    20   291 0.74 <unknown description>
6815at4893_559292_0:000027|contig_100:535-1241|- -            231 6815                 -            243   2.6e-38  120.8   0.2   1   2   0.00038   0.00038    8.9   0.1    51   114     4    71     1    81 0.63 <unknown description>
6815at4893_559292_0:000027|contig_100:535-1241|- -            231 6815                 -            243   2.6e-38  120.8   0.2   2   2   4.1e-35   4.1e-35  110.3   0.0   113   243    87   230    68   230 0.77 <unknown description>
6815at4893_5478_0:000792|contig_100:535-846|-    -            102 6815                 -            243     1e-32  102.4   0.0   1   1   1.1e-32   1.1e-32  102.3   0.0   147   243     5   101     1   101 0.90 <unknown description>
6815at4893_1064592_0:001529|contig_100:535-773|- -             78 6815                 -            243   3.9e-29   90.7   0.0   1   1   4.3e-29   4.3e-29   90.6   0.0   169   243     1    77     1    77 0.92 <unknown description>
6815at4893_1071378_0:0013c8|contig_100:587-813|- -             74 6815                 -            243   4.5e-29   90.5   0.0   1   1   4.8e-29   4.8e-29   90.4   0.0   154   227     1    72     1    74 0.94 <unknown description>
6815at4893_27294_0:00024c|contig_100:596-767|-   -             56 6815                 -            243     1e-24   76.2   0.0   1   1   1.1e-24   1.1e-24   76.1   0.0   171   225     1    55     1    56 0.96 <unknown description>
6815at4893_34358_0:000816|contig_100:722-813|-   -             31 6815                 -            243   5.8e-13   37.7   0.7   1   1   5.9e-13   5.9e-13   37.7   0.7   154   185     1    30     1    31 0.95 <unknown description>
#
# Program:         hmmsearch
# Version:         3.4 (Aug 2023)
# Pipeline mode:   SEARCH
# Query file:      /data/busco_downloads/lineages/saccharomycetaceae_odb12/hmms/6815at4893.hmm
# Target file:     outputs/busco_output/run_saccharomycetaceae_odb12/miniprot_output/translated_proteins/6815at4893.faa
# Option settings: hmmsearch --domtblout outputs/busco_output/run_saccharomycetaceae_odb12/hmmer_output/6815at4893.out --cpu 1 /data/busco_downloads/lineages/saccharomycetaceae_odb12/hmms/6815at4893.hmm outputs/busco_output/run_saccharomycetaceae_odb12/miniprot_output/translated_proteins/6815at4893.faa 
# Current dir:     /data
# Date:            Thu Sep 24 16:32:28 2026
# [ok]
