#                                                                                                        --- full sequence --- -------------- this domain -------------   hmm coord   ali coord   env coord
# target name                                    accession   tlen query name           accession   qlen   E-value  score  bias   #  of  c-Evalue  i-Evalue  score  bias  from    to  from    to  from    to  acc description of target
#                            ------------------- ---------- ----- -------------------- ---------- ----- --------- ------ ----- --- --- --------- --------- ------ ----- ----- ----- ----- ----- ----- ----- ---- ---------------------
7458at4893_559292_0:000ce9|contig_61:5169-9656|+ -           1467 7458                 -           1011   2.9e-60  192.4  15.8   1   5    0.0047    0.0047    3.0   0.0    17    91    32   106    27   115 0.80 <unknown description>
7458at4893_559292_0:000ce9|contig_61:5169-9656|+ -           1467 7458                 -           1011   2.9e-60  192.4  15.8   2   5   2.7e-33   2.7e-33  103.2   1.7   140   421   188   491   150   541 0.72 <unknown description>
7458at4893_559292_0:000ce9|contig_61:5169-9656|+ -           1467 7458                 -           1011   2.9e-60  192.4  15.8   3   5     0.012     0.012    1.7   0.8   409   512   595   701   580   748 0.69 <unknown description>
7458at4893_559292_0:000ce9|contig_61:5169-9656|+ -           1467 7458                 -           1011   2.9e-60  192.4  15.8   4   5     6e-26     6e-26   78.8   0.0   686   873  1088  1291  1080  1324 0.73 <unknown description>
7458at4893_559292_0:000ce9|contig_61:5169-9656|+ -           1467 7458                 -           1011   2.9e-60  192.4  15.8   5   5   3.8e-05   3.8e-05    9.9   0.6   875   990  1343  1460  1321  1466 0.71 <unknown description>
7458at4893_931890_0:000f1f|contig_61:5738-6513|+ -            225 7458                 -           1011   4.1e-36  112.5   0.9   1   1   3.5e-35   3.5e-35  109.4   0.9   140   379     1   224     1   225 0.82 <unknown description>
7458at4893_27292_0:000b8e|contig_61:6313-9656|+  -           1092 7458                 -           1011     7e-33  101.8   8.5   1   3   1.6e-06   1.6e-06   14.5   0.7   343   422    32   116    30   166 0.63 <unknown description>
7458at4893_27292_0:000b8e|contig_61:6313-9656|+  -           1092 7458                 -           1011     7e-33  101.8   8.5   2   3   3.9e-26   3.9e-26   79.4   0.0   686   873   713   916   706   949 0.73 <unknown description>
7458at4893_27292_0:000b8e|contig_61:6313-9656|+  -           1092 7458                 -           1011     7e-33  101.8   8.5   3   3   2.7e-05   2.7e-05   10.5   0.7   876   990   969  1085   947  1091 0.71 <unknown description>
7458at4893_27292_0:002107|contig_61:5738-8678|+  -            968 7458                 -           1011   1.3e-32  100.8   2.8   1   2   6.7e-32   6.7e-32   98.5   0.9   140   391     1   266     1   285 0.77 <unknown description>
7458at4893_27292_0:002107|contig_61:5738-8678|+  -            968 7458                 -           1011   1.3e-32  100.8   2.8   2   2     0.094     0.094   -1.3   0.0   459   489   463   493   405   502 0.68 <unknown description>
#
# Program:         hmmsearch
# Version:         3.4 (Aug 2023)
# Pipeline mode:   SEARCH
# Query file:      /data/busco_downloads/lineages/saccharomycetaceae_odb12/hmms/7458at4893.hmm
# Target file:     outputs/busco_output/run_saccharomycetaceae_odb12/miniprot_output/translated_proteins/7458at4893.faa
# Option settings: hmmsearch --domtblout outputs/busco_output/run_saccharomycetaceae_odb12/hmmer_output/7458at4893.out --cpu 1 /data/busco_downloads/lineages/saccharomycetaceae_odb12/hmms/7458at4893.hmm outputs/busco_output/run_saccharomycetaceae_odb12/miniprot_output/translated_proteins/7458at4893.faa 
# Current dir:     /data
# Date:            Thu Sep 24 16:32:35 2026
# [ok]
