#                                                                                                           --- full sequence --- -------------- this domain -------------   hmm coord   ali coord   env coord
# target name                                       accession   tlen query name           accession   qlen   E-value  score  bias   #  of  c-Evalue  i-Evalue  score  bias  from    to  from    to  from    to  acc description of target
#                               ------------------- ---------- ----- -------------------- ---------- ----- --------- ------ ----- --- --- --------- --------- ------ ----- ----- ----- ----- ----- ----- ----- ---- ---------------------
7810at4893_27292_0:000f86|contig_20:62349-63256|+   -            298 7810                 -            319     1e-37  118.4   0.5   1   2   0.00037   0.00037    8.1   0.0     2    42     2    44     1    62 0.73 <unknown description>
7810at4893_27292_0:000f86|contig_20:62349-63256|+   -            298 7810                 -            319     1e-37  118.4   0.5   2   2   1.4e-34   1.4e-34  108.0   1.0    45   217    81   261    64   294 0.83 <unknown description>
7810at4893_1095631_0:000d49|contig_20:62349-63569|+ -            397 7810                 -            319   5.2e-37  116.0  10.9   1   3   0.00055   0.00055    7.5   0.0     2    40     2    42     1    62 0.73 <unknown description>
7810at4893_1095631_0:000d49|contig_20:62349-63569|+ -            397 7810                 -            319   5.2e-37  116.0  10.9   2   3   2.5e-33   2.5e-33  103.9   3.8    45   216    81   260    64   288 0.84 <unknown description>
7810at4893_1095631_0:000d49|contig_20:62349-63569|+ -            397 7810                 -            319   5.2e-37  116.0  10.9   3   3   0.00075   0.00075    7.1   1.2   219   278   294   357   285   391 0.54 <unknown description>
7810at4893_559292_0:00117b|contig_20:62300-63933|+  -            531 7810                 -            319   2.7e-35  110.4  20.3   1   4   0.00082   0.00082    7.0   0.0     2    39    17    56    16    77 0.73 <unknown description>
7810at4893_559292_0:00117b|contig_20:62300-63933|+  -            531 7810                 -            319   2.7e-35  110.4  20.3   2   4   4.3e-33   4.3e-33  103.1   3.4    45   215    96   274    79   291 0.84 <unknown description>
7810at4893_559292_0:00117b|contig_20:62300-63933|+  -            531 7810                 -            319   2.7e-35  110.4  20.3   3   4    0.0055    0.0055    4.2   3.9   219   290   309   384   298   417 0.54 <unknown description>
7810at4893_559292_0:00117b|contig_20:62300-63933|+  -            531 7810                 -            319   2.7e-35  110.4  20.3   4   4     0.013     0.013    3.0   0.4   265   311   486   528   449   531 0.56 <unknown description>
7810at4893_764100_0:000a96|contig_20:62873-63933|+  -            345 7810                 -            319     5e-16   47.1  18.3   1   3   5.6e-16   5.6e-16   46.9   0.8   135   215     2    88     1   105 0.85 <unknown description>
7810at4893_764100_0:000a96|contig_20:62873-63933|+  -            345 7810                 -            319     5e-16   47.1  18.3   2   3    0.0049    0.0049    4.4   4.8   219   292   123   200   114   231 0.54 <unknown description>
7810at4893_764100_0:000a96|contig_20:62873-63933|+  -            345 7810                 -            319     5e-16   47.1  18.3   3   3    0.0063    0.0063    4.0   0.3   264   311   299   342   262   345 0.55 <unknown description>
#
# Program:         hmmsearch
# Version:         3.4 (Aug 2023)
# Pipeline mode:   SEARCH
# Query file:      /data/busco_downloads/lineages/saccharomycetaceae_odb12/hmms/7810at4893.hmm
# Target file:     outputs/busco_output/run_saccharomycetaceae_odb12/miniprot_output/translated_proteins/7810at4893.faa
# Option settings: hmmsearch --domtblout outputs/busco_output/run_saccharomycetaceae_odb12/hmmer_output/7810at4893.out --cpu 1 /data/busco_downloads/lineages/saccharomycetaceae_odb12/hmms/7810at4893.hmm outputs/busco_output/run_saccharomycetaceae_odb12/miniprot_output/translated_proteins/7810at4893.faa 
# Current dir:     /data
# Date:            Thu Sep 24 16:32:38 2026
# [ok]
