#                                                                                                            --- full sequence --- -------------- this domain -------------   hmm coord   ali coord   env coord
# target name                                        accession   tlen query name           accession   qlen   E-value  score  bias   #  of  c-Evalue  i-Evalue  score  bias  from    to  from    to  from    to  acc description of target
#                                ------------------- ---------- ----- -------------------- ---------- ----- --------- ------ ----- --- --- --------- --------- ------ ----- ----- ----- ----- ----- ----- ----- ---- ---------------------
7950at4893_1095631_0:000903|contig_121:17582-19509|- -            630 7950                 -            569   3.2e-60  192.2  40.8   1   3   2.9e-12   2.9e-12   33.8   0.6    85   247    50   221    20   240 0.82 <unknown description>
7950at4893_1095631_0:000903|contig_121:17582-19509|- -            630 7950                 -            569   3.2e-60  192.2  40.8   2   3   2.2e-12   2.2e-12   34.2  11.0   254   353   247   348   242   423 0.90 <unknown description>
7950at4893_1095631_0:000903|contig_121:17582-19509|- -            630 7950                 -            569   3.2e-60  192.2  40.8   3   3   8.5e-43   8.5e-43  134.6  14.9   411   568   461   628   434   629 0.85 <unknown description>
7950at4893_27292_0:000ac7|contig_121:17582-18259|-   -            222 7950                 -            569   1.6e-47  150.2  10.4   1   1   1.9e-47   1.9e-47  150.0  10.4   411   568    54   220    27   221 0.85 <unknown description>
7950at4893_1333698_0:000f30|contig_121:17582-17948|- -            121 7950                 -            569   3.6e-40  126.0  13.3   1   1   3.9e-40   3.9e-40  125.8  13.3   453   568     3   119     1   120 0.96 <unknown description>
7950at4893_764102_0:0006d3|contig_121:17807-18957|-  -            377 7950                 -            569   1.8e-21   64.2  19.9   1   2   2.1e-12   2.1e-12   34.3  12.6   254   353    68   169    64   263 0.85 <unknown description>
7950at4893_764102_0:0006d3|contig_121:17807-18957|-  -            377 7950                 -            569   1.8e-21   64.2  19.9   2   2   2.7e-12   2.7e-12   33.9   1.0   410   497   281   377   253   377 0.78 <unknown description>
#
# Program:         hmmsearch
# Version:         3.4 (Aug 2023)
# Pipeline mode:   SEARCH
# Query file:      /data/busco_downloads/lineages/saccharomycetaceae_odb12/hmms/7950at4893.hmm
# Target file:     outputs/busco_output/run_saccharomycetaceae_odb12/miniprot_output/translated_proteins/7950at4893.faa
# Option settings: hmmsearch --domtblout outputs/busco_output/run_saccharomycetaceae_odb12/hmmer_output/7950at4893.out --cpu 1 /data/busco_downloads/lineages/saccharomycetaceae_odb12/hmms/7950at4893.hmm outputs/busco_output/run_saccharomycetaceae_odb12/miniprot_output/translated_proteins/7950at4893.faa 
# Current dir:     /data
# Date:            Thu Sep 24 16:32:39 2026
# [ok]
