#                                                                                                            --- full sequence --- -------------- this domain -------------   hmm coord   ali coord   env coord
# target name                                        accession   tlen query name           accession   qlen   E-value  score  bias   #  of  c-Evalue  i-Evalue  score  bias  from    to  from    to  from    to  acc description of target
#                                ------------------- ---------- ----- -------------------- ---------- ----- --------- ------ ----- --- --- --------- --------- ------ ----- ----- ----- ----- ----- ----- ----- ---- ---------------------
8089at4893_1095631_0:001161|contig_135:28363-29026|+ -            218 8089                 -            246   1.1e-17   51.8  13.9   1   3   1.1e-17   1.1e-17   51.8   9.2    25   115    49   153    32   170 0.66 <unknown description>
8089at4893_1095631_0:001161|contig_135:28363-29026|+ -            218 8089                 -            246   1.1e-17   51.8  13.9   2   3     0.083     0.083   -0.2   1.6   224   235   158   169   143   191 0.52 <unknown description>
8089at4893_1095631_0:001161|contig_135:28363-29026|+ -            218 8089                 -            246   1.1e-17   51.8  13.9   3   3     0.029     0.029    1.2   0.1   116   136   195   215   176   217 0.81 <unknown description>
8089at4893_230603_0:0014fe|contig_135:28508-29026|+  -            170 8089                 -            246   5.2e-17   49.5  11.7   1   3   1.4e-16   1.4e-16   48.1   8.0    26   115     2   105     1   124 0.63 <unknown description>
8089at4893_230603_0:0014fe|contig_135:28508-29026|+  -            170 8089                 -            246   5.2e-17   49.5  11.7   2   3      0.03      0.03    1.2   1.0   225   235   111   121    91   148 0.57 <unknown description>
8089at4893_230603_0:0014fe|contig_135:28508-29026|+  -            170 8089                 -            246   5.2e-17   49.5  11.7   3   3      0.02      0.02    1.8   0.1   116   136   147   167   127   169 0.80 <unknown description>
8089at4893_34358_0:0007e4|contig_135:28514-28895|+   -            127 8089                 -            246   1.9e-13   37.9  14.9   1   1   3.2e-13   3.2e-13   37.1  13.6    27   110     1    97     1   120 0.75 <unknown description>
#
# Program:         hmmsearch
# Version:         3.4 (Aug 2023)
# Pipeline mode:   SEARCH
# Query file:      /data/busco_downloads/lineages/saccharomycetaceae_odb12/hmms/8089at4893.hmm
# Target file:     outputs/busco_output/run_saccharomycetaceae_odb12/miniprot_output/translated_proteins/8089at4893.faa
# Option settings: hmmsearch --domtblout outputs/busco_output/run_saccharomycetaceae_odb12/hmmer_output/8089at4893.out --cpu 1 /data/busco_downloads/lineages/saccharomycetaceae_odb12/hmms/8089at4893.hmm outputs/busco_output/run_saccharomycetaceae_odb12/miniprot_output/translated_proteins/8089at4893.faa 
# Current dir:     /data
# Date:            Thu Sep 24 16:32:29 2026
# [ok]
