#                                                                                                            --- full sequence --- -------------- this domain -------------   hmm coord   ali coord   env coord
# target name                                        accession   tlen query name           accession   qlen   E-value  score  bias   #  of  c-Evalue  i-Evalue  score  bias  from    to  from    to  from    to  acc description of target
#                                ------------------- ---------- ----- -------------------- ---------- ----- --------- ------ ----- --- --- --------- --------- ------ ----- ----- ----- ----- ----- ----- ----- ---- ---------------------
8336at4893_34358_0:001099|contig_146:14600-15204|+   -            174 8336                 -            198   7.2e-13   38.7  24.9   1   1   1.8e-11   5.3e-11   32.6  24.9    23   165    15   173     1   174 0.54 <unknown description>
8336at4893_27292_0:000c23|contig_146:14068-15204|+   -            374 8336                 -            198   7.7e-13   38.6   0.5   1   3         5        15   -5.2  30.5     3   125     8   140     6   154 0.56 <unknown description>
8336at4893_27292_0:000c23|contig_146:14068-15204|+   -            374 8336                 -            198   7.7e-13   38.6   0.5   2   3      0.28      0.84   -0.7  16.6    35    84   180   229   155   236 0.48 <unknown description>
8336at4893_27292_0:000c23|contig_146:14068-15204|+   -            374 8336                 -            198   7.7e-13   38.6   0.5   3   3   2.6e-13   7.7e-13   38.6   0.5   102   165   307   373   262   374 0.67 <unknown description>
8336at4893_4956_0:00250d|contig_146:15052-15204|+    -             51 8336                 -            198   1.3e-12   37.9   0.2   1   1   4.4e-13   1.3e-12   37.9   0.2   123   165     4    50     1    51 0.84 <unknown description>
8336at4893_226126_0:000d11|contig_346:15227-15482|-  -             86 8336                 -            198      0.04    3.7  51.8   1   1     0.017     0.051    3.3  51.8    20    82    19    81     6    85 0.34 <unknown description>
8336at4893_1095631_0:001b6c|contig_346:15236-15413|- -             60 8336                 -            198       4.3   -3.0  54.3   1   1       1.5       4.6   -3.1  54.3    27    82     3    58     1    60 0.36 <unknown description>
#
# Program:         hmmsearch
# Version:         3.4 (Aug 2023)
# Pipeline mode:   SEARCH
# Query file:      /data/busco_downloads/lineages/saccharomycetaceae_odb12/hmms/8336at4893.hmm
# Target file:     outputs/busco_output/run_saccharomycetaceae_odb12/miniprot_output/translated_proteins/8336at4893.faa
# Option settings: hmmsearch --domtblout outputs/busco_output/run_saccharomycetaceae_odb12/hmmer_output/8336at4893.out --cpu 1 /data/busco_downloads/lineages/saccharomycetaceae_odb12/hmms/8336at4893.hmm outputs/busco_output/run_saccharomycetaceae_odb12/miniprot_output/translated_proteins/8336at4893.faa 
# Current dir:     /data
# Date:            Thu Sep 24 16:32:31 2026
# [ok]
