#                                                                                                          --- full sequence --- -------------- this domain -------------   hmm coord   ali coord   env coord
# target name                                      accession   tlen query name           accession   qlen   E-value  score  bias   #  of  c-Evalue  i-Evalue  score  bias  from    to  from    to  from    to  acc description of target
#                              ------------------- ---------- ----- -------------------- ---------- ----- --------- ------ ----- --- --- --------- --------- ------ ----- ----- ----- ----- ----- ----- ----- ---- ---------------------
9070at4893_1095631_0:001179|contig_114:4684-6074|+ -            453 9070                 -            410     2e-75  242.7   8.1   1   1   3.1e-73   3.1e-73  235.5   8.1     2   409     3   450     2   451 0.77 <unknown description>
9070at4893_436907_0:0002cd|contig_114:5181-6068|+  -            290 9070                 -            410   6.9e-67  214.6   4.0   1   2   9.7e-55   9.7e-55  174.5   0.1   137   354     5   213     1   229 0.86 <unknown description>
9070at4893_436907_0:0002cd|contig_114:5181-6068|+  -            290 9070                 -            410   6.9e-67  214.6   4.0   2   2   3.4e-14   3.4e-14   41.0   1.2   359   409   238   289   232   290 0.92 <unknown description>
9070at4893_5478_0:0002b6|contig_114:5205-5824|+    -            203 9070                 -            410   9.4e-57  181.2   0.2   1   1   1.1e-56   1.1e-56  181.0   0.2   141   351     1   202     1   203 0.90 <unknown description>
9070at4893_42258_0:00083c|contig_114:4864-5824|+   -            316 9070                 -            410   9.6e-57  181.1   0.6   1   2     0.014     0.014    2.7   0.1    59   114     1    56     1    92 0.78 <unknown description>
9070at4893_42258_0:00083c|contig_114:4864-5824|+   -            316 9070                 -            410   9.6e-57  181.1   0.6   2   2   1.5e-55   1.5e-55  177.2   0.1   125   351    99   315    87   316 0.87 <unknown description>
9070at4893_45286_0:00039b|contig_82:23252-23913|+  -            218 9070                 -            410   2.1e-42  133.9   0.1   1   1   2.5e-42   2.5e-42  133.7   0.1   129   347     1   215     1   217 0.90 <unknown description>
#
# Program:         hmmsearch
# Version:         3.4 (Aug 2023)
# Pipeline mode:   SEARCH
# Query file:      /data/busco_downloads/lineages/saccharomycetaceae_odb12/hmms/9070at4893.hmm
# Target file:     outputs/busco_output/run_saccharomycetaceae_odb12/miniprot_output/translated_proteins/9070at4893.faa
# Option settings: hmmsearch --domtblout outputs/busco_output/run_saccharomycetaceae_odb12/hmmer_output/9070at4893.out --cpu 1 /data/busco_downloads/lineages/saccharomycetaceae_odb12/hmms/9070at4893.hmm outputs/busco_output/run_saccharomycetaceae_odb12/miniprot_output/translated_proteins/9070at4893.faa 
# Current dir:     /data
# Date:            Thu Sep 24 16:32:33 2026
# [ok]
