/usr/local/bin/quast.py outputs/medaka_round2/consensus.fasta -r data/S288C_UCSC.fna -g data/GCF_000146045.2_R64_genomic.gff -o outputs/quast_output

Version: 5.3.0

System information:
  OS: Linux-7.0.12-linuxkit-x86_64-with-glibc2.36 (linux_64)
  Python version: 3.13.1
  CPUs number: 8

Started: 2026-09-24 18:21:45

Logging to /data/outputs/quast_output/quast.log
NOTICE: Maximum number of threads is set to 2 (use --threads option to set it manually)

CWD: /data
Main parameters: 
  MODE: default, threads: 2, min contig length: 500, min alignment length: 65, min alignment IDY: 95.0, \
  ambiguity: one, min local misassembly length: 200, min extensive misassembly length: 1000

Reference:
  /data/data/S288C_UCSC.fna ==> S288C_UCSC

Contigs:
  Pre-processing...
  outputs/medaka_round2/consensus.fasta ==> consensus

2026-09-24 18:21:47
Running Basic statistics processor...
  Reference genome:
    S288C_UCSC.fna, length = 12157105, num fragments = 17, GC % = 38.15
  Contig files: 
    consensus
  Calculating N50 and L50...
    consensus, N50 = 28271, L50 = 121, auN = 32077.6, Total length = 10063190, GC % = 42.84, # N's per 100 kbp =  0.00
  Drawing Nx plot...
    saved to /data/outputs/quast_output/basic_stats/Nx_plot.pdf
  Drawing NGx plot...
    saved to /data/outputs/quast_output/basic_stats/NGx_plot.pdf
  Drawing cumulative plot...
    saved to /data/outputs/quast_output/basic_stats/cumulative_plot.pdf
  Drawing GC content plot...
    saved to /data/outputs/quast_output/basic_stats/GC_content_plot.pdf
  Drawing consensus GC content plot...
    saved to /data/outputs/quast_output/basic_stats/consensus_GC_content_plot.pdf
Done.

2026-09-24 18:21:49
Running Contig analyzer...
  consensus
  Logging to files /data/outputs/quast_output/contigs_reports/contigs_report_consensus.stdout and contigs_report_consensus.stderr...
  Aligning contigs to the reference
  /usr/local/bin/minimap2 -c -x asm10 -B5 -O4,16 --no-long-join -r 200 -N 50 -s 65 \
  -z 200 --mask-level 0.9 --min-occ 200 -g 2500 --score-N 2 --cs -t 2 outputs/quast_output/quast_corrected_input/S288C_UCSC.fna \
  outputs/quast_output/quast_corrected_input/consensus.fasta > outputs/quast_output/contigs_reports/minimap_output/consensus.coords_tmp \
  2>> outputs/quast_output/contigs_reports/contigs_report_consensus.stderr
  Analysis is finished.

  Creating total report...
    saved to /data/outputs/quast_output/contigs_reports/misassemblies_report.txt, misassemblies_report.tsv, and misassemblies_report.tex
  Transposed version of total report...
    saved to /data/outputs/quast_output/contigs_reports/transposed_report_misassemblies.txt, transposed_report_misassemblies.tsv, and transposed_report_misassemblies.tex
  Creating total report...
    saved to /data/outputs/quast_output/contigs_reports/unaligned_report.txt, unaligned_report.tsv, and unaligned_report.tex
  Drawing misassemblies by types plot...
    saved to /data/outputs/quast_output/contigs_reports/misassemblies_plot.pdf
  Drawing misassemblies FRCurve plot...
    saved to /data/outputs/quast_output/contigs_reports/misassemblies_frcurve_plot.pdf
Done.

2026-09-24 18:21:54
Running NA-NGA calculation...
  consensus, Largest alignment = 14528, NA50 = None, LA50 = None
  Drawing cumulative plot...
    saved to /data/outputs/quast_output/aligned_stats/cumulative_plot.pdf
  Drawing NAx plot...
    saved to /data/outputs/quast_output/aligned_stats/NAx_plot.pdf
  Drawing NGAx plot...
    saved to /data/outputs/quast_output/aligned_stats/NGAx_plot.pdf
Done.

2026-09-24 18:21:54
Running Genome analyzer...
  NOTICE: No file with operons were provided. Use the -O option if you want to specify it.
  Loaded 27135 genomic features of type "ANY"
  WARNING: Reference names in file with genomic features of type "ANY" do not match any chromosome. Check your genomic feature file(s).
  consensus
  Analysis is finished.
  Drawing genomic features cumulative plot...
    saved to /data/outputs/quast_output/genome_stats/features_cumulative_plot.pdf
  Drawing genomic features FRCurve plot...
    saved to /data/outputs/quast_output/genome_stats/features_frcurve_plot.pdf
  Skipping drawing # complete genomic features histogram... (less than 2 columns histogram makes no sense)
  Skipping drawing Genome fraction, % histogram... (less than 2 columns histogram makes no sense)
Done.

NOTICE: Genes are not predicted by default. Use --gene-finding or --glimmer option to enable it.

2026-09-24 18:21:57
Creating large visual summaries...
This may take a while: press Ctrl-C to skip this step..
  1 of 2: Creating PDF with all tables and plots...
  2 of 2: Creating Icarus viewers...
Done

2026-09-24 18:21:58
RESULTS:
  Text versions of total report are saved to /data/outputs/quast_output/report.txt, report.tsv, and report.tex
  Text versions of transposed total report are saved to /data/outputs/quast_output/transposed_report.txt, transposed_report.tsv, and transposed_report.tex
  HTML version (interactive tables and plots) is saved to /data/outputs/quast_output/report.html
  PDF version (tables and plots) is saved to /data/outputs/quast_output/report.pdf
  Icarus (contig browser) is saved to /data/outputs/quast_output/icarus.html
  Log is saved to /data/outputs/quast_output/quast.log

Finished: 2026-09-24 18:21:58
Elapsed time: 0:00:12.722662
NOTICEs: 3; WARNINGs: 1; non-fatal ERRORs: 0

Thank you for using QUAST!
